Archive member included to satisfy reference by file (symbol)

/home/ubuntu/tivaware/usblib/gcc/libusb.a(usbbuffer.o)
                              CMakeFiles/rgb_srv.axf.dir/rgb_led.cpp.obj (USBBufferInit)
/home/ubuntu/tivaware/usblib/gcc/libusb.a(usbdcdc.o)
                              CMakeFiles/rgb_srv.axf.dir/rgb_led.cpp.obj (USBDCDCInit)
/home/ubuntu/tivaware/usblib/gcc/libusb.a(usbdenum.o)
                              /home/ubuntu/tivaware/usblib/gcc/libusb.a(usbdcdc.o) (USBDCDDeviceInfoInit)
/home/ubuntu/tivaware/usblib/gcc/libusb.a(usbdhandler.o)
                              CMakeFiles/rgb_srv.axf.dir/rgb_led.cpp.obj (USB0DeviceIntHandler)
/home/ubuntu/tivaware/usblib/gcc/libusb.a(usbdma.o)
                              /home/ubuntu/tivaware/usblib/gcc/libusb.a(usbdenum.o) (USBLibDMAInit)
/home/ubuntu/tivaware/usblib/gcc/libusb.a(usbmode.o)
                              CMakeFiles/rgb_srv.axf.dir/rgb_led.cpp.obj (USBStackModeSet)
/home/ubuntu/tivaware/usblib/gcc/libusb.a(usbringbuf.o)
                              /home/ubuntu/tivaware/usblib/gcc/libusb.a(usbbuffer.o) (USBRingBufFlush)
/home/ubuntu/tivaware/usblib/gcc/libusb.a(usbtick.o)
                              /home/ubuntu/tivaware/usblib/gcc/libusb.a(usbdcdc.o) (InternalUSBTickInit)
/home/ubuntu/tivaware/usblib/gcc/libusb.a(usbulpi.o)
                              /home/ubuntu/tivaware/usblib/gcc/libusb.a(usbdenum.o) (ULPIConfigSet)
/home/ubuntu/tivaware/usblib/gcc/libusb.a(usbdcdesc.o)
                              /home/ubuntu/tivaware/usblib/gcc/libusb.a(usbdenum.o) (USBDCDConfigDescGetSize)
/home/ubuntu/tivaware/usblib/gcc/libusb.a(usbdconfig.o)
                              /home/ubuntu/tivaware/usblib/gcc/libusb.a(usbdenum.o) (USBDeviceConfig)
/home/ubuntu/tivaware/usblib/gcc/libusb.a(usbdesc.o)
                              /home/ubuntu/tivaware/usblib/gcc/libusb.a(usbdcdesc.o) (USBDescGetNum)
/home/ubuntu/tivaware/usblib/gcc/libusb.a(usbhostenum.o)
                              /home/ubuntu/tivaware/usblib/gcc/libusb.a(usbmode.o) (USBHCDPowerConfigGet)
/home/ubuntu/tivaware/usblib/gcc/libusb.a(usbhhub.o)
                              /home/ubuntu/tivaware/usblib/gcc/libusb.a(usbhostenum.o) (USBHHubMain)
/home/ubuntu/tivaware/driverlib/gcc/libdriver.a(interrupt.o)
                              CMakeFiles/rgb_srv.axf.dir/home/ubuntu/tivaware/utils/ringbuf.c.obj (IntMasterEnable)
/home/ubuntu/tivaware/driverlib/gcc/libdriver.a(sysctl.o)
                              /home/ubuntu/tivaware/usblib/gcc/libusb.a(usbdenum.o) (SysCtlPeripheralReset)
/home/ubuntu/tivaware/driverlib/gcc/libdriver.a(systick.o)
                              CMakeFiles/rgb_srv.axf.dir/rgb_led.cpp.obj (SysTickIntRegister)
/home/ubuntu/tivaware/driverlib/gcc/libdriver.a(udma.o)
                              /home/ubuntu/tivaware/usblib/gcc/libusb.a(usbdma.o) (uDMAChannelEnable)
/home/ubuntu/tivaware/driverlib/gcc/libdriver.a(usb.o)
                              /home/ubuntu/tivaware/usblib/gcc/libusb.a(usbmode.o) (USBHostSuspend)
/home/ubuntu/tivaware/driverlib/gcc/libdriver.a(cpu.o)
                              /home/ubuntu/tivaware/driverlib/gcc/libdriver.a(interrupt.o) (CPUcpsid)
/usr/bin/../lib/gcc/arm-none-eabi/7.3.1/thumb/v7e-m/fpv4-sp/hard/libgcc.a(_arm_addsubdf3.o)
                              CMakeFiles/rgb_srv.axf.dir/home/ubuntu/catkin_bot/build/rosserial_tivac_tutorials/ros_lib/duration.cpp.obj (__aeabi_i2d)
/usr/bin/../lib/gcc/arm-none-eabi/7.3.1/thumb/v7e-m/fpv4-sp/hard/libgcc.a(_arm_muldivdf3.o)
                              CMakeFiles/rgb_srv.axf.dir/home/ubuntu/catkin_bot/build/rosserial_tivac_tutorials/ros_lib/duration.cpp.obj (__aeabi_dmul)
/usr/bin/../lib/gcc/arm-none-eabi/7.3.1/thumb/v7e-m/fpv4-sp/hard/libgcc.a(_arm_fixdfsi.o)
                              CMakeFiles/rgb_srv.axf.dir/home/ubuntu/catkin_bot/build/rosserial_tivac_tutorials/ros_lib/duration.cpp.obj (__aeabi_d2iz)
/usr/bin/../lib/gcc/arm-none-eabi/7.3.1/thumb/v7e-m/fpv4-sp/hard/libgcc.a(_fixunssfdi.o)
                              CMakeFiles/rgb_srv.axf.dir/home/ubuntu/tivaware/examples/boards/ek-tm4c123gxl/drivers/rgb.c.obj (__aeabi_f2ulz)
/usr/bin/../lib/gcc/arm-none-eabi/7.3.1/thumb/v7e-m/fpv4-sp/hard/libgcc.a(_arm_fixunsdfsi.o)
                              /usr/bin/../lib/gcc/arm-none-eabi/7.3.1/thumb/v7e-m/fpv4-sp/hard/libgcc.a(_fixunssfdi.o) (__aeabi_d2uiz)
/usr/bin/../lib/gcc/arm-none-eabi/7.3.1/../../../../arm-none-eabi/lib/thumb/v7e-m/fpv4-sp/hard/libc.a(lib_a-memcpy.o)
                              CMakeFiles/rgb_srv.axf.dir/rgb_led.cpp.obj (memcpy)
/usr/bin/../lib/gcc/arm-none-eabi/7.3.1/../../../../arm-none-eabi/lib/thumb/v7e-m/fpv4-sp/hard/libc.a(lib_a-realloc.o)
                              CMakeFiles/rgb_srv.axf.dir/rgb_led.cpp.obj (realloc)
/usr/bin/../lib/gcc/arm-none-eabi/7.3.1/../../../../arm-none-eabi/lib/thumb/v7e-m/fpv4-sp/hard/libc.a(lib_a-reallocr.o)
[...]
Memory Configuration

Name             Origin             Length             Attributes
FLASH            0x0000000000000000 0x0000000000040000 xr
SRAM             0x0000000020000000 0x0000000000008000 xrw
*default*        0x0000000000000000 0xffffffffffffffff

Linker script and memory map

LOAD CMakeFiles/rgb_srv.axf.dir/rgb_led.cpp.obj
LOAD CMakeFiles/rgb_srv.axf.dir/home/ubuntu/tivaware/examples/boards/ek-tm4c123gxl/drivers/rgb.c.obj
LOAD CMakeFiles/rgb_srv.axf.dir/home/ubuntu/catkin_bot/build/rosserial_tivac_tutorials/ros_lib/startup_gcc.c.obj
LOAD CMakeFiles/rgb_srv.axf.dir/home/ubuntu/tivaware/utils/ringbuf.c.obj
LOAD CMakeFiles/rgb_srv.axf.dir/home/ubuntu/catkin_bot/build/rosserial_tivac_tutorials/ros_lib/duration.cpp.obj
LOAD CMakeFiles/rgb_srv.axf.dir/home/ubuntu/catkin_bot/build/rosserial_tivac_tutorials/ros_lib/time.cpp.obj
LOAD CMakeFiles/rgb_srv.axf.dir/home/ubuntu/catkin_bot/build/rosserial_tivac_tutorials/ros_lib/tivac_hardware.cpp.obj
LOAD CMakeFiles/rgb_srv.axf.dir/home/ubuntu/catkin_bot/build/rosserial_tivac_tutorials/ros_lib/usb_serial_structs.c.obj
LOAD /home/ubuntu/tivaware/usblib/gcc/libusb.a
LOAD /home/ubuntu/tivaware/driverlib/gcc/libdriver.a
LOAD /usr/bin/../lib/gcc/arm-none-eabi/7.3.1/../../../../arm-none-eabi/lib/thumb/v7e-m/fpv4-sp/hard/libstdc++.a
LOAD /usr/bin/../lib/gcc/arm-none-eabi/7.3.1/../../../../arm-none-eabi/lib/thumb/v7e-m/fpv4-sp/hard/libm.a
START GROUP
LOAD /usr/bin/../lib/gcc/arm-none-eabi/7.3.1/thumb/v7e-m/fpv4-sp/hard/libgcc.a
LOAD /usr/bin/../lib/gcc/arm-none-eabi/7.3.1/thumb/v7e-m/fpv4-sp/hard/libgcc.a
LOAD /usr/bin/../lib/gcc/arm-none-eabi/7.3.1/../../../../arm-none-eabi/lib/thumb/v7e-m/fpv4-sp/hard/libc.a
LOAD /usr/bin/../lib/gcc/arm-none-eabi/7.3.1/../../../../arm-none-eabi/lib/thumb/v7e-m/fpv4-sp/hard/libm.a
LOAD /usr/bin/../lib/gcc/arm-none-eabi/7.3.1/../../../../arm-none-eabi/lib/thumb/v7e-m/fpv4-sp/hard/libnosys.a
END GROUP

.text           0x0000000000000000     0x51b0
                0x0000000000000000                . = ALIGN (0x4)
                0x0000000000000000                _text = .
 *(.isr_vector)
 .isr_vector    0x0000000000000000      0x26c CMakeFiles/rgb_srv.axf.dir/home/ubuntu/catkin_bot/build/rosserial_tivac_tutorials/ros_lib/startup_gcc.c.obj
                0x0000000000000000                g_pfnVectors
 *(.text .text* .gnu.linkonce.t.*)
 .text._ZNK8std_msgs4Time9serializeEPh
                0x000000000000026c       0x28 CMakeFiles/rgb_srv.axf.dir/rgb_led.cpp.obj
                0x000000000000026c                std_msgs::Time::serialize(unsigned char*) const
 .text._ZN8std_msgs4Time11deserializeEPh
                0x0000000000000294       0x3c CMakeFiles/rgb_srv.axf.dir/rgb_led.cpp.obj
                0x0000000000000294                std_msgs::Time::deserialize(unsigned char*)
 .text._ZN8std_msgs4Time7getTypeEv
                0x00000000000002d0        0x8 CMakeFiles/rgb_srv.axf.dir/rgb_led.cpp.obj
                0x00000000000002d0                std_msgs::Time::getType()
 .text._ZN8std_msgs4Time6getMD5Ev
                0x00000000000002d8        0x8 CMakeFiles/rgb_srv.axf.dir/rgb_led.cpp.obj
                0x00000000000002d8                std_msgs::Time::getMD5()
 .text._ZN14rosserial_msgs9TopicInfo7getTypeEv
                0x00000000000002e0        0x8 CMakeFiles/rgb_srv.axf.dir/rgb_led.cpp.obj
                0x00000000000002e0                rosserial_msgs::TopicInfo::getType()
 .text._ZN14rosserial_msgs9TopicInfo6getMD5Ev
                0x00000000000002e8        0x8 CMakeFiles/rgb_srv.axf.dir/rgb_led.cpp.obj
                0x00000000000002e8                rosserial_msgs::TopicInfo::getMD5()
 .text._ZN14rosserial_msgs3Log7getTypeEv
                0x00000000000002f0        0x8 CMakeFiles/rgb_srv.axf.dir/rgb_led.cpp.obj
                0x00000000000002f0                rosserial_msgs::Log::getType()
 .text._ZN14rosserial_msgs3Log6getMD5Ev
                0x00000000000002f8        0x8 CMakeFiles/rgb_srv.axf.dir/rgb_led.cpp.obj
                0x00000000000002f8                rosserial_msgs::Log::getMD5()
 .text._ZN14rosserial_msgs20RequestParamResponse7getTypeEv
                0x0000000000000300        0x8 CMakeFiles/rgb_srv.axf.dir/rgb_led.cpp.obj
                0x0000000000000300                rosserial_msgs::RequestParamResponse::getType()
 .text._ZN14rosserial_msgs20RequestParamResponse6getMD5Ev
                0x0000000000000308        0x8 CMakeFiles/rgb_srv.axf.dir/rgb_led.cpp.obj
                0x0000000000000308                rosserial_msgs::RequestParamResponse::getMD5()
 .text._ZN13TivaCHardware17SystickIntHandlerEv
                0x0000000000000310       0x10 CMakeFiles/rgb_srv.axf.dir/rgb_led.cpp.obj
                0x0000000000000310                TivaCHardware::SystickIntHandler()
 .text._ZNK8std_msgs9ColorRGBA9serializeEPh
                0x0000000000000320       0x44 CMakeFiles/rgb_srv.axf.dir/rgb_led.cpp.obj
                0x0000000000000320                std_msgs::ColorRGBA::serialize(unsigned char*) const
 .text._ZN8std_msgs9ColorRGBA11deserializeEPh
                0x0000000000000364       0x14 CMakeFiles/rgb_srv.axf.dir/rgb_led.cpp.obj
                0x0000000000000364                std_msgs::ColorRGBA::deserialize(unsigned char*)
 .text._ZN8std_msgs9ColorRGBA7getTypeEv
                0x0000000000000378        0x8 CMakeFiles/rgb_srv.axf.dir/rgb_led.cpp.obj
                0x0000000000000378                std_msgs::ColorRGBA::getType()
 .text._ZN8std_msgs9ColorRGBA6getMD5Ev
                0x0000000000000380        0x8 CMakeFiles/rgb_srv.axf.dir/rgb_led.cpp.obj
                0x0000000000000380                std_msgs::ColorRGBA::getMD5()
 .text._ZNK25rosserial_tivac_tutorials16ColorRGBARequest9serializeEPh
                0x0000000000000388        0xa CMakeFiles/rgb_srv.axf.dir/rgb_led.cpp.obj
                0x0000000000000388                rosserial_tivac_tutorials::ColorRGBARequest::serialize(unsigned char*) const
 .text._ZN25rosserial_tivac_tutorials16ColorRGBARequest11deserializeEPh
                0x0000000000000392        0xa CMakeFiles/rgb_srv.axf.dir/rgb_led.cpp.obj
                0x0000000000000392                rosserial_tivac_tutorials::ColorRGBARequest::deserialize(unsigned char*)
 .text._ZN25rosserial_tivac_tutorials16ColorRGBARequest7getTypeEv
                0x000000000000039c        0x8 CMakeFiles/rgb_srv.axf.dir/rgb_led.cpp.obj
                0x000000000000039c                rosserial_tivac_tutorials::ColorRGBARequest::getType()
 .text._ZN25rosserial_tivac_tutorials16ColorRGBARequest6getMD5Ev
                0x00000000000003a4        0x8 CMakeFiles/rgb_srv.axf.dir/rgb_led.cpp.obj
                0x00000000000003a4                rosserial_tivac_tutorials::ColorRGBARequest::getMD5()
 .text._ZNK25rosserial_tivac_tutorials17ColorRGBAResponse9serializeEPh
                0x00000000000003ac        0x8 CMakeFiles/rgb_srv.axf.dir/rgb_led.cpp.obj
                0x00000000000003ac                rosserial_tivac_tutorials::ColorRGBAResponse::serialize(unsigned char*) const
 .text._ZN25rosserial_tivac_tutorials17ColorRGBAResponse11deserializeEPh
                0x00000000000003b4        0x8 CMakeFiles/rgb_srv.axf.dir/rgb_led.cpp.obj
                0x00000000000003b4                rosserial_tivac_tutorials::ColorRGBAResponse::deserialize(unsigned char*)
 .text._ZN25rosserial_tivac_tutorials17ColorRGBAResponse7getTypeEv
                0x00000000000003bc        0x8 CMakeFiles/rgb_srv.axf.dir/rgb_led.cpp.obj
                0x00000000000003bc                rosserial_tivac_tutorials::ColorRGBAResponse::getType()
 .text._ZN25rosserial_tivac_tutorials17ColorRGBAResponse6getMD5Ev
                0x00000000000003c4        0x8 CMakeFiles/rgb_srv.axf.dir/rgb_led.cpp.obj
                0x00000000000003c4                rosserial_tivac_tutorials::ColorRGBAResponse::getMD5()
 .text._ZN3ros11NodeHandle_I13TivaCHardwareLi25ELi25ELi512ELi512EE9connectedEv
                0x00000000000003cc        0x6 CMakeFiles/rgb_srv.axf.dir/rgb_led.cpp.obj
                0x00000000000003cc                ros::NodeHandle_<TivaCHardware, 25, 25, 512, 512>::connected()
 .text._ZN3ros13ServiceServerIN25rosserial_tivac_tutorials16ColorRGBARequestENS1_17ColorRGBAResponseEvE8callbackEPh
                0x00000000000003d2       0x2a CMakeFiles/rgb_srv.axf.dir/rgb_led.cpp.obj
                0x00000000000003d2                ros::ServiceServer<rosserial_tivac_tutorials::ColorRGBARequest, rosserial_tivac_tutorials::ColorRGBAResponse, void>::callback(unsigned char*)
 .text._ZN3ros13ServiceServerIN25rosserial_tivac_tutorials16ColorRGBARequestENS1_17ColorRGBAResponseEvE15getEndpointTypeEv
                0x00000000000003fc        0x4 CMakeFiles/rgb_srv.axf.dir/rgb_led.cpp.obj
                0x00000000000003fc                ros::ServiceServer<rosserial_tivac_tutorials::ColorRGBARequest, rosserial_tivac_tutorials::ColorRGBAResponse, void>::getEndpointType()
 .text._ZN3ros13ServiceServerIN25rosserial_tivac_tutorials16ColorRGBARequestENS1_17ColorRGBAResponseEvE10getMsgTypeEv
                0x0000000000000400        0x8 CMakeFiles/rgb_srv.axf.dir/rgb_led.cpp.obj
                0x0000000000000400                ros::ServiceServer<rosserial_tivac_tutorials::ColorRGBARequest, rosserial_tivac_tutorials::ColorRGBAResponse, void>::getMsgType()
 .text._ZN3ros13ServiceServerIN25rosserial_tivac_tutorials16ColorRGBARequestENS1_17ColorRGBAResponseEvE9getMsgMD5Ev
                0x0000000000000408        0x8 CMakeFiles/rgb_srv.axf.dir/rgb_led.cpp.obj
                0x0000000000000408                ros::ServiceServer<rosserial_tivac_tutorials::ColorRGBARequest, rosserial_tivac_tutorials::ColorRGBAResponse, void>::getMsgMD5()
 .text._Z8color_cbRKN25rosserial_tivac_tutorials16ColorRGBARequestERNS_17ColorRGBAResponseE
                0x0000000000000410       0x5c CMakeFiles/rgb_srv.axf.dir/rgb_led.cpp.obj
                0x0000000000000410                color_cb(rosserial_tivac_tutorials::ColorRGBARequest const&, rosserial_tivac_tutorials::ColorRGBAResponse&)
 .text._ZN3ros11NodeHandle_I13TivaCHardwareLi25ELi25ELi512ELi512EE7publishEiPKNS_3MsgE
                0x000000000000046c       0xb0 CMakeFiles/rgb_srv.axf.dir/rgb_led.cpp.obj
                0x000000000000046c                ros::NodeHandle_<TivaCHardware, 25, 25, 512, 512>::publish(int, ros::Msg const*)
 .text._ZN13TivaCHardware4initEv
                0x000000000000051c       0xc0 CMakeFiles/rgb_srv.axf.dir/rgb_led.cpp.obj
                0x000000000000051c                TivaCHardware::init()
 .text._ZN3ros3Msg8varToArrIPhmEEvT_T0_
                0x00000000000005dc       0x10 CMakeFiles/rgb_srv.axf.dir/rgb_led.cpp.obj
                0x00000000000005dc                void ros::Msg::varToArr<unsigned char*, unsigned long>(unsigned char*, unsigned long)
 .text._ZNK14rosserial_msgs20RequestParamResponse9serializeEPh
                0x00000000000005ec      0x102 CMakeFiles/rgb_srv.axf.dir/rgb_led.cpp.obj
                0x00000000000005ec                rosserial_msgs::RequestParamResponse::serialize(unsigned char*) const
 .text._ZNK14rosserial_msgs3Log9serializeEPh
                0x00000000000006ee       0x2c CMakeFiles/rgb_srv.axf.dir/rgb_led.cpp.obj
                0x00000000000006ee                rosserial_msgs::Log::serialize(unsigned char*) const
 .text._ZNK14rosserial_msgs9TopicInfo9serializeEPh
                0x000000000000071a       0x86 CMakeFiles/rgb_srv.axf.dir/rgb_led.cpp.obj
                0x000000000000071a                rosserial_msgs::TopicInfo::serialize(unsigned char*) const
 .text._ZN3ros3Msg8arrToVarImPhEEvRT_T0_
                0x00000000000007a0       0x1e CMakeFiles/rgb_srv.axf.dir/rgb_led.cpp.obj
                0x00000000000007a0                void ros::Msg::arrToVar<unsigned long, unsigned char*>(unsigned long&, unsigned char*)
 .text._ZN14rosserial_msgs3Log11deserializeEPh
                0x00000000000007be       0x36 CMakeFiles/rgb_srv.axf.dir/rgb_led.cpp.obj
                0x00000000000007be                rosserial_msgs::Log::deserialize(unsigned char*)
 .text._ZN14rosserial_msgs9TopicInfo11deserializeEPh
                0x00000000000007f4       0xb6 CMakeFiles/rgb_srv.axf.dir/rgb_led.cpp.obj
                0x00000000000007f4                rosserial_msgs::TopicInfo::deserialize(unsigned char*)
 .text._ZN14rosserial_msgs20RequestParamResponse11deserializeEPh
                0x00000000000008aa       0xf4 CMakeFiles/rgb_srv.axf.dir/rgb_led.cpp.obj
                0x00000000000008aa                rosserial_msgs::RequestParamResponse::deserialize(unsigned char*)
 *fill*         0x000000000000099e        0x2 
 .text._ZN3ros11NodeHandle_I13TivaCHardwareLi25ELi25ELi512ELi512EE15requestSyncTimeEv
                0x00000000000009a0       0x2c CMakeFiles/rgb_srv.axf.dir/rgb_led.cpp.obj
                0x00000000000009a0                ros::NodeHandle_<TivaCHardware, 25, 25, 512, 512>::requestSyncTime()
 .text._ZN3ros11NodeHandle_I13TivaCHardwareLi25ELi25ELi512ELi512EE15negotiateTopicsEv
                0x00000000000009cc       0xc4 CMakeFiles/rgb_srv.axf.dir/rgb_led.cpp.obj
                0x00000000000009cc                ros::NodeHandle_<TivaCHardware, 25, 25, 512, 512>::negotiateTopics()
 .text._ZN3ros11NodeHandle_I13TivaCHardwareLi25ELi25ELi512ELi512EE8spinOnceEv
                0x0000000000000a90      0x26c CMakeFiles/rgb_srv.axf.dir/rgb_led.cpp.obj
                0x0000000000000a90                ros::NodeHandle_<TivaCHardware, 25, 25, 512, 512>::spinOnce()
 .text.startup.main
                0x0000000000000cfc      0x110 CMakeFiles/rgb_srv.axf.dir/rgb_led.cpp.obj
                0x0000000000000cfc                main
 .text.startup._GLOBAL__sub_I_current_color
                0x0000000000000e0c       0xcc CMakeFiles/rgb_srv.axf.dir/rgb_led.cpp.obj
 .text.RGBEnable
                0x0000000000000ed8       0xc0 CMakeFiles/rgb_srv.axf.dir/home/ubuntu/tivaware/examples/boards/ek-tm4c123gxl/drivers/rgb.c.obj
                0x0000000000000ed8                RGBEnable
 .text.RGBInit  0x0000000000000f98      0x100 CMakeFiles/rgb_srv.axf.dir/home/ubuntu/tivaware/examples/boards/ek-tm4c123gxl/drivers/rgb.c.obj
                0x0000000000000f98                RGBInit
 .text.RGBDisable
                0x0000000000001098       0x64 CMakeFiles/rgb_srv.axf.dir/home/ubuntu/tivaware/examples/boards/ek-tm4c123gxl/drivers/rgb.c.obj
                0x0000000000001098                RGBDisable
 .text.RGBColorSet
                0x00000000000010fc       0x8c CMakeFiles/rgb_srv.axf.dir/home/ubuntu/tivaware/examples/boards/ek-tm4c123gxl/drivers/rgb.c.obj
                0x00000000000010fc                RGBColorSet
 .text.RGBIntensitySet
                0x0000000000001188       0x14 CMakeFiles/rgb_srv.axf.dir/home/ubuntu/tivaware/examples/boards/ek-tm4c123gxl/drivers/rgb.c.obj
                0x0000000000001188                RGBIntensitySet
 .text.RGBSet   0x000000000000119c       0x1e CMakeFiles/rgb_srv.axf.dir/home/ubuntu/tivaware/examples/boards/ek-tm4c123gxl/drivers/rgb.c.obj
                0x000000000000119c                RGBSet
 .text.NmiSR    0x00000000000011ba        0x2 CMakeFiles/rgb_srv.axf.dir/home/ubuntu/catkin_bot/build/rosserial_tivac_tutorials/ros_lib/startup_gcc.c.obj
 .text.FaultISR
                0x00000000000011bc        0x2 CMakeFiles/rgb_srv.axf.dir/home/ubuntu/catkin_bot/build/rosserial_tivac_tutorials/ros_lib/startup_gcc.c.obj
 .text.IntDefaultHandler
                0x00000000000011be        0x2 CMakeFiles/rgb_srv.axf.dir/home/ubuntu/catkin_bot/build/rosserial_tivac_tutorials/ros_lib/startup_gcc.c.obj
 .text.ResetISR
                0x00000000000011c0       0x94 CMakeFiles/rgb_srv.axf.dir/home/ubuntu/catkin_bot/build/rosserial_tivac_tutorials/ros_lib/startup_gcc.c.obj
                0x00000000000011c0                ResetISR
 .text._ZN3ros16normalizeSecNSecERmS0_
                0x0000000000001254       0x1c CMakeFiles/rgb_srv.axf.dir/home/ubuntu/catkin_bot/build/rosserial_tivac_tutorials/ros_lib/time.cpp.obj
                0x0000000000001254                ros::normalizeSecNSec(unsigned long&, unsigned long&)
 .text.TxHandler
                0x0000000000001270        0x4 CMakeFiles/rgb_srv.axf.dir/home/ubuntu/catkin_bot/build/rosserial_tivac_tutorials/ros_lib/usb_serial_structs.c.obj
                0x0000000000001270                TxHandler
 .text.RxHandler
                0x0000000000001274       0x14 CMakeFiles/rgb_srv.axf.dir/home/ubuntu/catkin_bot/build/rosserial_tivac_tutorials/ros_lib/usb_serial_structs.c.obj
                0x0000000000001274                RxHandler
 .text.ControlHandler
                0x0000000000001288       0x34 CMakeFiles/rgb_srv.axf.dir/home/ubuntu/catkin_bot/build/rosserial_tivac_tutorials/ros_lib/usb_serial_structs.c.obj
                0x0000000000001288                ControlHandler
 .text.ScheduleNextTransmission
                0x00000000000012bc       0x9a /home/ubuntu/tivaware/usblib/gcc/libusb.a(usbbuffer.o)
 .text.USBBufferInit
                0x0000000000001356       0x16 /home/ubuntu/tivaware/usblib/gcc/libusb.a(usbbuffer.o)
                0x0000000000001356                USBBufferInit
 .text.USBBufferWrite
                0x000000000000136c       0x2e /home/ubuntu/tivaware/usblib/gcc/libusb.a(usbbuffer.o)
                0x000000000000136c                USBBufferWrite
 .text.USBBufferFlush
                0x000000000000139a        0x6 /home/ubuntu/tivaware/usblib/gcc/libusb.a(usbbuffer.o)
                0x000000000000139a                USBBufferFlush
 .text.USBBufferRead
                0x00000000000013a0       0x26 /home/ubuntu/tivaware/usblib/gcc/libusb.a(usbbuffer.o)
                0x00000000000013a0                USBBufferRead
 .text.USBBufferDataAvailable
                0x00000000000013c6        0x6 /home/ubuntu/tivaware/usblib/gcc/libusb.a(usbbuffer.o)
                0x00000000000013c6                USBBufferDataAvailable
 .text.USBBufferEventCallback
                0x00000000000013cc      0x12e /home/ubuntu/tivaware/usblib/gcc/libusb.a(usbbuffer.o)
                0x00000000000013cc                USBBufferEventCallback
 *fill*         0x00000000000014fa        0x2 
 .text.SetDeferredOpFlag
                0x00000000000014fc       0x1c /home/ubuntu/tivaware/usblib/gcc/libusb.a(usbdcdc.o)
 .text.DeviceConsumedAllData
                0x0000000000001518       0x16 /home/ubuntu/tivaware/usblib/gcc/libusb.a(usbdcdc.o)
 .text.SendBreak
                0x000000000000152e       0x3c /home/ubuntu/tivaware/usblib/gcc/libusb.a(usbdcdc.o)
 .text.SendLineCodingChange
                0x000000000000156a       0x24 /home/ubuntu/tivaware/usblib/gcc/libusb.a(usbdcdc.o)
 .text.SendLineStateChange
                0x000000000000158e       0x24 /home/ubuntu/tivaware/usblib/gcc/libusb.a(usbdcdc.o)
 .text.HandleConfigChange
                0x00000000000015b2       0x32 /home/ubuntu/tivaware/usblib/gcc/libusb.a(usbdcdc.o)
 .text.HandleDevice
                0x00000000000015e4       0xa4 /home/ubuntu/tivaware/usblib/gcc/libusb.a(usbdcdc.o)
 .text.HandleDisconnect
                0x0000000000001688       0x1e /home/ubuntu/tivaware/usblib/gcc/libusb.a(usbdcdc.o)
 .text.HandleSuspend
                0x00000000000016a6       0x14 /home/ubuntu/tivaware/usblib/gcc/libusb.a(usbdcdc.o)
 .text.HandleResume
                0x00000000000016ba       0x14 /home/ubuntu/tivaware/usblib/gcc/libusb.a(usbdcdc.o)
 .text.SendSerialState
                0x00000000000016ce       0x84 /home/ubuntu/tivaware/usblib/gcc/libusb.a(usbdcdc.o)
 .text.HandleEP0Data
                0x0000000000001752       0x4a /home/ubuntu/tivaware/usblib/gcc/libusb.a(usbdcdc.o)
 .text.HandleRequests
                0x000000000000179c       0xe6 /home/ubuntu/tivaware/usblib/gcc/libusb.a(usbdcdc.o)
 .text.CDCTickHandler
                0x0000000000001882       0x9e /home/ubuntu/tivaware/usblib/gcc/libusb.a(usbdcdc.o)
 .text.ProcessDataFromHost
                0x0000000000001920       0x74 /home/ubuntu/tivaware/usblib/gcc/libusb.a(usbdcdc.o)
                0x0000000000001920                ProcessDataFromHost
 .text.ProcessNotificationToHost
                0x0000000000001994       0x34 /home/ubuntu/tivaware/usblib/gcc/libusb.a(usbdcdc.o)
                0x0000000000001994                ProcessNotificationToHost
 .text.ProcessDataToHost
                0x00000000000019c8       0x60 /home/ubuntu/tivaware/usblib/gcc/libusb.a(usbdcdc.o)
                0x00000000000019c8                ProcessDataToHost
 .text.HandleEndpoints
                0x0000000000001a28       0x4c /home/ubuntu/tivaware/usblib/gcc/libusb.a(usbdcdc.o)
 .text.USBDCDCCompositeInit
                0x0000000000001a74       0xe4 /home/ubuntu/tivaware/usblib/gcc/libusb.a(usbdcdc.o)
                0x0000000000001a74                USBDCDCCompositeInit
 .text.USBDCDCInit
                0x0000000000001b58       0x4c /home/ubuntu/tivaware/usblib/gcc/libusb.a(usbdcdc.o)
                0x0000000000001b58                USBDCDCInit
 .text.USBDCDCPacketWrite
                0x0000000000001ba4       0x58 /home/ubuntu/tivaware/usblib/gcc/libusb.a(usbdcdc.o)
                0x0000000000001ba4                USBDCDCPacketWrite
 .text.USBDCDCPacketRead
                0x0000000000001bfc       0x92 /home/ubuntu/tivaware/usblib/gcc/libusb.a(usbdcdc.o)
                0x0000000000001bfc                USBDCDCPacketRead
 *fill*         0x0000000000001c8e        0x2 
 .text.USBDCDCTxPacketAvailable
                0x0000000000001c90       0x14 /home/ubuntu/tivaware/usblib/gcc/libusb.a(usbdcdc.o)
                0x0000000000001c90                USBDCDCTxPacketAvailable
 .text.USBDCDCRxPacketAvailable
                0x0000000000001ca4       0x30 /home/ubuntu/tivaware/usblib/gcc/libusb.a(usbdcdc.o)
                0x0000000000001ca4                USBDCDCRxPacketAvailable
 .text.USBDSetAddress
                0x0000000000001cd4       0x24 /home/ubuntu/tivaware/usblib/gcc/libusb.a(usbdenum.o)
 .text.USBDEP0StateTx.isra.0
                0x0000000000001cf8       0x70 /home/ubuntu/tivaware/usblib/gcc/libusb.a(usbdenum.o)
 .text.USBDGetConfiguration
                0x0000000000001d68       0x34 /home/ubuntu/tivaware/usblib/gcc/libusb.a(usbdenum.o)
 .text.USBDEP0StateTxConfig.isra.2
                0x0000000000001d9c      0x140 /home/ubuntu/tivaware/usblib/gcc/libusb.a(usbdenum.o)
 .text.USBDCDStallEP0.constprop.8
                0x0000000000001edc       0x1c /home/ubuntu/tivaware/usblib/gcc/libusb.a(usbdenum.o)
 .text.USBDGetStatus
                0x0000000000001ef8       0x6c /home/ubuntu/tivaware/usblib/gcc/libusb.a(usbdenum.o)
 .text.USBDClearFeature
                0x0000000000001f64       0x74 /home/ubuntu/tivaware/usblib/gcc/libusb.a(usbdenum.o)
 .text.USBDSetFeature
                0x0000000000001fd8       0x64 /home/ubuntu/tivaware/usblib/gcc/libusb.a(usbdenum.o)
 .text.USBDGetDescriptor
                0x000000000000203c      0x124 /home/ubuntu/tivaware/usblib/gcc/libusb.a(usbdenum.o)
 .text.USBDSetDescriptor
                0x0000000000002160       0x18 /home/ubuntu/tivaware/usblib/gcc/libusb.a(usbdenum.o)
 .text.USBDSetConfiguration
                0x0000000000002178       0x88 /home/ubuntu/tivaware/usblib/gcc/libusb.a(usbdenum.o)
 .text.USBDGetInterface
                0x0000000000002200       0x44 /home/ubuntu/tivaware/usblib/gcc/libusb.a(usbdenum.o)
 .text.USBDSetInterface
                0x0000000000002244       0x98 /home/ubuntu/tivaware/usblib/gcc/libusb.a(usbdenum.o)
 .text.USBDSyncFrame
                0x00000000000022dc       0x18 /home/ubuntu/tivaware/usblib/gcc/libusb.a(usbdenum.o)
 .text.USBDReadAndDispatchRequest.isra.3
                0x00000000000022f4       0x68 /home/ubuntu/tivaware/usblib/gcc/libusb.a(usbdenum.o)
 .text.USBDCDDeviceInfoInit
                0x000000000000235c       0x44 /home/ubuntu/tivaware/usblib/gcc/libusb.a(usbdenum.o)
                0x000000000000235c                USBDCDDeviceInfoInit
 .text.USBDCDInit
                0x00000000000023a0      0x14c /home/ubuntu/tivaware/usblib/gcc/libusb.a(usbdenum.o)
                0x00000000000023a0                USBDCDInit
 .text.USBDCDRequestDataEP0
                0x00000000000024ec       0x14 /home/ubuntu/tivaware/usblib/gcc/libusb.a(usbdenum.o)
                0x00000000000024ec                USBDCDRequestDataEP0
 .text.USBDCDSendDataEP0
                0x0000000000002500       0x10 /home/ubuntu/tivaware/usblib/gcc/libusb.a(usbdenum.o)
                0x0000000000002500                USBDCDSendDataEP0
 .text.USBDCDStallEP0
                0x0000000000002510       0x1c /home/ubuntu/tivaware/usblib/gcc/libusb.a(usbdenum.o)
                0x0000000000002510                USBDCDStallEP0
 .text.USBDCDFeatureGet
                0x000000000000252c       0x18 /home/ubuntu/tivaware/usblib/gcc/libusb.a(usbdenum.o)
                0x000000000000252c                USBDCDFeatureGet
 .text.USBDeviceResumeTickHandler
                0x0000000000002544       0x50 /home/ubuntu/tivaware/usblib/gcc/libusb.a(usbdenum.o)
                0x0000000000002544                USBDeviceResumeTickHandler
 .text.USBDeviceEnumHandler
                0x0000000000002594       0xcc /home/ubuntu/tivaware/usblib/gcc/libusb.a(usbdenum.o)
                0x0000000000002594                USBDeviceEnumHandler
 .text.USBDeviceEnumResetHandler
                0x0000000000002660       0x3c /home/ubuntu/tivaware/usblib/gcc/libusb.a(usbdenum.o)
                0x0000000000002660                USBDeviceEnumResetHandler
 .text.USBDeviceIntHandlerInternal
                0x000000000000269c      0x144 /home/ubuntu/tivaware/usblib/gcc/libusb.a(usbdenum.o)
                0x000000000000269c                USBDeviceIntHandlerInternal
 .text.USB0DeviceIntHandler
                0x00000000000027e0       0x18 /home/ubuntu/tivaware/usblib/gcc/libusb.a(usbdhandler.o)
                0x00000000000027e0                USB0DeviceIntHandler
 .text.uDMAUSBChannelStatus
                0x00000000000027f8       0x22 /home/ubuntu/tivaware/usblib/gcc/libusb.a(usbdma.o)
 .text.DMAUSBIntStatusClear
                0x000000000000281a        0xe /home/ubuntu/tivaware/usblib/gcc/libusb.a(usbdma.o)
 .text.uDMAUSBChannelIntEnable
                0x0000000000002828        0x2 /home/ubuntu/tivaware/usblib/gcc/libusb.a(usbdma.o)
 .text.iDMAUSBUnitSizeSet
                0x000000000000282a        0x2 /home/ubuntu/tivaware/usblib/gcc/libusb.a(usbdma.o)
 .text.DMAUSBStatus
                0x000000000000282c        0x4 /home/ubuntu/tivaware/usblib/gcc/libusb.a(usbdma.o)
 .text.iDMAUSBChannelRelease
                0x0000000000002830       0x3a /home/ubuntu/tivaware/usblib/gcc/libusb.a(usbdma.o)
 .text.iDMAUSBChannelAllocate
                0x000000000000286a       0x80 /home/ubuntu/tivaware/usblib/gcc/libusb.a(usbdma.o)
 .text.iDMAUSBChannelDisable
                0x00000000000028ea       0x32 /home/ubuntu/tivaware/usblib/gcc/libusb.a(usbdma.o)
 .text.iDMAUSBChannelIntDisable
                0x000000000000291c        0x8 /home/ubuntu/tivaware/usblib/gcc/libusb.a(usbdma.o)
 .text.iDMAUSBChannelIntEnable
                0x0000000000002924        0x8 /home/ubuntu/tivaware/usblib/gcc/libusb.a(usbdma.o)
 .text.iDMAUSBChannelEnable
                0x000000000000292c       0x50 /home/ubuntu/tivaware/usblib/gcc/libusb.a(usbdma.o)
 .text.iDMAUSBIntStatus
                0x000000000000297c        0x6 /home/ubuntu/tivaware/usblib/gcc/libusb.a(usbdma.o)
 .text.iDMAUSBChannelStatus
                0x0000000000002982       0x34 /home/ubuntu/tivaware/usblib/gcc/libusb.a(usbdma.o)
 .text.uDMAUSBUnitSizeSet
                0x00000000000029b6       0x58 /home/ubuntu/tivaware/usblib/gcc/libusb.a(usbdma.o)
 .text.uDMAUSBArbSizeSet
                0x0000000000002a0e       0x6e /home/ubuntu/tivaware/usblib/gcc/libusb.a(usbdma.o)
 .text.uDMAUSBIntStatus
                0x0000000000002a7c       0x2c /home/ubuntu/tivaware/usblib/gcc/libusb.a(usbdma.o)
 .text.uDMAUSBChannelRelease
                0x0000000000002aa8       0x56 /home/ubuntu/tivaware/usblib/gcc/libusb.a(usbdma.o)
 .text.uDMAUSBChannelEnable
                0x0000000000002afe       0x6a /home/ubuntu/tivaware/usblib/gcc/libusb.a(usbdma.o)
 .text.uDMAUSBChannelDisable
                0x0000000000002b68       0x4c /home/ubuntu/tivaware/usblib/gcc/libusb.a(usbdma.o)
 .text.uDMAUSBChannelAllocate
                0x0000000000002bb4       0xb0 /home/ubuntu/tivaware/usblib/gcc/libusb.a(usbdma.o)
 .text.DMAUSBIntHandler
                0x0000000000002c64       0x32 /home/ubuntu/tivaware/usblib/gcc/libusb.a(usbdma.o)
 .text.iDMAUSBTransfer
                0x0000000000002c96       0xdc /home/ubuntu/tivaware/usblib/gcc/libusb.a(usbdma.o)
 .text.uDMAUSBTransfer
                0x0000000000002d72       0xb4 /home/ubuntu/tivaware/usblib/gcc/libusb.a(usbdma.o)
 .text.iDMAUSBArbSizeSet
                0x0000000000002e26        0x2 /home/ubuntu/tivaware/usblib/gcc/libusb.a(usbdma.o)
 .text.uDMAUSBChannelIntDisable
                0x0000000000002e28        0x2 /home/ubuntu/tivaware/usblib/gcc/libusb.a(usbdma.o)
 *fill*         0x0000000000002e2a        0x2 
 .text.USBLibDMAInit
                0x0000000000002e2c      0x160 /home/ubuntu/tivaware/usblib/gcc/libusb.a(usbdma.o)
                0x0000000000002e2c                USBLibDMAInit
 .text.USBStackModeSet
                0x0000000000002f8c       0x1c /home/ubuntu/tivaware/usblib/gcc/libusb.a(usbmode.o)
                0x0000000000002f8c                USBStackModeSet
 .text.UpdateIndexAtomic
                0x0000000000002fa8       0x2a /home/ubuntu/tivaware/usblib/gcc/libusb.a(usbringbuf.o)
 .text.USBRingBufFlush
                0x0000000000002fd2       0x18 /home/ubuntu/tivaware/usblib/gcc/libusb.a(usbringbuf.o)
                0x0000000000002fd2                USBRingBufFlush
 .text.USBRingBufUsed
                0x0000000000002fea       0x12 /home/ubuntu/tivaware/usblib/gcc/libusb.a(usbringbuf.o)
                0x0000000000002fea                USBRingBufUsed
 .text.USBRingBufFree
                0x0000000000002ffc        0xe /home/ubuntu/tivaware/usblib/gcc/libusb.a(usbringbuf.o)
                0x0000000000002ffc                USBRingBufFree
 .text.USBRingBufContigUsed
                0x000000000000300a       0x10 /home/ubuntu/tivaware/usblib/gcc/libusb.a(usbringbuf.o)
                0x000000000000300a                USBRingBufContigUsed
 .text.USBRingBufContigFree
                0x000000000000301a       0x1a /home/ubuntu/tivaware/usblib/gcc/libusb.a(usbringbuf.o)
                0x000000000000301a                USBRingBufContigFree
 .text.USBRingBufReadOne
                0x0000000000003034       0x16 /home/ubuntu/tivaware/usblib/gcc/libusb.a(usbringbuf.o)
                0x0000000000003034                USBRingBufReadOne
 .text.USBRingBufRead
                0x000000000000304a       0x1a /home/ubuntu/tivaware/usblib/gcc/libusb.a(usbringbuf.o)
                0x000000000000304a                USBRingBufRead
 .text.USBRingBufAdvanceRead
                0x0000000000003064       0x1c /home/ubuntu/tivaware/usblib/gcc/libusb.a(usbringbuf.o)
                0x0000000000003064                USBRingBufAdvanceRead
 .text.USBRingBufAdvanceWrite
                0x0000000000003080       0x36 /home/ubuntu/tivaware/usblib/gcc/libusb.a(usbringbuf.o)
                0x0000000000003080                USBRingBufAdvanceWrite
 .text.USBRingBufWriteOne
                0x00000000000030b6       0x12 /home/ubuntu/tivaware/usblib/gcc/libusb.a(usbringbuf.o)
                0x00000000000030b6                USBRingBufWriteOne
 .text.USBRingBufWrite
                0x00000000000030c8       0x1a /home/ubuntu/tivaware/usblib/gcc/libusb.a(usbringbuf.o)
                0x00000000000030c8                USBRingBufWrite
 .text.USBRingBufInit
                0x00000000000030e2        0xc /home/ubuntu/tivaware/usblib/gcc/libusb.a(usbringbuf.o)
                0x00000000000030e2                USBRingBufInit
 *fill*         0x00000000000030ee        0x2 
 .text.InternalUSBTickInit
                0x00000000000030f0       0x30 /home/ubuntu/tivaware/usblib/gcc/libusb.a(usbtick.o)
                0x00000000000030f0                InternalUSBTickInit
 .text.InternalUSBRegisterTickHandler
                0x0000000000003120       0x30 /home/ubuntu/tivaware/usblib/gcc/libusb.a(usbtick.o)
                0x0000000000003120                InternalUSBRegisterTickHandler
 .text.InternalUSBStartOfFrameTick
                0x0000000000003150       0x34 /home/ubuntu/tivaware/usblib/gcc/libusb.a(usbtick.o)
                0x0000000000003150                InternalUSBStartOfFrameTick
 .text.ULPIConfigSet
                0x0000000000003184       0x54 /home/ubuntu/tivaware/usblib/gcc/libusb.a(usbulpi.o)
                0x0000000000003184                ULPIConfigSet
 .text.NextConfigDescGet
                0x00000000000031d8       0x34 /home/ubuntu/tivaware/usblib/gcc/libusb.a(usbdcdesc.o)
 .text.USBDCDConfigDescGetSize
                0x000000000000320c       0x1e /home/ubuntu/tivaware/usblib/gcc/libusb.a(usbdcdesc.o)
                0x000000000000320c                USBDCDConfigDescGetSize
 .text.USBDCDConfigDescGetNum
                0x000000000000322a       0x2a /home/ubuntu/tivaware/usblib/gcc/libusb.a(usbdcdesc.o)
                0x000000000000322a                USBDCDConfigDescGetNum
 .text.USBDCDConfigDescGet
                0x0000000000003254       0x58 /home/ubuntu/tivaware/usblib/gcc/libusb.a(usbdcdesc.o)
                0x0000000000003254                USBDCDConfigDescGet
 .text.USBDCDConfigGetInterface
                0x00000000000032ac       0x58 /home/ubuntu/tivaware/usblib/gcc/libusb.a(usbdcdesc.o)
                0x00000000000032ac                USBDCDConfigGetInterface
 .text.USBDCDConfigGetInterfaceEndpoint
                0x0000000000003304       0x36 /home/ubuntu/tivaware/usblib/gcc/libusb.a(usbdcdesc.o)
                0x0000000000003304                USBDCDConfigGetInterfaceEndpoint
 .text.GetEPDescriptorType
                0x000000000000333a       0x3e /home/ubuntu/tivaware/usblib/gcc/libusb.a(usbdconfig.o)
 .text.USBDeviceConfig
                0x0000000000003378      0x164 /home/ubuntu/tivaware/usblib/gcc/libusb.a(usbdconfig.o)
                0x0000000000003378                USBDeviceConfig
 .text.USBDeviceConfigAlternate
                0x00000000000034dc       0x88 /home/ubuntu/tivaware/usblib/gcc/libusb.a(usbdconfig.o)
                0x00000000000034dc                USBDeviceConfigAlternate
 .text.USBDescGetNum
                0x0000000000003564       0x24 /home/ubuntu/tivaware/usblib/gcc/libusb.a(usbdesc.o)
                0x0000000000003564                USBDescGetNum
 .text.USBDescGet
                0x0000000000003588       0x28 /home/ubuntu/tivaware/usblib/gcc/libusb.a(usbdesc.o)
                0x0000000000003588                USBDescGet
 .text.IntMasterEnable
                0x00000000000035b0        0xe /home/ubuntu/tivaware/driverlib/gcc/libdriver.a(interrupt.o)
                0x00000000000035b0                IntMasterEnable
 .text.IntMasterDisable
                0x00000000000035be        0xe /home/ubuntu/tivaware/driverlib/gcc/libdriver.a(interrupt.o)
                0x00000000000035be                IntMasterDisable
 .text.IntRegister
                0x00000000000035cc       0x34 /home/ubuntu/tivaware/driverlib/gcc/libdriver.a(interrupt.o)
                0x00000000000035cc                IntRegister
 .text.IntEnable
                0x0000000000003600       0x60 /home/ubuntu/tivaware/driverlib/gcc/libdriver.a(interrupt.o)
                0x0000000000003600                IntEnable
 .text.IntDisable
                0x0000000000003660       0x60 /home/ubuntu/tivaware/driverlib/gcc/libdriver.a(interrupt.o)
                0x0000000000003660                IntDisable
 .text.IntIsEnabled
                0x00000000000036c0       0x64 /home/ubuntu/tivaware/driverlib/gcc/libdriver.a(interrupt.o)
                0x00000000000036c0                IntIsEnabled
 .text.SysCtlPeripheralReset
                0x0000000000003724       0x38 /home/ubuntu/tivaware/driverlib/gcc/libdriver.a(sysctl.o)
                0x0000000000003724                SysCtlPeripheralReset
 .text.SysCtlPeripheralEnable
                0x000000000000375c       0x20 /home/ubuntu/tivaware/driverlib/gcc/libdriver.a(sysctl.o)
                0x000000000000375c                SysCtlPeripheralEnable
 .text.SysCtlUSBPLLEnable
                0x000000000000377c       0x10 /home/ubuntu/tivaware/driverlib/gcc/libdriver.a(sysctl.o)
                0x000000000000377c                SysCtlUSBPLLEnable
 .text.SysTickIntRegister
                0x000000000000378c       0x1c /home/ubuntu/tivaware/driverlib/gcc/libdriver.a(systick.o)
                0x000000000000378c                SysTickIntRegister
 .text.uDMAChannelEnable
                0x00000000000037a8       0x14 /home/ubuntu/tivaware/driverlib/gcc/libdriver.a(udma.o)
                0x00000000000037a8                uDMAChannelEnable
 .text.uDMAChannelDisable
                0x00000000000037bc       0x14 /home/ubuntu/tivaware/driverlib/gcc/libdriver.a(udma.o)
                0x00000000000037bc                uDMAChannelDisable
 .text.uDMAChannelAttributeDisable
                0x00000000000037d0       0x4c /home/ubuntu/tivaware/driverlib/gcc/libdriver.a(udma.o)
                0x00000000000037d0                uDMAChannelAttributeDisable
 .text.uDMAChannelControlSet
                0x000000000000381c       0x20 /home/ubuntu/tivaware/driverlib/gcc/libdriver.a(udma.o)
                0x000000000000381c                uDMAChannelControlSet
 .text.uDMAChannelTransferSet
                0x000000000000383c       0x88 /home/ubuntu/tivaware/driverlib/gcc/libdriver.a(udma.o)
                0x000000000000383c                uDMAChannelTransferSet
 .text.uDMAChannelModeGet
                0x00000000000038c4       0x24 /home/ubuntu/tivaware/driverlib/gcc/libdriver.a(udma.o)
                0x00000000000038c4                uDMAChannelModeGet
 .text._USBIntNumberGet.isra.0
                0x00000000000038e8       0x34 /home/ubuntu/tivaware/driverlib/gcc/libdriver.a(usb.o)
 .text.USBHostResume
                0x000000000000391c       0x12 /home/ubuntu/tivaware/driverlib/gcc/libdriver.a(usb.o)
                0x000000000000391c                USBHostResume
 *fill*         0x000000000000392e        0x2 
 .text.USBIntEnableControl
                0x0000000000003930       0x28 /home/ubuntu/tivaware/driverlib/gcc/libdriver.a(usb.o)
                0x0000000000003930                USBIntEnableControl
 .text.USBIntStatusControl
                0x0000000000003958       0x3c /home/ubuntu/tivaware/driverlib/gcc/libdriver.a(usb.o)
                0x0000000000003958                USBIntStatusControl
 .text.USBIntEnableEndpoint
                0x0000000000003994       0x16 /home/ubuntu/tivaware/driverlib/gcc/libdriver.a(usb.o)
                0x0000000000003994                USBIntEnableEndpoint
 .text.USBIntStatusEndpoint
                0x00000000000039aa        0xa /home/ubuntu/tivaware/driverlib/gcc/libdriver.a(usb.o)
                0x00000000000039aa                USBIntStatusEndpoint
 .text.USBIntRegister
                0x00000000000039b4       0x1a /home/ubuntu/tivaware/driverlib/gcc/libdriver.a(usb.o)
                0x00000000000039b4                USBIntRegister
 .text.USBEndpointStatus
                0x00000000000039ce       0x10 /home/ubuntu/tivaware/driverlib/gcc/libdriver.a(usb.o)
                0x00000000000039ce                USBEndpointStatus
 .text.USBDevEndpointStatusClear
                0x00000000000039de       0x5a /home/ubuntu/tivaware/driverlib/gcc/libdriver.a(usb.o)
                0x00000000000039de                USBDevEndpointStatusClear
 .text.USBDevEndpointStall
                0x0000000000003a38       0x30 /home/ubuntu/tivaware/driverlib/gcc/libdriver.a(usb.o)
                0x0000000000003a38                USBDevEndpointStall
 .text.USBDevEndpointStallClear
                0x0000000000003a68       0x40 /home/ubuntu/tivaware/driverlib/gcc/libdriver.a(usb.o)
                0x0000000000003a68                USBDevEndpointStallClear
 .text.USBDevConnect
                0x0000000000003aa8        0xa /home/ubuntu/tivaware/driverlib/gcc/libdriver.a(usb.o)
                0x0000000000003aa8                USBDevConnect
 .text.USBDevDisconnect
                0x0000000000003ab2        0xa /home/ubuntu/tivaware/driverlib/gcc/libdriver.a(usb.o)
                0x0000000000003ab2                USBDevDisconnect
 .text.USBDevAddrSet
                0x0000000000003abc        0x6 /home/ubuntu/tivaware/driverlib/gcc/libdriver.a(usb.o)
                0x0000000000003abc                USBDevAddrSet
 .text.USBDevEndpointConfigSet
                0x0000000000003ac2       0x80 /home/ubuntu/tivaware/driverlib/gcc/libdriver.a(usb.o)
                0x0000000000003ac2                USBDevEndpointConfigSet
 .text.USBFIFOConfigSet
                0x0000000000003b42       0x40 /home/ubuntu/tivaware/driverlib/gcc/libdriver.a(usb.o)
                0x0000000000003b42                USBFIFOConfigSet
 .text.USBEndpointDMAConfigSet
                0x0000000000003b82       0x4a /home/ubuntu/tivaware/driverlib/gcc/libdriver.a(usb.o)
                0x0000000000003b82                USBEndpointDMAConfigSet
 .text.USBEndpointDMAEnable
                0x0000000000003bcc       0x1e /home/ubuntu/tivaware/driverlib/gcc/libdriver.a(usb.o)
                0x0000000000003bcc                USBEndpointDMAEnable
 .text.USBEndpointDMADisable
                0x0000000000003bea       0x1e /home/ubuntu/tivaware/driverlib/gcc/libdriver.a(usb.o)
                0x0000000000003bea                USBEndpointDMADisable
 .text.USBEndpointDataAvail
                0x0000000000003c08       0x20 /home/ubuntu/tivaware/driverlib/gcc/libdriver.a(usb.o)
                0x0000000000003c08                USBEndpointDataAvail
 .text.USBEndpointDataGet
                0x0000000000003c28       0x46 /home/ubuntu/tivaware/driverlib/gcc/libdriver.a(usb.o)
                0x0000000000003c28                USBEndpointDataGet
 .text.USBDevEndpointDataAck
                0x0000000000003c6e       0x1e /home/ubuntu/tivaware/driverlib/gcc/libdriver.a(usb.o)
                0x0000000000003c6e                USBDevEndpointDataAck
 .text.USBEndpointDataPut
                0x0000000000003c8c       0x32 /home/ubuntu/tivaware/driverlib/gcc/libdriver.a(usb.o)
                0x0000000000003c8c                USBEndpointDataPut
 .text.USBEndpointDataSend
                0x0000000000003cbe       0x2a /home/ubuntu/tivaware/driverlib/gcc/libdriver.a(usb.o)
                0x0000000000003cbe                USBEndpointDataSend
 .text.USBFIFOAddrGet
                0x0000000000003ce8        0x8 /home/ubuntu/tivaware/driverlib/gcc/libdriver.a(usb.o)
                0x0000000000003ce8                USBFIFOAddrGet
 .text.USBEndpointDMAChannel
                0x0000000000003cf0       0x1e /home/ubuntu/tivaware/driverlib/gcc/libdriver.a(usb.o)
                0x0000000000003cf0                USBEndpointDMAChannel
 .text.USBDevMode
                0x0000000000003d0e        0x8 /home/ubuntu/tivaware/driverlib/gcc/libdriver.a(usb.o)
                0x0000000000003d0e                USBDevMode
 .text.USBOTGMode
                0x0000000000003d16        0x8 /home/ubuntu/tivaware/driverlib/gcc/libdriver.a(usb.o)
                0x0000000000003d16                USBOTGMode
 .text.USBEndpointPacketCountSet
                0x0000000000003d1e       0x12 /home/ubuntu/tivaware/driverlib/gcc/libdriver.a(usb.o)
                0x0000000000003d1e                USBEndpointPacketCountSet
 .text.USBControllerVersion
                0x0000000000003d30        0xa /home/ubuntu/tivaware/driverlib/gcc/libdriver.a(usb.o)
                0x0000000000003d30                USBControllerVersion
 .text.USBClockEnable
                0x0000000000003d3a        0xa /home/ubuntu/tivaware/driverlib/gcc/libdriver.a(usb.o)
                0x0000000000003d3a                USBClockEnable
 .text.USBDMAChannelIntEnable
                0x0000000000003d44       0x10 /home/ubuntu/tivaware/driverlib/gcc/libdriver.a(usb.o)
                0x0000000000003d44                USBDMAChannelIntEnable
 .text.USBDMAChannelIntDisable
                0x0000000000003d54       0x10 /home/ubuntu/tivaware/driverlib/gcc/libdriver.a(usb.o)
                0x0000000000003d54                USBDMAChannelIntDisable
 .text.USBDMAChannelIntStatus
                0x0000000000003d64        0x6 /home/ubuntu/tivaware/driverlib/gcc/libdriver.a(usb.o)
                0x0000000000003d64                USBDMAChannelIntStatus
 .text.USBDMAChannelEnable
                0x0000000000003d6a       0x10 /home/ubuntu/tivaware/driverlib/gcc/libdriver.a(usb.o)
                0x0000000000003d6a                USBDMAChannelEnable
 .text.USBDMAChannelDisable
                0x0000000000003d7a       0x10 /home/ubuntu/tivaware/driverlib/gcc/libdriver.a(usb.o)
                0x0000000000003d7a                USBDMAChannelDisable
 .text.USBDMAChannelConfigSet
                0x0000000000003d8a       0x12 /home/ubuntu/tivaware/driverlib/gcc/libdriver.a(usb.o)
                0x0000000000003d8a                USBDMAChannelConfigSet
 .text.USBDMAChannelStatus
                0x0000000000003d9c        0xe /home/ubuntu/tivaware/driverlib/gcc/libdriver.a(usb.o)
                0x0000000000003d9c                USBDMAChannelStatus
 .text.USBDMAChannelAddressSet
                0x0000000000003daa        0xa /home/ubuntu/tivaware/driverlib/gcc/libdriver.a(usb.o)
                0x0000000000003daa                USBDMAChannelAddressSet
 .text.USBDMAChannelCountSet
                0x0000000000003db4        0xa /home/ubuntu/tivaware/driverlib/gcc/libdriver.a(usb.o)
                0x0000000000003db4                USBDMAChannelCountSet
 .text.USBULPIEnable
                0x0000000000003dbe        0xe /home/ubuntu/tivaware/driverlib/gcc/libdriver.a(usb.o)
                0x0000000000003dbe                USBULPIEnable
 .text.USBULPIDisable
                0x0000000000003dcc        0xe /home/ubuntu/tivaware/driverlib/gcc/libdriver.a(usb.o)
                0x0000000000003dcc                USBULPIDisable
 .text.USBULPIRegRead
                0x0000000000003dda       0x20 /home/ubuntu/tivaware/driverlib/gcc/libdriver.a(usb.o)
                0x0000000000003dda                USBULPIRegRead
 .text.USBULPIRegWrite
                0x0000000000003dfa       0x20 /home/ubuntu/tivaware/driverlib/gcc/libdriver.a(usb.o)
                0x0000000000003dfa                USBULPIRegWrite
 .text.USBDevLPMConfig
                0x0000000000003e1a        0x8 /home/ubuntu/tivaware/driverlib/gcc/libdriver.a(usb.o)
                0x0000000000003e1a                USBDevLPMConfig
 .text.USBDevLPMEnable
                0x0000000000003e22        0xe /home/ubuntu/tivaware/driverlib/gcc/libdriver.a(usb.o)
                0x0000000000003e22                USBDevLPMEnable
 .text.USBDevLPMDisable
                0x0000000000003e30        0xe /home/ubuntu/tivaware/driverlib/gcc/libdriver.a(usb.o)
                0x0000000000003e30                USBDevLPMDisable
 .text.USBLPMIntStatus
                0x0000000000003e3e        0x6 /home/ubuntu/tivaware/driverlib/gcc/libdriver.a(usb.o)
                0x0000000000003e3e                USBLPMIntStatus
 .text.USBLPMIntEnable
                0x0000000000003e44        0xe /home/ubuntu/tivaware/driverlib/gcc/libdriver.a(usb.o)
                0x0000000000003e44                USBLPMIntEnable
 .text.CPUcpsid
                0x0000000000003e52        0x8 /home/ubuntu/tivaware/driverlib/gcc/libdriver.a(cpu.o)
                0x0000000000003e52                CPUcpsid
 .text.CPUcpsie
                0x0000000000003e5a        0x8 /home/ubuntu/tivaware/driverlib/gcc/libdriver.a(cpu.o)
                0x0000000000003e5a                CPUcpsie
 *fill*         0x0000000000003e62        0x2 
 .text          0x0000000000003e64      0x134 /usr/bin/../lib/gcc/arm-none-eabi/7.3.1/../../../../arm-none-eabi/lib/thumb/v7e-m/fpv4-sp/hard/libc.a(lib_a-memcpy.o)
                0x0000000000003e64                memcpy
 .text.realloc  0x0000000000003f98       0x10 /usr/bin/../lib/gcc/arm-none-eabi/7.3.1/../../../../arm-none-eabi/lib/thumb/v7e-m/fpv4-sp/hard/libc.a(lib_a-realloc.o)
                0x0000000000003f98                realloc
 .text._realloc_r
                0x0000000000003fa8      0x35c /usr/bin/../lib/gcc/arm-none-eabi/7.3.1/../../../../arm-none-eabi/lib/thumb/v7e-m/fpv4-sp/hard/libc.a(lib_a-reallocr.o)
                0x0000000000003fa8                _realloc_r
 *fill*         0x0000000000004304       0x3c 
 .text          0x0000000000004340       0xdc /usr/bin/../lib/gcc/arm-none-eabi/7.3.1/../../../../arm-none-eabi/lib/thumb/v7e-m/fpv4-sp/hard/libc.a(lib_a-strlen.o)
                0x0000000000004340                strlen
 .text._malloc_trim_r
                0x000000000000441c       0xa0 /usr/bin/../lib/gcc/arm-none-eabi/7.3.1/../../../../arm-none-eabi/lib/thumb/v7e-m/fpv4-sp/hard/libc.a(lib_a-freer.o)
                0x000000000000441c                _malloc_trim_r
 .text._free_r  0x00000000000044bc      0x1e8 /usr/bin/../lib/gcc/arm-none-eabi/7.3.1/../../../../arm-none-eabi/lib/thumb/v7e-m/fpv4-sp/hard/libc.a(lib_a-freer.o)
                0x00000000000044bc                _free_r
 .text._malloc_r
                0x00000000000046a4      0x548 /usr/bin/../lib/gcc/arm-none-eabi/7.3.1/../../../../arm-none-eabi/lib/thumb/v7e-m/fpv4-sp/hard/libc.a(lib_a-mallocr.o)
                0x00000000000046a4                _malloc_r
 .text.memmove  0x0000000000004bec       0xc8 /usr/bin/../lib/gcc/arm-none-eabi/7.3.1/../../../../arm-none-eabi/lib/thumb/v7e-m/fpv4-sp/hard/libc.a(lib_a-memmove.o)
                0x0000000000004bec                memmove
 .text.__malloc_lock
                0x0000000000004cb4        0xc /usr/bin/../lib/gcc/arm-none-eabi/7.3.1/../../../../arm-none-eabi/lib/thumb/v7e-m/fpv4-sp/hard/libc.a(lib_a-mlock.o)
                0x0000000000004cb4                __malloc_lock
 .text.__malloc_unlock
                0x0000000000004cc0        0xc /usr/bin/../lib/gcc/arm-none-eabi/7.3.1/../../../../arm-none-eabi/lib/thumb/v7e-m/fpv4-sp/hard/libc.a(lib_a-mlock.o)
                0x0000000000004cc0                __malloc_unlock
 .text._sbrk_r  0x0000000000004ccc       0x24 /usr/bin/../lib/gcc/arm-none-eabi/7.3.1/../../../../arm-none-eabi/lib/thumb/v7e-m/fpv4-sp/hard/libc.a(lib_a-sbrkr.o)
                0x0000000000004ccc                _sbrk_r
 .text.__retarget_lock_acquire_recursive
                0x0000000000004cf0        0x4 /usr/bin/../lib/gcc/arm-none-eabi/7.3.1/../../../../arm-none-eabi/lib/thumb/v7e-m/fpv4-sp/hard/libc.a(lib_a-lock.o)
                0x0000000000004cf0                __retarget_lock_acquire_recursive
 .text.__retarget_lock_release_recursive
                0x0000000000004cf4        0x4 /usr/bin/../lib/gcc/arm-none-eabi/7.3.1/../../../../arm-none-eabi/lib/thumb/v7e-m/fpv4-sp/hard/libc.a(lib_a-lock.o)
                0x0000000000004cf4                __retarget_lock_release_recursive
 .text._sbrk    0x0000000000004cf8       0x1c /usr/bin/../lib/gcc/arm-none-eabi/7.3.1/../../../../arm-none-eabi/lib/thumb/v7e-m/fpv4-sp/hard/libnosys.a(sbrk.o)
                0x0000000000004cf8                _sbrk
 *(.glue_7t)
 .glue_7t       0x0000000000004d14        0x0 linker stubs
 *(.glue_7)
 .glue_7        0x0000000000004d14        0x0 linker stubs
 *(.rodata .rodata* .gnu.linkonce.r.*)
 .rodata._ZTVN8std_msgs4TimeE
                0x0000000000004d14       0x18 CMakeFiles/rgb_srv.axf.dir/rgb_led.cpp.obj
                0x0000000000004d14                vtable for std_msgs::Time
 .rodata._ZTVN14rosserial_msgs9TopicInfoE
                0x0000000000004d2c       0x18 CMakeFiles/rgb_srv.axf.dir/rgb_led.cpp.obj
                0x0000000000004d2c                vtable for rosserial_msgs::TopicInfo
 .rodata._ZTVN14rosserial_msgs3LogE
                0x0000000000004d44       0x18 CMakeFiles/rgb_srv.axf.dir/rgb_led.cpp.obj
                0x0000000000004d44                vtable for rosserial_msgs::Log
 .rodata._ZTVN14rosserial_msgs20RequestParamResponseE
                0x0000000000004d5c       0x18 CMakeFiles/rgb_srv.axf.dir/rgb_led.cpp.obj
                0x0000000000004d5c                vtable for rosserial_msgs::RequestParamResponse
 .rodata._ZTVN8std_msgs9ColorRGBAE
                0x0000000000004d74       0x18 CMakeFiles/rgb_srv.axf.dir/rgb_led.cpp.obj
                0x0000000000004d74                vtable for std_msgs::ColorRGBA
 .rodata._ZTVN25rosserial_tivac_tutorials16ColorRGBARequestE
                0x0000000000004d8c       0x18 CMakeFiles/rgb_srv.axf.dir/rgb_led.cpp.obj
                0x0000000000004d8c                vtable for rosserial_tivac_tutorials::ColorRGBARequest
 .rodata._ZTVN25rosserial_tivac_tutorials17ColorRGBAResponseE
                0x0000000000004da4       0x18 CMakeFiles/rgb_srv.axf.dir/rgb_led.cpp.obj
                0x0000000000004da4                vtable for rosserial_tivac_tutorials::ColorRGBAResponse
 .rodata._ZTVN3ros11NodeHandle_I13TivaCHardwareLi25ELi25ELi512ELi512EEE
                0x0000000000004dbc       0x14 CMakeFiles/rgb_srv.axf.dir/rgb_led.cpp.obj
                0x0000000000004dbc                vtable for ros::NodeHandle_<TivaCHardware, 25, 25, 512, 512>
 .rodata._ZTVN3ros13ServiceServerIN25rosserial_tivac_tutorials16ColorRGBARequestENS1_17ColorRGBAResponseEvEE
                0x0000000000004dd0       0x18 CMakeFiles/rgb_srv.axf.dir/rgb_led.cpp.obj
                0x0000000000004dd0                vtable for ros::ServiceServer<rosserial_tivac_tutorials::ColorRGBARequest, rosserial_tivac_tutorials::ColorRGBAResponse, void>
 .rodata._GLOBAL__sub_I_current_color.str1.1
                0x0000000000004de8        0x4 CMakeFiles/rgb_srv.axf.dir/rgb_led.cpp.obj
 .rodata._ZN14rosserial_msgs20RequestParamResponse6getMD5Ev.str1.1
                0x0000000000004dec       0x21 CMakeFiles/rgb_srv.axf.dir/rgb_led.cpp.obj
 .rodata._ZN14rosserial_msgs3Log6getMD5Ev.str1.1
                0x0000000000004e0d       0x21 CMakeFiles/rgb_srv.axf.dir/rgb_led.cpp.obj
 .rodata._ZN14rosserial_msgs3Log7getTypeEv.str1.1
                0x0000000000004e2e       0x13 CMakeFiles/rgb_srv.axf.dir/rgb_led.cpp.obj
 .rodata._ZN14rosserial_msgs9TopicInfo6getMD5Ev.str1.1
                0x0000000000004e41       0x21 CMakeFiles/rgb_srv.axf.dir/rgb_led.cpp.obj
 .rodata._ZN14rosserial_msgs9TopicInfo7getTypeEv.str1.1
                0x0000000000004e62       0x19 CMakeFiles/rgb_srv.axf.dir/rgb_led.cpp.obj
 .rodata._ZN14rosserial_msgsL12REQUESTPARAME
                0x0000000000004e7b       0x1c CMakeFiles/rgb_srv.axf.dir/rgb_led.cpp.obj
 .rodata._ZN25rosserial_tivac_tutorials16ColorRGBARequest6getMD5Ev.str1.1
                0x0000000000004e97       0x21 CMakeFiles/rgb_srv.axf.dir/rgb_led.cpp.obj
 .rodata._ZN25rosserial_tivac_tutorials17ColorRGBAResponse6getMD5Ev.str1.1
                0x0000000000004eb8       0x21 CMakeFiles/rgb_srv.axf.dir/rgb_led.cpp.obj
 .rodata._ZN25rosserial_tivac_tutorialsL9COLORRGBAE
                0x0000000000004ed9       0x24 CMakeFiles/rgb_srv.axf.dir/rgb_led.cpp.obj
 .rodata._ZN3ros11NodeHandle_I13TivaCHardwareLi25ELi25ELi512ELi512EE15negotiateTopicsEv.str1.1
                0x0000000000004efd       0x21 CMakeFiles/rgb_srv.axf.dir/rgb_led.cpp.obj
                                          0x1 (size before relaxing)
 .rodata._ZN3ros11NodeHandle_I13TivaCHardwareLi25ELi25ELi512ELi512EE7publishEiPKNS_3MsgE.str1.1
                0x0000000000004efd       0x39 CMakeFiles/rgb_srv.axf.dir/rgb_led.cpp.obj
 .rodata._ZN8std_msgs4Time6getMD5Ev.str1.1
                0x0000000000004f36       0x21 CMakeFiles/rgb_srv.axf.dir/rgb_led.cpp.obj
 .rodata._ZN8std_msgs4Time7getTypeEv.str1.1
                0x0000000000004f57        0xe CMakeFiles/rgb_srv.axf.dir/rgb_led.cpp.obj
 .rodata._ZN8std_msgs9ColorRGBA6getMD5Ev.str1.1
                0x0000000000004f65       0x21 CMakeFiles/rgb_srv.axf.dir/rgb_led.cpp.obj
 .rodata._ZN8std_msgs9ColorRGBA7getTypeEv.str1.1
                0x0000000000004f86       0x13 CMakeFiles/rgb_srv.axf.dir/rgb_led.cpp.obj
 *fill*         0x0000000000004f99        0x3 
 .rodata.g_ppui8StringDescriptors
                0x0000000000004f9c       0x18 CMakeFiles/rgb_srv.axf.dir/home/ubuntu/catkin_bot/build/rosserial_tivac_tutorials/ros_lib/usb_serial_structs.c.obj
                0x0000000000004f9c                g_ppui8StringDescriptors
 .rodata.g_pui8ConfigString
                0x0000000000004fb4       0x36 CMakeFiles/rgb_srv.axf.dir/home/ubuntu/catkin_bot/build/rosserial_tivac_tutorials/ros_lib/usb_serial_structs.c.obj
                0x0000000000004fb4                g_pui8ConfigString
 .rodata.g_pui8ControlInterfaceString
                0x0000000000004fea       0x2c CMakeFiles/rgb_srv.axf.dir/home/ubuntu/catkin_bot/build/rosserial_tivac_tutorials/ros_lib/usb_serial_structs.c.obj
                0x0000000000004fea                g_pui8ControlInterfaceString
 .rodata.g_pui8LangDescriptor
                0x0000000000005016        0x4 CMakeFiles/rgb_srv.axf.dir/home/ubuntu/catkin_bot/build/rosserial_tivac_tutorials/ros_lib/usb_serial_structs.c.obj
                0x0000000000005016                g_pui8LangDescriptor
 .rodata.g_pui8ManufacturerString
                0x000000000000501a       0x24 CMakeFiles/rgb_srv.axf.dir/home/ubuntu/catkin_bot/build/rosserial_tivac_tutorials/ros_lib/usb_serial_structs.c.obj
                0x000000000000501a                g_pui8ManufacturerString
 .rodata.g_pui8ProductString
                0x000000000000503e       0x22 CMakeFiles/rgb_srv.axf.dir/home/ubuntu/catkin_bot/build/rosserial_tivac_tutorials/ros_lib/usb_serial_structs.c.obj
                0x000000000000503e                g_pui8ProductString
 .rodata.g_pui8SerialNumberString
                0x0000000000005060       0x12 CMakeFiles/rgb_srv.axf.dir/home/ubuntu/catkin_bot/build/rosserial_tivac_tutorials/ros_lib/usb_serial_structs.c.obj
                0x0000000000005060                g_pui8SerialNumberString
 *fill*         0x0000000000005072        0x2 
 .rodata.g_pCDCCompSerConfigDescriptors
                0x0000000000005074        0x4 /home/ubuntu/tivaware/usblib/gcc/libusb.a(usbdcdc.o)
                0x0000000000005074                g_pCDCCompSerConfigDescriptors
 .rodata.g_pCDCCompSerConfigDescriptorsHS
                0x0000000000005078        0x4 /home/ubuntu/tivaware/usblib/gcc/libusb.a(usbdcdc.o)
                0x0000000000005078                g_pCDCCompSerConfigDescriptorsHS
 .rodata.g_ppCDCSerConfigDescriptors
                0x000000000000507c        0x4 /home/ubuntu/tivaware/usblib/gcc/libusb.a(usbdcdc.o)
                0x000000000000507c                g_ppCDCSerConfigDescriptors
 .rodata.g_ppCDCSerConfigDescriptorsHS
                0x0000000000005080        0x4 /home/ubuntu/tivaware/usblib/gcc/libusb.a(usbdcdc.o)
                0x0000000000005080                g_ppCDCSerConfigDescriptorsHS
 .rodata.g_pui8CDCSerCommInterface
                0x0000000000005084       0x23 /home/ubuntu/tivaware/usblib/gcc/libusb.a(usbdcdc.o)
                0x0000000000005084                g_pui8CDCSerCommInterface
 .rodata.g_pui8CDCSerDataInterface
                0x00000000000050a7       0x17 /home/ubuntu/tivaware/usblib/gcc/libusb.a(usbdcdc.o)
                0x00000000000050a7                g_pui8CDCSerDataInterface
 .rodata.g_pui8CDCSerDataInterfaceHS
                0x00000000000050be       0x17 /home/ubuntu/tivaware/usblib/gcc/libusb.a(usbdcdc.o)
                0x00000000000050be                g_pui8CDCSerDataInterfaceHS
 *fill*         0x00000000000050d5        0x3 
 .rodata.g_sCDCCompSerConfigHeader
                0x00000000000050d8        0x8 /home/ubuntu/tivaware/usblib/gcc/libusb.a(usbdcdc.o)
                0x00000000000050d8                g_sCDCCompSerConfigHeader
 .rodata.g_sCDCCompSerConfigHeaderHS
                0x00000000000050e0        0x8 /home/ubuntu/tivaware/usblib/gcc/libusb.a(usbdcdc.o)
                0x00000000000050e0                g_sCDCCompSerConfigHeaderHS
 .rodata.g_sCDCHandlers
                0x00000000000050e8       0x30 /home/ubuntu/tivaware/usblib/gcc/libusb.a(usbdcdc.o)
                0x00000000000050e8                g_sCDCHandlers
 .rodata.g_sCDCSerCommInterfaceSection
                0x0000000000005118        0x8 /home/ubuntu/tivaware/usblib/gcc/libusb.a(usbdcdc.o)
                0x0000000000005118                g_sCDCSerCommInterfaceSection
 .rodata.g_sCDCSerConfigHeader
                0x0000000000005120        0x8 /home/ubuntu/tivaware/usblib/gcc/libusb.a(usbdcdc.o)
                0x0000000000005120                g_sCDCSerConfigHeader
 .rodata.g_sCDCSerConfigHeaderHS
                0x0000000000005128        0x8 /home/ubuntu/tivaware/usblib/gcc/libusb.a(usbdcdc.o)
                0x0000000000005128                g_sCDCSerConfigHeaderHS
 .rodata.g_sCDCSerConfigSection
                0x0000000000005130        0x8 /home/ubuntu/tivaware/usblib/gcc/libusb.a(usbdcdc.o)
                0x0000000000005130                g_sCDCSerConfigSection
 .rodata.g_sCDCSerDataInterfaceSection
                0x0000000000005138        0x8 /home/ubuntu/tivaware/usblib/gcc/libusb.a(usbdcdc.o)
                0x0000000000005138                g_sCDCSerDataInterfaceSection
 .rodata.g_sCDCSerDataInterfaceSectionHS
                0x0000000000005140        0x8 /home/ubuntu/tivaware/usblib/gcc/libusb.a(usbdcdc.o)
                0x0000000000005140                g_sCDCSerDataInterfaceSectionHS
 .rodata.g_sIADSerConfigSection
                0x0000000000005148        0x8 /home/ubuntu/tivaware/usblib/gcc/libusb.a(usbdcdc.o)
                0x0000000000005148                g_sIADSerConfigSection
 .rodata.g_psUSBDStdRequests
                0x0000000000005150       0x34 /home/ubuntu/tivaware/usblib/gcc/libusb.a(usbdenum.o)
 .rodata.g_pui32Dii16Regs
                0x0000000000005184       0x14 /home/ubuntu/tivaware/driverlib/gcc/libdriver.a(interrupt.o)
 .rodata.g_pui32EnRegs
                0x0000000000005198       0x14 /home/ubuntu/tivaware/driverlib/gcc/libdriver.a(interrupt.o)
 *(.ARM.extab* .gnu.linkonce.armextab.*)
                0x00000000000051ac                . = ALIGN (0x4)
 *(.init)
                0x00000000000051ac                . = ALIGN (0x4)
                0x00000000000051ac                __preinit_array_start = .
 *(SORT_BY_NAME(.preinit_array*))
 *(.preinit_array)
                0x00000000000051ac                __preinit_array_end = .
                0x00000000000051ac                . = ALIGN (0x4)
                0x00000000000051ac                __init_array_start = .
 *(SORT_BY_NAME(.init_array.*))
 *(.init_array)
 .init_array    0x00000000000051ac        0x4 CMakeFiles/rgb_srv.axf.dir/rgb_led.cpp.obj
                0x00000000000051b0                __init_array_end = .
                0x00000000000051b0                . = ALIGN (0x4)
 *(.fini)
                0x00000000000051b0                . = ALIGN (0x4)
                0x00000000000051b0                __fini_array_start = .
 *(.fini_array)
 *(SORT_BY_NAME(.fini_array.*))
                0x00000000000051b0                __fini_array_end = .
                0x00000000000051b0                . = ALIGN (0x4)
                0x00000000000051b0                _etext = .

.vfp11_veneer   0x00000000000051b0        0x0
 .vfp11_veneer  0x00000000000051b0        0x0 linker stubs

.v4_bx          0x00000000000051b0        0x0
 .v4_bx         0x00000000000051b0        0x0 linker stubs

.iplt           0x00000000000051b0        0x0
 .iplt          0x00000000000051b0        0x0 CMakeFiles/rgb_srv.axf.dir/rgb_led.cpp.obj

.rel.dyn        0x00000000000051b0        0x0
 .rel.iplt      0x00000000000051b0        0x0 CMakeFiles/rgb_srv.axf.dir/rgb_led.cpp.obj

.data           0x0000000020000000      0xbf8 load address 0x00000000000051b0
                0x0000000020000000                . = ALIGN (0x4)
                0x0000000020000000                _data = .
 *(vtable)
 vtable         0x0000000020000000      0x26c /home/ubuntu/tivaware/driverlib/gcc/libdriver.a(interrupt.o)
 *(.data .data* .gnu.linkonce.d.*)
 .data.current_color
                0x000000002000026c        0xc CMakeFiles/rgb_srv.axf.dir/rgb_led.cpp.obj
                0x000000002000026c                current_color
 .data.current_intensity
                0x0000000020000278        0x4 CMakeFiles/rgb_srv.axf.dir/rgb_led.cpp.obj
                0x0000000020000278                current_intensity
 .data.g_fIntensity
                0x000000002000027c        0x4 CMakeFiles/rgb_srv.axf.dir/home/ubuntu/tivaware/examples/boards/ek-tm4c123gxl/drivers/rgb.c.obj
 .data.g_sCDCDevice
                0x0000000020000280       0x60 CMakeFiles/rgb_srv.axf.dir/home/ubuntu/catkin_bot/build/rosserial_tivac_tutorials/ros_lib/usb_serial_structs.c.obj
                0x0000000020000280                g_sCDCDevice
 .data.g_sRxBuffer
                0x00000000200002e0       0x38 CMakeFiles/rgb_srv.axf.dir/home/ubuntu/catkin_bot/build/rosserial_tivac_tutorials/ros_lib/usb_serial_structs.c.obj
                0x00000000200002e0                g_sRxBuffer
 .data.g_sTxBuffer
                0x0000000020000318       0x38 CMakeFiles/rgb_srv.axf.dir/home/ubuntu/catkin_bot/build/rosserial_tivac_tutorials/ros_lib/usb_serial_structs.c.obj
                0x0000000020000318                g_sTxBuffer
 .data.g_psCDCCompSerSections
                0x0000000020000350       0x10 /home/ubuntu/tivaware/usblib/gcc/libusb.a(usbdcdc.o)
                0x0000000020000350                g_psCDCCompSerSections
 .data.g_psCDCCompSerSectionsHS
                0x0000000020000360       0x10 /home/ubuntu/tivaware/usblib/gcc/libusb.a(usbdcdc.o)
                0x0000000020000360                g_psCDCCompSerSectionsHS
 .data.g_psCDCSerSections
                0x0000000020000370        0xc /home/ubuntu/tivaware/usblib/gcc/libusb.a(usbdcdc.o)
                0x0000000020000370                g_psCDCSerSections
 .data.g_psCDCSerSectionsHS
                0x000000002000037c        0xc /home/ubuntu/tivaware/usblib/gcc/libusb.a(usbdcdc.o)
                0x000000002000037c                g_psCDCSerSectionsHS
 .data.g_pui8CDCSerDescriptor
                0x0000000020000388        0x9 /home/ubuntu/tivaware/usblib/gcc/libusb.a(usbdcdc.o)
                0x0000000020000388                g_pui8CDCSerDescriptor
 .data.g_pui8CDCSerDeviceDescriptor
                0x0000000020000391       0x12 /home/ubuntu/tivaware/usblib/gcc/libusb.a(usbdcdc.o)
                0x0000000020000391                g_pui8CDCSerDeviceDescriptor
 .data.g_pui8IADSerDescriptor
                0x00000000200003a3        0x8 /home/ubuntu/tivaware/usblib/gcc/libusb.a(usbdcdc.o)
                0x00000000200003a3                g_pui8IADSerDescriptor
 *fill*         0x00000000200003ab        0x1 
 .data.g_ui16MaxPacketSize
                0x00000000200003ac        0x2 /home/ubuntu/tivaware/usblib/gcc/libusb.a(usbdcdc.o)
 *fill*         0x00000000200003ae        0x2 
 .data.g_ui32PLLDiv
                0x00000000200003b0        0x4 /home/ubuntu/tivaware/usblib/gcc/libusb.a(usbdenum.o)
 .data.g_iUSBMode
                0x00000000200003b4        0x1 /home/ubuntu/tivaware/usblib/gcc/libusb.a(usbmode.o)
                0x00000000200003b4                g_iUSBMode
 *fill*         0x00000000200003b5        0x3 
 .data._impure_ptr
                0x00000000200003b8        0x4 /usr/bin/../lib/gcc/arm-none-eabi/7.3.1/../../../../arm-none-eabi/lib/thumb/v7e-m/fpv4-sp/hard/libc.a(lib_a-impure.o)
                0x00000000200003b8                _impure_ptr
 *fill*         0x00000000200003bc        0x4 
 .data.impure_data
                0x00000000200003c0      0x428 /usr/bin/../lib/gcc/arm-none-eabi/7.3.1/../../../../arm-none-eabi/lib/thumb/v7e-m/fpv4-sp/hard/libc.a(lib_a-impure.o)
 .data.__malloc_av_
                0x00000000200007e8      0x408 /usr/bin/../lib/gcc/arm-none-eabi/7.3.1/../../../../arm-none-eabi/lib/thumb/v7e-m/fpv4-sp/hard/libc.a(lib_a-mallocr.o)
                0x00000000200007e8                __malloc_av_
 .data.__malloc_sbrk_base
                0x0000000020000bf0        0x4 /usr/bin/../lib/gcc/arm-none-eabi/7.3.1/../../../../arm-none-eabi/lib/thumb/v7e-m/fpv4-sp/hard/libc.a(lib_a-mallocr.o)
                0x0000000020000bf0                __malloc_sbrk_base
 .data.__malloc_trim_threshold
                0x0000000020000bf4        0x4 /usr/bin/../lib/gcc/arm-none-eabi/7.3.1/../../../../arm-none-eabi/lib/thumb/v7e-m/fpv4-sp/hard/libc.a(lib_a-mallocr.o)
                0x0000000020000bf4                __malloc_trim_threshold
                0x0000000020000bf8                _edata = .

.igot.plt       0x0000000020000bf8        0x0 load address 0x0000000000005da8
 .igot.plt      0x0000000020000bf8        0x0 CMakeFiles/rgb_srv.axf.dir/rgb_led.cpp.obj

.bss            0x0000000020000bf8      0x9d8 load address 0x0000000000005da8
                0x0000000020000bf8                . = ALIGN (0x4)
                0x0000000020000bf8                _bss = .
                0x0000000020000bf8                __bss_start__ = _bss
 *(.bss*)
 .bss.nh        0x0000000020000bf8      0x530 CMakeFiles/rgb_srv.axf.dir/rgb_led.cpp.obj
                0x0000000020000bf8                nh
 .bss.rgb_service
                0x0000000020001128       0x44 CMakeFiles/rgb_srv.axf.dir/rgb_led.cpp.obj
                0x0000000020001128                rgb_service
 .bss.g_ui32Colors
                0x000000002000116c        0xc CMakeFiles/rgb_srv.axf.dir/home/ubuntu/tivaware/examples/boards/ek-tm4c123gxl/drivers/rgb.c.obj
 .bss.g_ui32milliseconds
                0x0000000020001178        0x4 CMakeFiles/rgb_srv.axf.dir/home/ubuntu/catkin_bot/build/rosserial_tivac_tutorials/ros_lib/tivac_hardware.cpp.obj
                0x0000000020001178                g_ui32milliseconds
 .bss.g_bUSBConfigured
                0x000000002000117c        0x1 CMakeFiles/rgb_srv.axf.dir/home/ubuntu/catkin_bot/build/rosserial_tivac_tutorials/ros_lib/usb_serial_structs.c.obj
 .bss.g_pui8DataBufferIn
                0x000000002000117d       0x40 /home/ubuntu/tivaware/usblib/gcc/libusb.a(usbdenum.o)
 *fill*         0x00000000200011bd        0x3 
 .bss.g_ui32ULPISupport
                0x00000000200011c0        0x4 /home/ubuntu/tivaware/usblib/gcc/libusb.a(usbdenum.o)
 .bss.ui32SOFDivide.6555
                0x00000000200011c4        0x4 /home/ubuntu/tivaware/usblib/gcc/libusb.a(usbdenum.o)
 .bss.g_psUSBDMAInst
                0x00000000200011c8      0x110 /home/ubuntu/tivaware/usblib/gcc/libusb.a(usbdma.o)
 .bss.g_pfnUSBModeCallback
                0x00000000200012d8        0x4 /home/ubuntu/tivaware/usblib/gcc/libusb.a(usbmode.o)
 .bss.g_bUSBTimerInitialized
                0x00000000200012dc        0x1 /home/ubuntu/tivaware/usblib/gcc/libusb.a(usbtick.o)
                0x00000000200012dc                g_bUSBTimerInitialized
 *fill*         0x00000000200012dd        0x3 
 .bss.g_ui32CurrentUSBTick
                0x00000000200012e0        0x4 /home/ubuntu/tivaware/usblib/gcc/libusb.a(usbtick.o)
                0x00000000200012e0                g_ui32CurrentUSBTick
 .bss.g_ui32USBSOFCount
                0x00000000200012e4        0x4 /home/ubuntu/tivaware/usblib/gcc/libusb.a(usbtick.o)
                0x00000000200012e4                g_ui32USBSOFCount
 .bss.__malloc_current_mallinfo
                0x00000000200012e8       0x28 /usr/bin/../lib/gcc/arm-none-eabi/7.3.1/../../../../arm-none-eabi/lib/thumb/v7e-m/fpv4-sp/hard/libc.a(lib_a-mallocr.o)
                0x00000000200012e8                __malloc_current_mallinfo
 .bss.__malloc_max_sbrked_mem
                0x0000000020001310        0x4 /usr/bin/../lib/gcc/arm-none-eabi/7.3.1/../../../../arm-none-eabi/lib/thumb/v7e-m/fpv4-sp/hard/libc.a(lib_a-mallocr.o)
                0x0000000020001310                __malloc_max_sbrked_mem
 .bss.__malloc_max_total_mem
                0x0000000020001314        0x4 /usr/bin/../lib/gcc/arm-none-eabi/7.3.1/../../../../arm-none-eabi/lib/thumb/v7e-m/fpv4-sp/hard/libc.a(lib_a-mallocr.o)
                0x0000000020001314                __malloc_max_total_mem
 .bss.__malloc_top_pad
                0x0000000020001318        0x4 /usr/bin/../lib/gcc/arm-none-eabi/7.3.1/../../../../arm-none-eabi/lib/thumb/v7e-m/fpv4-sp/hard/libc.a(lib_a-mallocr.o)
                0x0000000020001318                __malloc_top_pad
 .bss.heap_end.5377
                0x000000002000131c        0x4 /usr/bin/../lib/gcc/arm-none-eabi/7.3.1/../../../../arm-none-eabi/lib/thumb/v7e-m/fpv4-sp/hard/libnosys.a(sbrk.o)
 *(COMMON)
 COMMON         0x0000000020001320      0x200 CMakeFiles/rgb_srv.axf.dir/home/ubuntu/catkin_bot/build/rosserial_tivac_tutorials/ros_lib/usb_serial_structs.c.obj
                0x0000000020001320                g_pui8USBRxBuffer
                0x0000000020001420                g_pui8USBTxBuffer
 COMMON         0x0000000020001520       0x54 /home/ubuntu/tivaware/usblib/gcc/libusb.a(usbdenum.o)
                0x0000000020001520                g_psDCDInst
                0x0000000020001570                g_ppsDevInfo
 COMMON         0x0000000020001574       0x30 /home/ubuntu/tivaware/usblib/gcc/libusb.a(usbtick.o)
                0x0000000020001574                g_pvTickInstance
                0x000000002000158c                g_pfnTickHandlers
 COMMON         0x00000000200015a4       0x21 /usr/bin/../lib/gcc/arm-none-eabi/7.3.1/../../../../arm-none-eabi/lib/thumb/v7e-m/fpv4-sp/hard/libc.a(lib_a-lock.o)
                0x00000000200015a4                __lock___atexit_recursive_mutex
                0x00000000200015a8                __lock___arc4random_mutex
                0x00000000200015ac                __lock___env_recursive_mutex
                0x00000000200015b0                __lock___sinit_recursive_mutex
                0x00000000200015b4                __lock___malloc_recursive_mutex
                0x00000000200015b8                __lock___at_quick_exit_mutex
                0x00000000200015bc                __lock___dd_hash_mutex
                0x00000000200015c0                __lock___tz_mutex
                0x00000000200015c4                __lock___sfp_recursive_mutex
 *fill*         0x00000000200015c5        0x3 
 COMMON         0x00000000200015c8        0x4 /usr/bin/../lib/gcc/arm-none-eabi/7.3.1/../../../../arm-none-eabi/lib/thumb/v7e-m/fpv4-sp/hard/libc.a(lib_a-reent.o)
                0x00000000200015c8                errno
                0x00000000200015cc                . = ALIGN (0x4)
                0x00000000200015cc                _ebss = .
                0x00000000200015cc                __bss_end__ = _ebss
                0x00000000200015d0                . = ALIGN (0x8)
 *fill*         0x00000000200015cc        0x4 
                [!provide]                        PROVIDE (__exidx_start = .)

.ARM.exidx
 *(.ARM.exidx* .gnu.linkonce.armexidx.*)
                [!provide]                        PROVIDE (__exidx_end = .)
                0x00000000200015d0                . = ALIGN (0x4)
                0x00000000200015d0                _end = .
                0x00000000200015d0                PROVIDE (end = _end)
                0x0000000020008000                PROVIDE (_estack = (ORIGIN (SRAM) + LENGTH (SRAM)))
OUTPUT(/home/ubuntu/catkin_bot/devel/share/rosserial_tivac_tutorials/rgb_srv.axf elf32-littlearm)

.comment        0x0000000000000000       0x7f
 .comment       0x0000000000000000       0x7f CMakeFiles/rgb_srv.axf.dir/rgb_led.cpp.obj
                                         0x80 (size before relaxing)
 .comment       0x000000000000007f       0x80 CMakeFiles/rgb_srv.axf.dir/home/ubuntu/tivaware/examples/boards/ek-tm4c123gxl/drivers/rgb.c.obj
 .comment       0x000000000000007f       0x80 CMakeFiles/rgb_srv.axf.dir/home/ubuntu/catkin_bot/build/rosserial_tivac_tutorials/ros_lib/startup_gcc.c.obj
 .comment       0x000000000000007f       0x80 CMakeFiles/rgb_srv.axf.dir/home/ubuntu/catkin_bot/build/rosserial_tivac_tutorials/ros_lib/time.cpp.obj
 .comment       0x000000000000007f       0x80 CMakeFiles/rgb_srv.axf.dir/home/ubuntu/catkin_bot/build/rosserial_tivac_tutorials/ros_lib/tivac_hardware.cpp.obj
 .comment       0x000000000000007f       0x80 CMakeFiles/rgb_srv.axf.dir/home/ubuntu/catkin_bot/build/rosserial_tivac_tutorials/ros_lib/usb_serial_structs.c.obj
 .comment       0x000000000000007f       0x80 /home/ubuntu/tivaware/usblib/gcc/libusb.a(usbbuffer.o)
 .comment       0x000000000000007f       0x80 /home/ubuntu/tivaware/usblib/gcc/libusb.a(usbdcdc.o)
 .comment       0x000000000000007f       0x80 /home/ubuntu/tivaware/usblib/gcc/libusb.a(usbdenum.o)
 .comment       0x000000000000007f       0x80 /home/ubuntu/tivaware/usblib/gcc/libusb.a(usbdhandler.o)
 .comment       0x000000000000007f       0x80 /home/ubuntu/tivaware/usblib/gcc/libusb.a(usbdma.o)
 .comment       0x000000000000007f       0x80 /home/ubuntu/tivaware/usblib/gcc/libusb.a(usbmode.o)
 .comment       0x000000000000007f       0x80 /home/ubuntu/tivaware/usblib/gcc/libusb.a(usbringbuf.o)
 .comment       0x000000000000007f       0x80 /home/ubuntu/tivaware/usblib/gcc/libusb.a(usbtick.o)
 .comment       0x000000000000007f       0x80 /home/ubuntu/tivaware/usblib/gcc/libusb.a(usbulpi.o)
 .comment       0x000000000000007f       0x80 /home/ubuntu/tivaware/usblib/gcc/libusb.a(usbdcdesc.o)
 .comment       0x000000000000007f       0x80 /home/ubuntu/tivaware/usblib/gcc/libusb.a(usbdconfig.o)
 .comment       0x000000000000007f       0x80 /home/ubuntu/tivaware/usblib/gcc/libusb.a(usbdesc.o)
 .comment       0x000000000000007f       0x80 /home/ubuntu/tivaware/driverlib/gcc/libdriver.a(interrupt.o)
 .comment       0x000000000000007f       0x80 /home/ubuntu/tivaware/driverlib/gcc/libdriver.a(sysctl.o)
 .comment       0x000000000000007f       0x80 /home/ubuntu/tivaware/driverlib/gcc/libdriver.a(systick.o)
 .comment       0x000000000000007f       0x80 /home/ubuntu/tivaware/driverlib/gcc/libdriver.a(udma.o)
 .comment       0x000000000000007f       0x80 /home/ubuntu/tivaware/driverlib/gcc/libdriver.a(usb.o)
 .comment       0x000000000000007f       0x80 /home/ubuntu/tivaware/driverlib/gcc/libdriver.a(cpu.o)

.ARM.attributes
                0x0000000000000000       0x37
 .ARM.attributes
                0x0000000000000000       0x39 CMakeFiles/rgb_srv.axf.dir/rgb_led.cpp.obj
 .ARM.attributes
                0x0000000000000039       0x39 CMakeFiles/rgb_srv.axf.dir/home/ubuntu/tivaware/examples/boards/ek-tm4c123gxl/drivers/rgb.c.obj
 .ARM.attributes
                0x0000000000000072       0x39 CMakeFiles/rgb_srv.axf.dir/home/ubuntu/catkin_bot/build/rosserial_tivac_tutorials/ros_lib/startup_gcc.c.obj
 .ARM.attributes
                0x00000000000000ab       0x39 CMakeFiles/rgb_srv.axf.dir/home/ubuntu/catkin_bot/build/rosserial_tivac_tutorials/ros_lib/time.cpp.obj
 .ARM.attributes
                0x00000000000000e4       0x39 CMakeFiles/rgb_srv.axf.dir/home/ubuntu/catkin_bot/build/rosserial_tivac_tutorials/ros_lib/tivac_hardware.cpp.obj
 .ARM.attributes
                0x000000000000011d       0x39 CMakeFiles/rgb_srv.axf.dir/home/ubuntu/catkin_bot/build/rosserial_tivac_tutorials/ros_lib/usb_serial_structs.c.obj
 .ARM.attributes
                0x0000000000000156       0x39 /home/ubuntu/tivaware/usblib/gcc/libusb.a(usbbuffer.o)
 .ARM.attributes
                0x000000000000018f       0x39 /home/ubuntu/tivaware/usblib/gcc/libusb.a(usbdcdc.o)
 .ARM.attributes
                0x00000000000001c8       0x39 /home/ubuntu/tivaware/usblib/gcc/libusb.a(usbdenum.o)
 .ARM.attributes
                0x0000000000000201       0x39 /home/ubuntu/tivaware/usblib/gcc/libusb.a(usbdhandler.o)
 .ARM.attributes
                0x000000000000023a       0x39 /home/ubuntu/tivaware/usblib/gcc/libusb.a(usbdma.o)
 .ARM.attributes
                0x0000000000000273       0x39 /home/ubuntu/tivaware/usblib/gcc/libusb.a(usbmode.o)
 .ARM.attributes
                0x00000000000002ac       0x39 /home/ubuntu/tivaware/usblib/gcc/libusb.a(usbringbuf.o)
 .ARM.attributes
                0x00000000000002e5       0x39 /home/ubuntu/tivaware/usblib/gcc/libusb.a(usbtick.o)
 .ARM.attributes
                0x000000000000031e       0x39 /home/ubuntu/tivaware/usblib/gcc/libusb.a(usbulpi.o)
 .ARM.attributes
                0x0000000000000357       0x39 /home/ubuntu/tivaware/usblib/gcc/libusb.a(usbdcdesc.o)
 .ARM.attributes
                0x0000000000000390       0x39 /home/ubuntu/tivaware/usblib/gcc/libusb.a(usbdconfig.o)
 .ARM.attributes
                0x00000000000003c9       0x39 /home/ubuntu/tivaware/usblib/gcc/libusb.a(usbdesc.o)
 .ARM.attributes
                0x0000000000000402       0x39 /home/ubuntu/tivaware/driverlib/gcc/libdriver.a(interrupt.o)
 .ARM.attributes
                0x000000000000043b       0x39 /home/ubuntu/tivaware/driverlib/gcc/libdriver.a(sysctl.o)
 .ARM.attributes
                0x0000000000000474       0x39 /home/ubuntu/tivaware/driverlib/gcc/libdriver.a(systick.o)
 .ARM.attributes
                0x00000000000004ad       0x39 /home/ubuntu/tivaware/driverlib/gcc/libdriver.a(udma.o)
 .ARM.attributes
                0x00000000000004e6       0x39 /home/ubuntu/tivaware/driverlib/gcc/libdriver.a(usb.o)
 .ARM.attributes
                0x000000000000051f       0x39 /home/ubuntu/tivaware/driverlib/gcc/libdriver.a(cpu.o)
 .ARM.attributes
                0x0000000000000558       0x20 /usr/bin/../lib/gcc/arm-none-eabi/7.3.1/../../../../arm-none-eabi/lib/thumb/v7e-m/fpv4-sp/hard/libc.a(lib_a-memcpy.o)
 .ARM.attributes
                0x0000000000000578       0x34 /usr/bin/../lib/gcc/arm-none-eabi/7.3.1/../../../../arm-none-eabi/lib/thumb/v7e-m/fpv4-sp/hard/libc.a(lib_a-realloc.o)
 .ARM.attributes
                0x00000000000005ac       0x34 /usr/bin/../lib/gcc/arm-none-eabi/7.3.1/../../../../arm-none-eabi/lib/thumb/v7e-m/fpv4-sp/hard/libc.a(lib_a-reallocr.o)
 .ARM.attributes
                0x00000000000005e0       0x20 /usr/bin/../lib/gcc/arm-none-eabi/7.3.1/../../../../arm-none-eabi/lib/thumb/v7e-m/fpv4-sp/hard/libc.a(lib_a-strlen.o)
 .ARM.attributes
                0x0000000000000600       0x34 /usr/bin/../lib/gcc/arm-none-eabi/7.3.1/../../../../arm-none-eabi/lib/thumb/v7e-m/fpv4-sp/hard/libc.a(lib_a-freer.o)
 .ARM.attributes
                0x0000000000000634       0x34 /usr/bin/../lib/gcc/arm-none-eabi/7.3.1/../../../../arm-none-eabi/lib/thumb/v7e-m/fpv4-sp/hard/libc.a(lib_a-impure.o)
 .ARM.attributes
                0x0000000000000668       0x34 /usr/bin/../lib/gcc/arm-none-eabi/7.3.1/../../../../arm-none-eabi/lib/thumb/v7e-m/fpv4-sp/hard/libc.a(lib_a-mallocr.o)
 .ARM.attributes
                0x000000000000069c       0x34 /usr/bin/../lib/gcc/arm-none-eabi/7.3.1/../../../../arm-none-eabi/lib/thumb/v7e-m/fpv4-sp/hard/libc.a(lib_a-memmove.o)
 .ARM.attributes
                0x00000000000006d0       0x34 /usr/bin/../lib/gcc/arm-none-eabi/7.3.1/../../../../arm-none-eabi/lib/thumb/v7e-m/fpv4-sp/hard/libc.a(lib_a-mlock.o)
 .ARM.attributes
                0x0000000000000704       0x34 /usr/bin/../lib/gcc/arm-none-eabi/7.3.1/../../../../arm-none-eabi/lib/thumb/v7e-m/fpv4-sp/hard/libc.a(lib_a-sbrkr.o)
 .ARM.attributes
                0x0000000000000738       0x34 /usr/bin/../lib/gcc/arm-none-eabi/7.3.1/../../../../arm-none-eabi/lib/thumb/v7e-m/fpv4-sp/hard/libc.a(lib_a-lock.o)
 .ARM.attributes
                0x000000000000076c       0x34 /usr/bin/../lib/gcc/arm-none-eabi/7.3.1/../../../../arm-none-eabi/lib/thumb/v7e-m/fpv4-sp/hard/libc.a(lib_a-reent.o)
 .ARM.attributes
                0x00000000000007a0       0x34 /usr/bin/../lib/gcc/arm-none-eabi/7.3.1/../../../../arm-none-eabi/lib/thumb/v7e-m/fpv4-sp/hard/libnosys.a(sbrk.o)

.debug_frame    0x0000000000000000      0x320
 .debug_frame   0x0000000000000000       0x20 /usr/bin/../lib/gcc/arm-none-eabi/7.3.1/../../../../arm-none-eabi/lib/thumb/v7e-m/fpv4-sp/hard/libc.a(lib_a-realloc.o)
 .debug_frame   0x0000000000000020       0x58 /usr/bin/../lib/gcc/arm-none-eabi/7.3.1/../../../../arm-none-eabi/lib/thumb/v7e-m/fpv4-sp/hard/libc.a(lib_a-reallocr.o)
 .debug_frame   0x0000000000000078       0x80 /usr/bin/../lib/gcc/arm-none-eabi/7.3.1/../../../../arm-none-eabi/lib/thumb/v7e-m/fpv4-sp/hard/libc.a(lib_a-freer.o)
 .debug_frame   0x00000000000000f8       0x54 /usr/bin/../lib/gcc/arm-none-eabi/7.3.1/../../../../arm-none-eabi/lib/thumb/v7e-m/fpv4-sp/hard/libc.a(lib_a-mallocr.o)
 .debug_frame   0x000000000000014c       0x40 /usr/bin/../lib/gcc/arm-none-eabi/7.3.1/../../../../arm-none-eabi/lib/thumb/v7e-m/fpv4-sp/hard/libc.a(lib_a-memmove.o)
 .debug_frame   0x000000000000018c       0x30 /usr/bin/../lib/gcc/arm-none-eabi/7.3.1/../../../../arm-none-eabi/lib/thumb/v7e-m/fpv4-sp/hard/libc.a(lib_a-mlock.o)
 .debug_frame   0x00000000000001bc       0x2c /usr/bin/../lib/gcc/arm-none-eabi/7.3.1/../../../../arm-none-eabi/lib/thumb/v7e-m/fpv4-sp/hard/libc.a(lib_a-sbrkr.o)
 .debug_frame   0x00000000000001e8       0xb0 /usr/bin/../lib/gcc/arm-none-eabi/7.3.1/../../../../arm-none-eabi/lib/thumb/v7e-m/fpv4-sp/hard/libc.a(lib_a-lock.o)
 .debug_frame   0x0000000000000298       0x68 /usr/bin/../lib/gcc/arm-none-eabi/7.3.1/../../../../arm-none-eabi/lib/thumb/v7e-m/fpv4-sp/hard/libc.a(lib_a-reent.o)
 .debug_frame   0x0000000000000300       0x20 /usr/bin/../lib/gcc/arm-none-eabi/7.3.1/../../../../arm-none-eabi/lib/thumb/v7e-m/fpv4-sp/hard/libnosys.a(sbrk.o)
