Archive member included to satisfy reference by file (symbol)

/home/ubuntu/tivaware/usblib/gcc/libusb.a(usbbuffer.o)
                              CMakeFiles/time_tf.axf.dir/time_tf.cpp.obj (USBBufferInit)
/home/ubuntu/tivaware/usblib/gcc/libusb.a(usbdcdc.o)
                              CMakeFiles/time_tf.axf.dir/time_tf.cpp.obj (USBDCDCInit)
/home/ubuntu/tivaware/usblib/gcc/libusb.a(usbdenum.o)
                              /home/ubuntu/tivaware/usblib/gcc/libusb.a(usbdcdc.o) (USBDCDDeviceInfoInit)
/home/ubuntu/tivaware/usblib/gcc/libusb.a(usbdhandler.o)
                              CMakeFiles/time_tf.axf.dir/time_tf.cpp.obj (USB0DeviceIntHandler)
/home/ubuntu/tivaware/usblib/gcc/libusb.a(usbdma.o)
                              /home/ubuntu/tivaware/usblib/gcc/libusb.a(usbdenum.o) (USBLibDMAInit)
/home/ubuntu/tivaware/usblib/gcc/libusb.a(usbmode.o)
                              CMakeFiles/time_tf.axf.dir/time_tf.cpp.obj (USBStackModeSet)
/home/ubuntu/tivaware/usblib/gcc/libusb.a(usbringbuf.o)
                              /home/ubuntu/tivaware/usblib/gcc/libusb.a(usbbuffer.o) (USBRingBufFlush)
/home/ubuntu/tivaware/usblib/gcc/libusb.a(usbtick.o)
                              /home/ubuntu/tivaware/usblib/gcc/libusb.a(usbdcdc.o) (InternalUSBTickInit)
/home/ubuntu/tivaware/usblib/gcc/libusb.a(usbulpi.o)
                              /home/ubuntu/tivaware/usblib/gcc/libusb.a(usbdenum.o) (ULPIConfigSet)
/home/ubuntu/tivaware/usblib/gcc/libusb.a(usbdcdesc.o)
                              /home/ubuntu/tivaware/usblib/gcc/libusb.a(usbdenum.o) (USBDCDConfigDescGetSize)
/home/ubuntu/tivaware/usblib/gcc/libusb.a(usbdconfig.o)
                              /home/ubuntu/tivaware/usblib/gcc/libusb.a(usbdenum.o) (USBDeviceConfig)
/home/ubuntu/tivaware/usblib/gcc/libusb.a(usbdesc.o)
                              /home/ubuntu/tivaware/usblib/gcc/libusb.a(usbdcdesc.o) (USBDescGetNum)
/home/ubuntu/tivaware/usblib/gcc/libusb.a(usbhostenum.o)
                              /home/ubuntu/tivaware/usblib/gcc/libusb.a(usbmode.o) (USBHCDPowerConfigGet)
/home/ubuntu/tivaware/usblib/gcc/libusb.a(usbhhub.o)
                              /home/ubuntu/tivaware/usblib/gcc/libusb.a(usbhostenum.o) (USBHHubMain)
/home/ubuntu/tivaware/driverlib/gcc/libdriver.a(interrupt.o)
                              CMakeFiles/time_tf.axf.dir/home/ubuntu/tivaware/utils/ringbuf.c.obj (IntMasterEnable)
/home/ubuntu/tivaware/driverlib/gcc/libdriver.a(sysctl.o)
                              /home/ubuntu/tivaware/usblib/gcc/libusb.a(usbdenum.o) (SysCtlPeripheralReset)
/home/ubuntu/tivaware/driverlib/gcc/libdriver.a(systick.o)
                              CMakeFiles/time_tf.axf.dir/time_tf.cpp.obj (SysTickIntRegister)
/home/ubuntu/tivaware/driverlib/gcc/libdriver.a(udma.o)
                              /home/ubuntu/tivaware/usblib/gcc/libusb.a(usbdma.o) (uDMAChannelEnable)
/home/ubuntu/tivaware/driverlib/gcc/libdriver.a(usb.o)
                              /home/ubuntu/tivaware/usblib/gcc/libusb.a(usbmode.o) (USBHostSuspend)
/home/ubuntu/tivaware/driverlib/gcc/libdriver.a(cpu.o)
                              /home/ubuntu/tivaware/driverlib/gcc/libdriver.a(interrupt.o) (CPUcpsid)
/usr/bin/../lib/gcc/arm-none-eabi/7.3.1/thumb/v7e-m/fpv4-sp/hard/libgcc.a(_arm_addsubdf3.o)
                              CMakeFiles/time_tf.axf.dir/home/ubuntu/catkin_bot/build/rosserial_tivac_tutorials/ros_lib/duration.cpp.obj (__aeabi_i2d)
/usr/bin/../lib/gcc/arm-none-eabi/7.3.1/thumb/v7e-m/fpv4-sp/hard/libgcc.a(_arm_muldivdf3.o)
                              CMakeFiles/time_tf.axf.dir/home/ubuntu/catkin_bot/build/rosserial_tivac_tutorials/ros_lib/duration.cpp.obj (__aeabi_dmul)
/usr/bin/../lib/gcc/arm-none-eabi/7.3.1/thumb/v7e-m/fpv4-sp/hard/libgcc.a(_arm_fixdfsi.o)
                              CMakeFiles/time_tf.axf.dir/home/ubuntu/catkin_bot/build/rosserial_tivac_tutorials/ros_lib/duration.cpp.obj (__aeabi_d2iz)
/usr/bin/../lib/gcc/arm-none-eabi/7.3.1/../../../../arm-none-eabi/lib/thumb/v7e-m/fpv4-sp/hard/libc.a(lib_a-memcpy.o)
                              CMakeFiles/time_tf.axf.dir/time_tf.cpp.obj (memcpy)
/usr/bin/../lib/gcc/arm-none-eabi/7.3.1/../../../../arm-none-eabi/lib/thumb/v7e-m/fpv4-sp/hard/libc.a(lib_a-realloc.o)
                              CMakeFiles/time_tf.axf.dir/time_tf.cpp.obj (realloc)
/usr/bin/../lib/gcc/arm-none-eabi/7.3.1/../../../../arm-none-eabi/lib/thumb/v7e-m/fpv4-sp/hard/libc.a(lib_a-reallocr.o)
                              /usr/bin/../lib/gcc/arm-none-eabi/7.3.1/../../../../arm-none-eabi/lib/thumb/v7e-m/fpv4-sp/hard/libc.a(lib_a-realloc.o) (_realloc_r)
/usr/bin/../lib/gcc/arm-none-eabi/7.3.1/../../../../arm-none-eabi/lib/thumb/v7e-m/fpv4-sp/hard/libc.a(lib_a-strlen.o)
                              CMakeFiles/time_tf.axf.dir/time_tf.cpp.obj (strlen)
/usr/bin/../lib/gcc/arm-none-eabi/7.3.1/../../../../arm-none-eabi/lib/thumb/v7e-m/fpv4-sp/hard/libc.a(lib_a-freer.o)
[...]
Memory Configuration

Name             Origin             Length             Attributes
FLASH            0x0000000000000000 0x0000000000040000 xr
SRAM             0x0000000020000000 0x0000000000008000 xrw
*default*        0x0000000000000000 0xffffffffffffffff

Linker script and memory map

LOAD CMakeFiles/time_tf.axf.dir/time_tf.cpp.obj
LOAD CMakeFiles/time_tf.axf.dir/home/ubuntu/catkin_bot/build/rosserial_tivac_tutorials/ros_lib/startup_gcc.c.obj
LOAD CMakeFiles/time_tf.axf.dir/home/ubuntu/tivaware/utils/ringbuf.c.obj
LOAD CMakeFiles/time_tf.axf.dir/home/ubuntu/catkin_bot/build/rosserial_tivac_tutorials/ros_lib/duration.cpp.obj
LOAD CMakeFiles/time_tf.axf.dir/home/ubuntu/catkin_bot/build/rosserial_tivac_tutorials/ros_lib/time.cpp.obj
LOAD CMakeFiles/time_tf.axf.dir/home/ubuntu/catkin_bot/build/rosserial_tivac_tutorials/ros_lib/tivac_hardware.cpp.obj
LOAD CMakeFiles/time_tf.axf.dir/home/ubuntu/catkin_bot/build/rosserial_tivac_tutorials/ros_lib/usb_serial_structs.c.obj
LOAD /home/ubuntu/tivaware/usblib/gcc/libusb.a
LOAD /home/ubuntu/tivaware/driverlib/gcc/libdriver.a
LOAD /usr/bin/../lib/gcc/arm-none-eabi/7.3.1/../../../../arm-none-eabi/lib/thumb/v7e-m/fpv4-sp/hard/libstdc++.a
LOAD /usr/bin/../lib/gcc/arm-none-eabi/7.3.1/../../../../arm-none-eabi/lib/thumb/v7e-m/fpv4-sp/hard/libm.a
START GROUP
LOAD /usr/bin/../lib/gcc/arm-none-eabi/7.3.1/thumb/v7e-m/fpv4-sp/hard/libgcc.a
LOAD /usr/bin/../lib/gcc/arm-none-eabi/7.3.1/thumb/v7e-m/fpv4-sp/hard/libgcc.a
LOAD /usr/bin/../lib/gcc/arm-none-eabi/7.3.1/../../../../arm-none-eabi/lib/thumb/v7e-m/fpv4-sp/hard/libc.a
LOAD /usr/bin/../lib/gcc/arm-none-eabi/7.3.1/../../../../arm-none-eabi/lib/thumb/v7e-m/fpv4-sp/hard/libm.a
LOAD /usr/bin/../lib/gcc/arm-none-eabi/7.3.1/../../../../arm-none-eabi/lib/thumb/v7e-m/fpv4-sp/hard/libnosys.a
END GROUP

.text           0x0000000000000000     0x534c
                0x0000000000000000                . = ALIGN (0x4)
                0x0000000000000000                _text = .
 *(.isr_vector)
 .isr_vector    0x0000000000000000      0x26c CMakeFiles/time_tf.axf.dir/home/ubuntu/catkin_bot/build/rosserial_tivac_tutorials/ros_lib/startup_gcc.c.obj
                0x0000000000000000                g_pfnVectors
 *(.text .text* .gnu.linkonce.t.*)
 .text._ZNK8std_msgs4Time9serializeEPh
                0x000000000000026c       0x28 CMakeFiles/time_tf.axf.dir/time_tf.cpp.obj
                0x000000000000026c                std_msgs::Time::serialize(unsigned char*) const
 .text._ZN8std_msgs4Time11deserializeEPh
                0x0000000000000294       0x3c CMakeFiles/time_tf.axf.dir/time_tf.cpp.obj
                0x0000000000000294                std_msgs::Time::deserialize(unsigned char*)
 .text._ZN8std_msgs4Time7getTypeEv
                0x00000000000002d0        0x8 CMakeFiles/time_tf.axf.dir/time_tf.cpp.obj
                0x00000000000002d0                std_msgs::Time::getType()
 .text._ZN8std_msgs4Time6getMD5Ev
                0x00000000000002d8        0x8 CMakeFiles/time_tf.axf.dir/time_tf.cpp.obj
                0x00000000000002d8                std_msgs::Time::getMD5()
 .text._ZN14rosserial_msgs9TopicInfo7getTypeEv
                0x00000000000002e0        0x8 CMakeFiles/time_tf.axf.dir/time_tf.cpp.obj
                0x00000000000002e0                rosserial_msgs::TopicInfo::getType()
 .text._ZN14rosserial_msgs9TopicInfo6getMD5Ev
                0x00000000000002e8        0x8 CMakeFiles/time_tf.axf.dir/time_tf.cpp.obj
                0x00000000000002e8                rosserial_msgs::TopicInfo::getMD5()
 .text._ZN14rosserial_msgs3Log7getTypeEv
                0x00000000000002f0        0x8 CMakeFiles/time_tf.axf.dir/time_tf.cpp.obj
                0x00000000000002f0                rosserial_msgs::Log::getType()
 .text._ZN14rosserial_msgs3Log6getMD5Ev
                0x00000000000002f8        0x8 CMakeFiles/time_tf.axf.dir/time_tf.cpp.obj
                0x00000000000002f8                rosserial_msgs::Log::getMD5()
 .text._ZN14rosserial_msgs20RequestParamResponse7getTypeEv
                0x0000000000000300        0x8 CMakeFiles/time_tf.axf.dir/time_tf.cpp.obj
                0x0000000000000300                rosserial_msgs::RequestParamResponse::getType()
 .text._ZN14rosserial_msgs20RequestParamResponse6getMD5Ev
                0x0000000000000308        0x8 CMakeFiles/time_tf.axf.dir/time_tf.cpp.obj
                0x0000000000000308                rosserial_msgs::RequestParamResponse::getMD5()
 .text._ZN13TivaCHardware17SystickIntHandlerEv
                0x0000000000000310       0x48 CMakeFiles/time_tf.axf.dir/time_tf.cpp.obj
                0x0000000000000310                TivaCHardware::SystickIntHandler()
 .text._ZN8std_msgs6Header7getTypeEv
                0x0000000000000358        0x8 CMakeFiles/time_tf.axf.dir/time_tf.cpp.obj
                0x0000000000000358                std_msgs::Header::getType()
 .text._ZN8std_msgs6Header6getMD5Ev
                0x0000000000000360        0x8 CMakeFiles/time_tf.axf.dir/time_tf.cpp.obj
                0x0000000000000360                std_msgs::Header::getMD5()
 .text._ZNK13geometry_msgs7Vector39serializeEPh
                0x0000000000000368       0x66 CMakeFiles/time_tf.axf.dir/time_tf.cpp.obj
                0x0000000000000368                geometry_msgs::Vector3::serialize(unsigned char*) const
 .text._ZN13geometry_msgs7Vector311deserializeEPh
                0x00000000000003ce       0x1c CMakeFiles/time_tf.axf.dir/time_tf.cpp.obj
                0x00000000000003ce                geometry_msgs::Vector3::deserialize(unsigned char*)
 *fill*         0x00000000000003ea        0x2 
 .text._ZN13geometry_msgs7Vector37getTypeEv
                0x00000000000003ec        0x8 CMakeFiles/time_tf.axf.dir/time_tf.cpp.obj
                0x00000000000003ec                geometry_msgs::Vector3::getType()
 .text._ZN13geometry_msgs7Vector36getMD5Ev
                0x00000000000003f4        0x8 CMakeFiles/time_tf.axf.dir/time_tf.cpp.obj
                0x00000000000003f4                geometry_msgs::Vector3::getMD5()
 .text._ZNK13geometry_msgs10Quaternion9serializeEPh
                0x00000000000003fc       0x86 CMakeFiles/time_tf.axf.dir/time_tf.cpp.obj
                0x00000000000003fc                geometry_msgs::Quaternion::serialize(unsigned char*) const
 .text._ZN13geometry_msgs10Quaternion11deserializeEPh
                0x0000000000000482       0x24 CMakeFiles/time_tf.axf.dir/time_tf.cpp.obj
                0x0000000000000482                geometry_msgs::Quaternion::deserialize(unsigned char*)
 *fill*         0x00000000000004a6        0x2 
 .text._ZN13geometry_msgs10Quaternion7getTypeEv
                0x00000000000004a8        0x8 CMakeFiles/time_tf.axf.dir/time_tf.cpp.obj
                0x00000000000004a8                geometry_msgs::Quaternion::getType()
 .text._ZN13geometry_msgs10Quaternion6getMD5Ev
                0x00000000000004b0        0x8 CMakeFiles/time_tf.axf.dir/time_tf.cpp.obj
                0x00000000000004b0                geometry_msgs::Quaternion::getMD5()
 .text._ZNK13geometry_msgs9Transform9serializeEPh
                0x00000000000004b8       0x1c CMakeFiles/time_tf.axf.dir/time_tf.cpp.obj
                0x00000000000004b8                geometry_msgs::Transform::serialize(unsigned char*) const
 .text._ZN13geometry_msgs9Transform11deserializeEPh
                0x00000000000004d4       0x1c CMakeFiles/time_tf.axf.dir/time_tf.cpp.obj
                0x00000000000004d4                geometry_msgs::Transform::deserialize(unsigned char*)
 .text._ZN13geometry_msgs9Transform7getTypeEv
                0x00000000000004f0        0x8 CMakeFiles/time_tf.axf.dir/time_tf.cpp.obj
                0x00000000000004f0                geometry_msgs::Transform::getType()
 .text._ZN13geometry_msgs9Transform6getMD5Ev
                0x00000000000004f8        0x8 CMakeFiles/time_tf.axf.dir/time_tf.cpp.obj
                0x00000000000004f8                geometry_msgs::Transform::getMD5()
 .text._ZN13geometry_msgs16TransformStamped7getTypeEv
                0x0000000000000500        0x8 CMakeFiles/time_tf.axf.dir/time_tf.cpp.obj
                0x0000000000000500                geometry_msgs::TransformStamped::getType()
 .text._ZN13geometry_msgs16TransformStamped6getMD5Ev
                0x0000000000000508        0x8 CMakeFiles/time_tf.axf.dir/time_tf.cpp.obj
                0x0000000000000508                geometry_msgs::TransformStamped::getMD5()
 .text._ZNK2tf9tfMessage9serializeEPh
                0x0000000000000510       0x44 CMakeFiles/time_tf.axf.dir/time_tf.cpp.obj
                0x0000000000000510                tf::tfMessage::serialize(unsigned char*) const
 .text._ZN2tf9tfMessage7getTypeEv
                0x0000000000000554        0x8 CMakeFiles/time_tf.axf.dir/time_tf.cpp.obj
                0x0000000000000554                tf::tfMessage::getType()
 .text._ZN2tf9tfMessage6getMD5Ev
                0x000000000000055c        0x8 CMakeFiles/time_tf.axf.dir/time_tf.cpp.obj
                0x000000000000055c                tf::tfMessage::getMD5()
 .text._ZN3ros11NodeHandle_I13TivaCHardwareLi25ELi25ELi512ELi512EE9connectedEv
                0x0000000000000564        0x6 CMakeFiles/time_tf.axf.dir/time_tf.cpp.obj
                0x0000000000000564                ros::NodeHandle_<TivaCHardware, 25, 25, 512, 512>::connected()
 *fill*         0x000000000000056a        0x2 
 .text._ZN3ros11NodeHandle_I13TivaCHardwareLi25ELi25ELi512ELi512EE7publishEiPKNS_3MsgE
                0x000000000000056c       0xd4 CMakeFiles/time_tf.axf.dir/time_tf.cpp.obj
                0x000000000000056c                ros::NodeHandle_<TivaCHardware, 25, 25, 512, 512>::publish(int, ros::Msg const*)
 .text._ZN13TivaCHardware4initEv
                0x0000000000000640       0xe8 CMakeFiles/time_tf.axf.dir/time_tf.cpp.obj
                0x0000000000000640                TivaCHardware::init()
 .text._ZN13geometry_msgs9TransformC2Ev
                0x0000000000000728       0x3c CMakeFiles/time_tf.axf.dir/time_tf.cpp.obj
                0x0000000000000728                geometry_msgs::Transform::Transform()
                0x0000000000000728                geometry_msgs::Transform::Transform()
 .text._ZN3ros3Msg8varToArrIPhmEEvT_T0_
                0x0000000000000764       0x10 CMakeFiles/time_tf.axf.dir/time_tf.cpp.obj
                0x0000000000000764                void ros::Msg::varToArr<unsigned char*, unsigned long>(unsigned char*, unsigned long)
 .text._ZNK8std_msgs6Header9serializeEPh
                0x0000000000000774       0x60 CMakeFiles/time_tf.axf.dir/time_tf.cpp.obj
                0x0000000000000774                std_msgs::Header::serialize(unsigned char*) const
 .text._ZNK13geometry_msgs16TransformStamped9serializeEPh
                0x00000000000007d4       0x3a CMakeFiles/time_tf.axf.dir/time_tf.cpp.obj
                0x00000000000007d4                geometry_msgs::TransformStamped::serialize(unsigned char*) const
 .text._ZNK14rosserial_msgs20RequestParamResponse9serializeEPh
                0x000000000000080e      0x102 CMakeFiles/time_tf.axf.dir/time_tf.cpp.obj
                0x000000000000080e                rosserial_msgs::RequestParamResponse::serialize(unsigned char*) const
 .text._ZNK14rosserial_msgs3Log9serializeEPh
                0x0000000000000910       0x2c CMakeFiles/time_tf.axf.dir/time_tf.cpp.obj
                0x0000000000000910                rosserial_msgs::Log::serialize(unsigned char*) const
 .text._ZNK14rosserial_msgs9TopicInfo9serializeEPh
                0x000000000000093c       0x86 CMakeFiles/time_tf.axf.dir/time_tf.cpp.obj
                0x000000000000093c                rosserial_msgs::TopicInfo::serialize(unsigned char*) const
 .text._ZN3ros3Msg8arrToVarImPhEEvRT_T0_
                0x00000000000009c2       0x1e CMakeFiles/time_tf.axf.dir/time_tf.cpp.obj
                0x00000000000009c2                void ros::Msg::arrToVar<unsigned long, unsigned char*>(unsigned long&, unsigned char*)
 .text._ZN14rosserial_msgs3Log11deserializeEPh
                0x00000000000009e0       0x36 CMakeFiles/time_tf.axf.dir/time_tf.cpp.obj
                0x00000000000009e0                rosserial_msgs::Log::deserialize(unsigned char*)
 .text._ZN14rosserial_msgs9TopicInfo11deserializeEPh
                0x0000000000000a16       0xb6 CMakeFiles/time_tf.axf.dir/time_tf.cpp.obj
                0x0000000000000a16                rosserial_msgs::TopicInfo::deserialize(unsigned char*)
 .text._ZN14rosserial_msgs20RequestParamResponse11deserializeEPh
                0x0000000000000acc       0xf4 CMakeFiles/time_tf.axf.dir/time_tf.cpp.obj
                0x0000000000000acc                rosserial_msgs::RequestParamResponse::deserialize(unsigned char*)
 .text._ZN8std_msgs6Header11deserializeEPh
                0x0000000000000bc0       0x8a CMakeFiles/time_tf.axf.dir/time_tf.cpp.obj
                0x0000000000000bc0                std_msgs::Header::deserialize(unsigned char*)
 .text._ZN13geometry_msgs16TransformStamped11deserializeEPh
                0x0000000000000c4a       0x4a CMakeFiles/time_tf.axf.dir/time_tf.cpp.obj
                0x0000000000000c4a                geometry_msgs::TransformStamped::deserialize(unsigned char*)
 .text._ZN2tf9tfMessage11deserializeEPh
                0x0000000000000c94       0x54 CMakeFiles/time_tf.axf.dir/time_tf.cpp.obj
                0x0000000000000c94                tf::tfMessage::deserialize(unsigned char*)
 .text._ZN3ros11NodeHandle_I13TivaCHardwareLi25ELi25ELi512ELi512EE15requestSyncTimeEv
                0x0000000000000ce8       0x2c CMakeFiles/time_tf.axf.dir/time_tf.cpp.obj
                0x0000000000000ce8                ros::NodeHandle_<TivaCHardware, 25, 25, 512, 512>::requestSyncTime()
 .text._ZN3ros11NodeHandle_I13TivaCHardwareLi25ELi25ELi512ELi512EE15negotiateTopicsEv
                0x0000000000000d14       0xc4 CMakeFiles/time_tf.axf.dir/time_tf.cpp.obj
                0x0000000000000d14                ros::NodeHandle_<TivaCHardware, 25, 25, 512, 512>::negotiateTopics()
 .text._ZN3ros11NodeHandle_I13TivaCHardwareLi25ELi25ELi512ELi512EE8spinOnceEv
                0x0000000000000dd8      0x298 CMakeFiles/time_tf.axf.dir/time_tf.cpp.obj
                0x0000000000000dd8                ros::NodeHandle_<TivaCHardware, 25, 25, 512, 512>::spinOnce()
 .text.startup.main
                0x0000000000001070      0x120 CMakeFiles/time_tf.axf.dir/time_tf.cpp.obj
                0x0000000000001070                main
 .text.startup._GLOBAL__sub_I_nh
                0x0000000000001190       0xe8 CMakeFiles/time_tf.axf.dir/time_tf.cpp.obj
 .text.NmiSR    0x0000000000001278        0x2 CMakeFiles/time_tf.axf.dir/home/ubuntu/catkin_bot/build/rosserial_tivac_tutorials/ros_lib/startup_gcc.c.obj
 .text.FaultISR
                0x000000000000127a        0x2 CMakeFiles/time_tf.axf.dir/home/ubuntu/catkin_bot/build/rosserial_tivac_tutorials/ros_lib/startup_gcc.c.obj
 .text.IntDefaultHandler
                0x000000000000127c        0x2 CMakeFiles/time_tf.axf.dir/home/ubuntu/catkin_bot/build/rosserial_tivac_tutorials/ros_lib/startup_gcc.c.obj
 *fill*         0x000000000000127e        0x2 
 .text.ResetISR
                0x0000000000001280       0x94 CMakeFiles/time_tf.axf.dir/home/ubuntu/catkin_bot/build/rosserial_tivac_tutorials/ros_lib/startup_gcc.c.obj
                0x0000000000001280                ResetISR
 .text._ZN3ros16normalizeSecNSecERmS0_
                0x0000000000001314       0x1c CMakeFiles/time_tf.axf.dir/home/ubuntu/catkin_bot/build/rosserial_tivac_tutorials/ros_lib/time.cpp.obj
                0x0000000000001314                ros::normalizeSecNSec(unsigned long&, unsigned long&)
 .text.TxHandler
                0x0000000000001330        0x4 CMakeFiles/time_tf.axf.dir/home/ubuntu/catkin_bot/build/rosserial_tivac_tutorials/ros_lib/usb_serial_structs.c.obj
                0x0000000000001330                TxHandler
 .text.RxHandler
                0x0000000000001334       0x14 CMakeFiles/time_tf.axf.dir/home/ubuntu/catkin_bot/build/rosserial_tivac_tutorials/ros_lib/usb_serial_structs.c.obj
                0x0000000000001334                RxHandler
 .text.ControlHandler
                0x0000000000001348       0x34 CMakeFiles/time_tf.axf.dir/home/ubuntu/catkin_bot/build/rosserial_tivac_tutorials/ros_lib/usb_serial_structs.c.obj
                0x0000000000001348                ControlHandler
 .text.ScheduleNextTransmission
                0x000000000000137c       0x9a /home/ubuntu/tivaware/usblib/gcc/libusb.a(usbbuffer.o)
 .text.USBBufferInit
                0x0000000000001416       0x16 /home/ubuntu/tivaware/usblib/gcc/libusb.a(usbbuffer.o)
                0x0000000000001416                USBBufferInit
 .text.USBBufferWrite
                0x000000000000142c       0x2e /home/ubuntu/tivaware/usblib/gcc/libusb.a(usbbuffer.o)
                0x000000000000142c                USBBufferWrite
 .text.USBBufferFlush
                0x000000000000145a        0x6 /home/ubuntu/tivaware/usblib/gcc/libusb.a(usbbuffer.o)
                0x000000000000145a                USBBufferFlush
 .text.USBBufferRead
                0x0000000000001460       0x26 /home/ubuntu/tivaware/usblib/gcc/libusb.a(usbbuffer.o)
                0x0000000000001460                USBBufferRead
 .text.USBBufferDataAvailable
                0x0000000000001486        0x6 /home/ubuntu/tivaware/usblib/gcc/libusb.a(usbbuffer.o)
                0x0000000000001486                USBBufferDataAvailable
 .text.USBBufferEventCallback
                0x000000000000148c      0x12e /home/ubuntu/tivaware/usblib/gcc/libusb.a(usbbuffer.o)
                0x000000000000148c                USBBufferEventCallback
 *fill*         0x00000000000015ba        0x2 
 .text.SetDeferredOpFlag
                0x00000000000015bc       0x1c /home/ubuntu/tivaware/usblib/gcc/libusb.a(usbdcdc.o)
 .text.DeviceConsumedAllData
                0x00000000000015d8       0x16 /home/ubuntu/tivaware/usblib/gcc/libusb.a(usbdcdc.o)
 .text.SendBreak
                0x00000000000015ee       0x3c /home/ubuntu/tivaware/usblib/gcc/libusb.a(usbdcdc.o)
 .text.SendLineCodingChange
                0x000000000000162a       0x24 /home/ubuntu/tivaware/usblib/gcc/libusb.a(usbdcdc.o)
 .text.SendLineStateChange
                0x000000000000164e       0x24 /home/ubuntu/tivaware/usblib/gcc/libusb.a(usbdcdc.o)
 .text.HandleConfigChange
                0x0000000000001672       0x32 /home/ubuntu/tivaware/usblib/gcc/libusb.a(usbdcdc.o)
 .text.HandleDevice
                0x00000000000016a4       0xa4 /home/ubuntu/tivaware/usblib/gcc/libusb.a(usbdcdc.o)
 .text.HandleDisconnect
                0x0000000000001748       0x1e /home/ubuntu/tivaware/usblib/gcc/libusb.a(usbdcdc.o)
 .text.HandleSuspend
                0x0000000000001766       0x14 /home/ubuntu/tivaware/usblib/gcc/libusb.a(usbdcdc.o)
 .text.HandleResume
                0x000000000000177a       0x14 /home/ubuntu/tivaware/usblib/gcc/libusb.a(usbdcdc.o)
 .text.SendSerialState
                0x000000000000178e       0x84 /home/ubuntu/tivaware/usblib/gcc/libusb.a(usbdcdc.o)
 .text.HandleEP0Data
                0x0000000000001812       0x4a /home/ubuntu/tivaware/usblib/gcc/libusb.a(usbdcdc.o)
 .text.HandleRequests
                0x000000000000185c       0xe6 /home/ubuntu/tivaware/usblib/gcc/libusb.a(usbdcdc.o)
 .text.CDCTickHandler
                0x0000000000001942       0x9e /home/ubuntu/tivaware/usblib/gcc/libusb.a(usbdcdc.o)
 .text.ProcessDataFromHost
                0x00000000000019e0       0x74 /home/ubuntu/tivaware/usblib/gcc/libusb.a(usbdcdc.o)
                0x00000000000019e0                ProcessDataFromHost
 .text.ProcessNotificationToHost
                0x0000000000001a54       0x34 /home/ubuntu/tivaware/usblib/gcc/libusb.a(usbdcdc.o)
                0x0000000000001a54                ProcessNotificationToHost
 .text.ProcessDataToHost
                0x0000000000001a88       0x60 /home/ubuntu/tivaware/usblib/gcc/libusb.a(usbdcdc.o)
                0x0000000000001a88                ProcessDataToHost
 .text.HandleEndpoints
                0x0000000000001ae8       0x4c /home/ubuntu/tivaware/usblib/gcc/libusb.a(usbdcdc.o)
 .text.USBDCDCCompositeInit
                0x0000000000001b34       0xe4 /home/ubuntu/tivaware/usblib/gcc/libusb.a(usbdcdc.o)
                0x0000000000001b34                USBDCDCCompositeInit
 .text.USBDCDCInit
                0x0000000000001c18       0x4c /home/ubuntu/tivaware/usblib/gcc/libusb.a(usbdcdc.o)
                0x0000000000001c18                USBDCDCInit
 .text.USBDCDCPacketWrite
                0x0000000000001c64       0x58 /home/ubuntu/tivaware/usblib/gcc/libusb.a(usbdcdc.o)
                0x0000000000001c64                USBDCDCPacketWrite
 .text.USBDCDCPacketRead
                0x0000000000001cbc       0x92 /home/ubuntu/tivaware/usblib/gcc/libusb.a(usbdcdc.o)
                0x0000000000001cbc                USBDCDCPacketRead
 *fill*         0x0000000000001d4e        0x2 
 .text.USBDCDCTxPacketAvailable
                0x0000000000001d50       0x14 /home/ubuntu/tivaware/usblib/gcc/libusb.a(usbdcdc.o)
                0x0000000000001d50                USBDCDCTxPacketAvailable
 .text.USBDCDCRxPacketAvailable
                0x0000000000001d64       0x30 /home/ubuntu/tivaware/usblib/gcc/libusb.a(usbdcdc.o)
                0x0000000000001d64                USBDCDCRxPacketAvailable
 .text.USBDSetAddress
                0x0000000000001d94       0x24 /home/ubuntu/tivaware/usblib/gcc/libusb.a(usbdenum.o)
 .text.USBDEP0StateTx.isra.0
                0x0000000000001db8       0x70 /home/ubuntu/tivaware/usblib/gcc/libusb.a(usbdenum.o)
 .text.USBDGetConfiguration
                0x0000000000001e28       0x34 /home/ubuntu/tivaware/usblib/gcc/libusb.a(usbdenum.o)
 .text.USBDEP0StateTxConfig.isra.2
                0x0000000000001e5c      0x140 /home/ubuntu/tivaware/usblib/gcc/libusb.a(usbdenum.o)
 .text.USBDCDStallEP0.constprop.8
                0x0000000000001f9c       0x1c /home/ubuntu/tivaware/usblib/gcc/libusb.a(usbdenum.o)
 .text.USBDGetStatus
                0x0000000000001fb8       0x6c /home/ubuntu/tivaware/usblib/gcc/libusb.a(usbdenum.o)
 .text.USBDClearFeature
                0x0000000000002024       0x74 /home/ubuntu/tivaware/usblib/gcc/libusb.a(usbdenum.o)
 .text.USBDSetFeature
                0x0000000000002098       0x64 /home/ubuntu/tivaware/usblib/gcc/libusb.a(usbdenum.o)
 .text.USBDGetDescriptor
                0x00000000000020fc      0x124 /home/ubuntu/tivaware/usblib/gcc/libusb.a(usbdenum.o)
 .text.USBDSetDescriptor
                0x0000000000002220       0x18 /home/ubuntu/tivaware/usblib/gcc/libusb.a(usbdenum.o)
 .text.USBDSetConfiguration
                0x0000000000002238       0x88 /home/ubuntu/tivaware/usblib/gcc/libusb.a(usbdenum.o)
 .text.USBDGetInterface
                0x00000000000022c0       0x44 /home/ubuntu/tivaware/usblib/gcc/libusb.a(usbdenum.o)
 .text.USBDSetInterface
                0x0000000000002304       0x98 /home/ubuntu/tivaware/usblib/gcc/libusb.a(usbdenum.o)
 .text.USBDSyncFrame
                0x000000000000239c       0x18 /home/ubuntu/tivaware/usblib/gcc/libusb.a(usbdenum.o)
 .text.USBDReadAndDispatchRequest.isra.3
                0x00000000000023b4       0x68 /home/ubuntu/tivaware/usblib/gcc/libusb.a(usbdenum.o)
 .text.USBDCDDeviceInfoInit
                0x000000000000241c       0x44 /home/ubuntu/tivaware/usblib/gcc/libusb.a(usbdenum.o)
                0x000000000000241c                USBDCDDeviceInfoInit
 .text.USBDCDInit
                0x0000000000002460      0x14c /home/ubuntu/tivaware/usblib/gcc/libusb.a(usbdenum.o)
                0x0000000000002460                USBDCDInit
 .text.USBDCDRequestDataEP0
                0x00000000000025ac       0x14 /home/ubuntu/tivaware/usblib/gcc/libusb.a(usbdenum.o)
                0x00000000000025ac                USBDCDRequestDataEP0
 .text.USBDCDSendDataEP0
                0x00000000000025c0       0x10 /home/ubuntu/tivaware/usblib/gcc/libusb.a(usbdenum.o)
                0x00000000000025c0                USBDCDSendDataEP0
 .text.USBDCDStallEP0
                0x00000000000025d0       0x1c /home/ubuntu/tivaware/usblib/gcc/libusb.a(usbdenum.o)
                0x00000000000025d0                USBDCDStallEP0
 .text.USBDCDFeatureGet
                0x00000000000025ec       0x18 /home/ubuntu/tivaware/usblib/gcc/libusb.a(usbdenum.o)
                0x00000000000025ec                USBDCDFeatureGet
 .text.USBDeviceResumeTickHandler
                0x0000000000002604       0x50 /home/ubuntu/tivaware/usblib/gcc/libusb.a(usbdenum.o)
                0x0000000000002604                USBDeviceResumeTickHandler
 .text.USBDeviceEnumHandler
                0x0000000000002654       0xcc /home/ubuntu/tivaware/usblib/gcc/libusb.a(usbdenum.o)
                0x0000000000002654                USBDeviceEnumHandler
 .text.USBDeviceEnumResetHandler
                0x0000000000002720       0x3c /home/ubuntu/tivaware/usblib/gcc/libusb.a(usbdenum.o)
                0x0000000000002720                USBDeviceEnumResetHandler
 .text.USBDeviceIntHandlerInternal
                0x000000000000275c      0x144 /home/ubuntu/tivaware/usblib/gcc/libusb.a(usbdenum.o)
                0x000000000000275c                USBDeviceIntHandlerInternal
 .text.USB0DeviceIntHandler
                0x00000000000028a0       0x18 /home/ubuntu/tivaware/usblib/gcc/libusb.a(usbdhandler.o)
                0x00000000000028a0                USB0DeviceIntHandler
 .text.uDMAUSBChannelStatus
                0x00000000000028b8       0x22 /home/ubuntu/tivaware/usblib/gcc/libusb.a(usbdma.o)
 .text.DMAUSBIntStatusClear
                0x00000000000028da        0xe /home/ubuntu/tivaware/usblib/gcc/libusb.a(usbdma.o)
 .text.uDMAUSBChannelIntEnable
                0x00000000000028e8        0x2 /home/ubuntu/tivaware/usblib/gcc/libusb.a(usbdma.o)
 .text.iDMAUSBUnitSizeSet
                0x00000000000028ea        0x2 /home/ubuntu/tivaware/usblib/gcc/libusb.a(usbdma.o)
 .text.DMAUSBStatus
                0x00000000000028ec        0x4 /home/ubuntu/tivaware/usblib/gcc/libusb.a(usbdma.o)
 .text.iDMAUSBChannelRelease
                0x00000000000028f0       0x3a /home/ubuntu/tivaware/usblib/gcc/libusb.a(usbdma.o)
 .text.iDMAUSBChannelAllocate
                0x000000000000292a       0x80 /home/ubuntu/tivaware/usblib/gcc/libusb.a(usbdma.o)
 .text.iDMAUSBChannelDisable
                0x00000000000029aa       0x32 /home/ubuntu/tivaware/usblib/gcc/libusb.a(usbdma.o)
 .text.iDMAUSBChannelIntDisable
                0x00000000000029dc        0x8 /home/ubuntu/tivaware/usblib/gcc/libusb.a(usbdma.o)
 .text.iDMAUSBChannelIntEnable
                0x00000000000029e4        0x8 /home/ubuntu/tivaware/usblib/gcc/libusb.a(usbdma.o)
 .text.iDMAUSBChannelEnable
                0x00000000000029ec       0x50 /home/ubuntu/tivaware/usblib/gcc/libusb.a(usbdma.o)
 .text.iDMAUSBIntStatus
                0x0000000000002a3c        0x6 /home/ubuntu/tivaware/usblib/gcc/libusb.a(usbdma.o)
 .text.iDMAUSBChannelStatus
                0x0000000000002a42       0x34 /home/ubuntu/tivaware/usblib/gcc/libusb.a(usbdma.o)
 .text.uDMAUSBUnitSizeSet
                0x0000000000002a76       0x58 /home/ubuntu/tivaware/usblib/gcc/libusb.a(usbdma.o)
 .text.uDMAUSBArbSizeSet
                0x0000000000002ace       0x6e /home/ubuntu/tivaware/usblib/gcc/libusb.a(usbdma.o)
 .text.uDMAUSBIntStatus
                0x0000000000002b3c       0x2c /home/ubuntu/tivaware/usblib/gcc/libusb.a(usbdma.o)
 .text.uDMAUSBChannelRelease
                0x0000000000002b68       0x56 /home/ubuntu/tivaware/usblib/gcc/libusb.a(usbdma.o)
 .text.uDMAUSBChannelEnable
                0x0000000000002bbe       0x6a /home/ubuntu/tivaware/usblib/gcc/libusb.a(usbdma.o)
 .text.uDMAUSBChannelDisable
                0x0000000000002c28       0x4c /home/ubuntu/tivaware/usblib/gcc/libusb.a(usbdma.o)
 .text.uDMAUSBChannelAllocate
                0x0000000000002c74       0xb0 /home/ubuntu/tivaware/usblib/gcc/libusb.a(usbdma.o)
 .text.DMAUSBIntHandler
                0x0000000000002d24       0x32 /home/ubuntu/tivaware/usblib/gcc/libusb.a(usbdma.o)
 .text.iDMAUSBTransfer
                0x0000000000002d56       0xdc /home/ubuntu/tivaware/usblib/gcc/libusb.a(usbdma.o)
 .text.uDMAUSBTransfer
                0x0000000000002e32       0xb4 /home/ubuntu/tivaware/usblib/gcc/libusb.a(usbdma.o)
 .text.iDMAUSBArbSizeSet
                0x0000000000002ee6        0x2 /home/ubuntu/tivaware/usblib/gcc/libusb.a(usbdma.o)
 .text.uDMAUSBChannelIntDisable
                0x0000000000002ee8        0x2 /home/ubuntu/tivaware/usblib/gcc/libusb.a(usbdma.o)
 *fill*         0x0000000000002eea        0x2 
 .text.USBLibDMAInit
                0x0000000000002eec      0x160 /home/ubuntu/tivaware/usblib/gcc/libusb.a(usbdma.o)
                0x0000000000002eec                USBLibDMAInit
 .text.USBStackModeSet
                0x000000000000304c       0x1c /home/ubuntu/tivaware/usblib/gcc/libusb.a(usbmode.o)
                0x000000000000304c                USBStackModeSet
 .text.UpdateIndexAtomic
                0x0000000000003068       0x2a /home/ubuntu/tivaware/usblib/gcc/libusb.a(usbringbuf.o)
 .text.USBRingBufFlush
                0x0000000000003092       0x18 /home/ubuntu/tivaware/usblib/gcc/libusb.a(usbringbuf.o)
                0x0000000000003092                USBRingBufFlush
 .text.USBRingBufUsed
                0x00000000000030aa       0x12 /home/ubuntu/tivaware/usblib/gcc/libusb.a(usbringbuf.o)
                0x00000000000030aa                USBRingBufUsed
 .text.USBRingBufFree
                0x00000000000030bc        0xe /home/ubuntu/tivaware/usblib/gcc/libusb.a(usbringbuf.o)
                0x00000000000030bc                USBRingBufFree
 .text.USBRingBufContigUsed
                0x00000000000030ca       0x10 /home/ubuntu/tivaware/usblib/gcc/libusb.a(usbringbuf.o)
                0x00000000000030ca                USBRingBufContigUsed
 .text.USBRingBufContigFree
                0x00000000000030da       0x1a /home/ubuntu/tivaware/usblib/gcc/libusb.a(usbringbuf.o)
                0x00000000000030da                USBRingBufContigFree
 .text.USBRingBufReadOne
                0x00000000000030f4       0x16 /home/ubuntu/tivaware/usblib/gcc/libusb.a(usbringbuf.o)
                0x00000000000030f4                USBRingBufReadOne
 .text.USBRingBufRead
                0x000000000000310a       0x1a /home/ubuntu/tivaware/usblib/gcc/libusb.a(usbringbuf.o)
                0x000000000000310a                USBRingBufRead
 .text.USBRingBufAdvanceRead
                0x0000000000003124       0x1c /home/ubuntu/tivaware/usblib/gcc/libusb.a(usbringbuf.o)
                0x0000000000003124                USBRingBufAdvanceRead
 .text.USBRingBufAdvanceWrite
                0x0000000000003140       0x36 /home/ubuntu/tivaware/usblib/gcc/libusb.a(usbringbuf.o)
                0x0000000000003140                USBRingBufAdvanceWrite
 .text.USBRingBufWriteOne
                0x0000000000003176       0x12 /home/ubuntu/tivaware/usblib/gcc/libusb.a(usbringbuf.o)
                0x0000000000003176                USBRingBufWriteOne
 .text.USBRingBufWrite
                0x0000000000003188       0x1a /home/ubuntu/tivaware/usblib/gcc/libusb.a(usbringbuf.o)
                0x0000000000003188                USBRingBufWrite
 .text.USBRingBufInit
                0x00000000000031a2        0xc /home/ubuntu/tivaware/usblib/gcc/libusb.a(usbringbuf.o)
                0x00000000000031a2                USBRingBufInit
 *fill*         0x00000000000031ae        0x2 
 .text.InternalUSBTickInit
                0x00000000000031b0       0x30 /home/ubuntu/tivaware/usblib/gcc/libusb.a(usbtick.o)
                0x00000000000031b0                InternalUSBTickInit
 .text.InternalUSBRegisterTickHandler
                0x00000000000031e0       0x30 /home/ubuntu/tivaware/usblib/gcc/libusb.a(usbtick.o)
                0x00000000000031e0                InternalUSBRegisterTickHandler
 .text.InternalUSBStartOfFrameTick
                0x0000000000003210       0x34 /home/ubuntu/tivaware/usblib/gcc/libusb.a(usbtick.o)
                0x0000000000003210                InternalUSBStartOfFrameTick
 .text.ULPIConfigSet
                0x0000000000003244       0x54 /home/ubuntu/tivaware/usblib/gcc/libusb.a(usbulpi.o)
                0x0000000000003244                ULPIConfigSet
 .text.NextConfigDescGet
                0x0000000000003298       0x34 /home/ubuntu/tivaware/usblib/gcc/libusb.a(usbdcdesc.o)
 .text.USBDCDConfigDescGetSize
                0x00000000000032cc       0x1e /home/ubuntu/tivaware/usblib/gcc/libusb.a(usbdcdesc.o)
                0x00000000000032cc                USBDCDConfigDescGetSize
 .text.USBDCDConfigDescGetNum
                0x00000000000032ea       0x2a /home/ubuntu/tivaware/usblib/gcc/libusb.a(usbdcdesc.o)
                0x00000000000032ea                USBDCDConfigDescGetNum
 .text.USBDCDConfigDescGet
                0x0000000000003314       0x58 /home/ubuntu/tivaware/usblib/gcc/libusb.a(usbdcdesc.o)
                0x0000000000003314                USBDCDConfigDescGet
 .text.USBDCDConfigGetInterface
                0x000000000000336c       0x58 /home/ubuntu/tivaware/usblib/gcc/libusb.a(usbdcdesc.o)
                0x000000000000336c                USBDCDConfigGetInterface
 .text.USBDCDConfigGetInterfaceEndpoint
                0x00000000000033c4       0x36 /home/ubuntu/tivaware/usblib/gcc/libusb.a(usbdcdesc.o)
                0x00000000000033c4                USBDCDConfigGetInterfaceEndpoint
 .text.GetEPDescriptorType
                0x00000000000033fa       0x3e /home/ubuntu/tivaware/usblib/gcc/libusb.a(usbdconfig.o)
 .text.USBDeviceConfig
                0x0000000000003438      0x164 /home/ubuntu/tivaware/usblib/gcc/libusb.a(usbdconfig.o)
                0x0000000000003438                USBDeviceConfig
 .text.USBDeviceConfigAlternate
                0x000000000000359c       0x88 /home/ubuntu/tivaware/usblib/gcc/libusb.a(usbdconfig.o)
                0x000000000000359c                USBDeviceConfigAlternate
 .text.USBDescGetNum
                0x0000000000003624       0x24 /home/ubuntu/tivaware/usblib/gcc/libusb.a(usbdesc.o)
                0x0000000000003624                USBDescGetNum
 .text.USBDescGet
                0x0000000000003648       0x28 /home/ubuntu/tivaware/usblib/gcc/libusb.a(usbdesc.o)
                0x0000000000003648                USBDescGet
 .text.IntMasterEnable
                0x0000000000003670        0xe /home/ubuntu/tivaware/driverlib/gcc/libdriver.a(interrupt.o)
                0x0000000000003670                IntMasterEnable
 .text.IntMasterDisable
                0x000000000000367e        0xe /home/ubuntu/tivaware/driverlib/gcc/libdriver.a(interrupt.o)
                0x000000000000367e                IntMasterDisable
 .text.IntRegister
                0x000000000000368c       0x34 /home/ubuntu/tivaware/driverlib/gcc/libdriver.a(interrupt.o)
                0x000000000000368c                IntRegister
 .text.IntEnable
                0x00000000000036c0       0x60 /home/ubuntu/tivaware/driverlib/gcc/libdriver.a(interrupt.o)
                0x00000000000036c0                IntEnable
 .text.IntDisable
                0x0000000000003720       0x60 /home/ubuntu/tivaware/driverlib/gcc/libdriver.a(interrupt.o)
                0x0000000000003720                IntDisable
 .text.IntIsEnabled
                0x0000000000003780       0x64 /home/ubuntu/tivaware/driverlib/gcc/libdriver.a(interrupt.o)
                0x0000000000003780                IntIsEnabled
 .text.SysCtlPeripheralReset
                0x00000000000037e4       0x38 /home/ubuntu/tivaware/driverlib/gcc/libdriver.a(sysctl.o)
                0x00000000000037e4                SysCtlPeripheralReset
 .text.SysCtlPeripheralEnable
                0x000000000000381c       0x20 /home/ubuntu/tivaware/driverlib/gcc/libdriver.a(sysctl.o)
                0x000000000000381c                SysCtlPeripheralEnable
 .text.SysCtlUSBPLLEnable
                0x000000000000383c       0x10 /home/ubuntu/tivaware/driverlib/gcc/libdriver.a(sysctl.o)
                0x000000000000383c                SysCtlUSBPLLEnable
 .text.SysTickIntRegister
                0x000000000000384c       0x1c /home/ubuntu/tivaware/driverlib/gcc/libdriver.a(systick.o)
                0x000000000000384c                SysTickIntRegister
 .text.uDMAChannelEnable
                0x0000000000003868       0x14 /home/ubuntu/tivaware/driverlib/gcc/libdriver.a(udma.o)
                0x0000000000003868                uDMAChannelEnable
 .text.uDMAChannelDisable
                0x000000000000387c       0x14 /home/ubuntu/tivaware/driverlib/gcc/libdriver.a(udma.o)
                0x000000000000387c                uDMAChannelDisable
 .text.uDMAChannelAttributeDisable
                0x0000000000003890       0x4c /home/ubuntu/tivaware/driverlib/gcc/libdriver.a(udma.o)
                0x0000000000003890                uDMAChannelAttributeDisable
 .text.uDMAChannelControlSet
                0x00000000000038dc       0x20 /home/ubuntu/tivaware/driverlib/gcc/libdriver.a(udma.o)
                0x00000000000038dc                uDMAChannelControlSet
 .text.uDMAChannelTransferSet
                0x00000000000038fc       0x88 /home/ubuntu/tivaware/driverlib/gcc/libdriver.a(udma.o)
                0x00000000000038fc                uDMAChannelTransferSet
 .text.uDMAChannelModeGet
                0x0000000000003984       0x24 /home/ubuntu/tivaware/driverlib/gcc/libdriver.a(udma.o)
                0x0000000000003984                uDMAChannelModeGet
 .text._USBIntNumberGet.isra.0
                0x00000000000039a8       0x34 /home/ubuntu/tivaware/driverlib/gcc/libdriver.a(usb.o)
 .text.USBHostResume
                0x00000000000039dc       0x12 /home/ubuntu/tivaware/driverlib/gcc/libdriver.a(usb.o)
                0x00000000000039dc                USBHostResume
 *fill*         0x00000000000039ee        0x2 
 .text.USBIntEnableControl
                0x00000000000039f0       0x28 /home/ubuntu/tivaware/driverlib/gcc/libdriver.a(usb.o)
                0x00000000000039f0                USBIntEnableControl
 .text.USBIntStatusControl
                0x0000000000003a18       0x3c /home/ubuntu/tivaware/driverlib/gcc/libdriver.a(usb.o)
                0x0000000000003a18                USBIntStatusControl
 .text.USBIntEnableEndpoint
                0x0000000000003a54       0x16 /home/ubuntu/tivaware/driverlib/gcc/libdriver.a(usb.o)
                0x0000000000003a54                USBIntEnableEndpoint
 .text.USBIntStatusEndpoint
                0x0000000000003a6a        0xa /home/ubuntu/tivaware/driverlib/gcc/libdriver.a(usb.o)
                0x0000000000003a6a                USBIntStatusEndpoint
 .text.USBIntRegister
                0x0000000000003a74       0x1a /home/ubuntu/tivaware/driverlib/gcc/libdriver.a(usb.o)
                0x0000000000003a74                USBIntRegister
 .text.USBEndpointStatus
                0x0000000000003a8e       0x10 /home/ubuntu/tivaware/driverlib/gcc/libdriver.a(usb.o)
                0x0000000000003a8e                USBEndpointStatus
 .text.USBDevEndpointStatusClear
                0x0000000000003a9e       0x5a /home/ubuntu/tivaware/driverlib/gcc/libdriver.a(usb.o)
                0x0000000000003a9e                USBDevEndpointStatusClear
 .text.USBDevEndpointStall
                0x0000000000003af8       0x30 /home/ubuntu/tivaware/driverlib/gcc/libdriver.a(usb.o)
                0x0000000000003af8                USBDevEndpointStall
 .text.USBDevEndpointStallClear
                0x0000000000003b28       0x40 /home/ubuntu/tivaware/driverlib/gcc/libdriver.a(usb.o)
                0x0000000000003b28                USBDevEndpointStallClear
 .text.USBDevConnect
                0x0000000000003b68        0xa /home/ubuntu/tivaware/driverlib/gcc/libdriver.a(usb.o)
                0x0000000000003b68                USBDevConnect
 .text.USBDevDisconnect
                0x0000000000003b72        0xa /home/ubuntu/tivaware/driverlib/gcc/libdriver.a(usb.o)
                0x0000000000003b72                USBDevDisconnect
 .text.USBDevAddrSet
                0x0000000000003b7c        0x6 /home/ubuntu/tivaware/driverlib/gcc/libdriver.a(usb.o)
                0x0000000000003b7c                USBDevAddrSet
 .text.USBDevEndpointConfigSet
                0x0000000000003b82       0x80 /home/ubuntu/tivaware/driverlib/gcc/libdriver.a(usb.o)
                0x0000000000003b82                USBDevEndpointConfigSet
 .text.USBFIFOConfigSet
                0x0000000000003c02       0x40 /home/ubuntu/tivaware/driverlib/gcc/libdriver.a(usb.o)
                0x0000000000003c02                USBFIFOConfigSet
 .text.USBEndpointDMAConfigSet
                0x0000000000003c42       0x4a /home/ubuntu/tivaware/driverlib/gcc/libdriver.a(usb.o)
                0x0000000000003c42                USBEndpointDMAConfigSet
 .text.USBEndpointDMAEnable
                0x0000000000003c8c       0x1e /home/ubuntu/tivaware/driverlib/gcc/libdriver.a(usb.o)
                0x0000000000003c8c                USBEndpointDMAEnable
 .text.USBEndpointDMADisable
                0x0000000000003caa       0x1e /home/ubuntu/tivaware/driverlib/gcc/libdriver.a(usb.o)
                0x0000000000003caa                USBEndpointDMADisable
 .text.USBEndpointDataAvail
                0x0000000000003cc8       0x20 /home/ubuntu/tivaware/driverlib/gcc/libdriver.a(usb.o)
                0x0000000000003cc8                USBEndpointDataAvail
 .text.USBEndpointDataGet
                0x0000000000003ce8       0x46 /home/ubuntu/tivaware/driverlib/gcc/libdriver.a(usb.o)
                0x0000000000003ce8                USBEndpointDataGet
 .text.USBDevEndpointDataAck
                0x0000000000003d2e       0x1e /home/ubuntu/tivaware/driverlib/gcc/libdriver.a(usb.o)
                0x0000000000003d2e                USBDevEndpointDataAck
 .text.USBEndpointDataPut
                0x0000000000003d4c       0x32 /home/ubuntu/tivaware/driverlib/gcc/libdriver.a(usb.o)
                0x0000000000003d4c                USBEndpointDataPut
 .text.USBEndpointDataSend
                0x0000000000003d7e       0x2a /home/ubuntu/tivaware/driverlib/gcc/libdriver.a(usb.o)
                0x0000000000003d7e                USBEndpointDataSend
 .text.USBFIFOAddrGet
                0x0000000000003da8        0x8 /home/ubuntu/tivaware/driverlib/gcc/libdriver.a(usb.o)
                0x0000000000003da8                USBFIFOAddrGet
 .text.USBEndpointDMAChannel
                0x0000000000003db0       0x1e /home/ubuntu/tivaware/driverlib/gcc/libdriver.a(usb.o)
                0x0000000000003db0                USBEndpointDMAChannel
 .text.USBDevMode
                0x0000000000003dce        0x8 /home/ubuntu/tivaware/driverlib/gcc/libdriver.a(usb.o)
                0x0000000000003dce                USBDevMode
 .text.USBOTGMode
                0x0000000000003dd6        0x8 /home/ubuntu/tivaware/driverlib/gcc/libdriver.a(usb.o)
                0x0000000000003dd6                USBOTGMode
 .text.USBEndpointPacketCountSet
                0x0000000000003dde       0x12 /home/ubuntu/tivaware/driverlib/gcc/libdriver.a(usb.o)
                0x0000000000003dde                USBEndpointPacketCountSet
 .text.USBControllerVersion
                0x0000000000003df0        0xa /home/ubuntu/tivaware/driverlib/gcc/libdriver.a(usb.o)
                0x0000000000003df0                USBControllerVersion
 .text.USBClockEnable
                0x0000000000003dfa        0xa /home/ubuntu/tivaware/driverlib/gcc/libdriver.a(usb.o)
                0x0000000000003dfa                USBClockEnable
 .text.USBDMAChannelIntEnable
                0x0000000000003e04       0x10 /home/ubuntu/tivaware/driverlib/gcc/libdriver.a(usb.o)
                0x0000000000003e04                USBDMAChannelIntEnable
 .text.USBDMAChannelIntDisable
                0x0000000000003e14       0x10 /home/ubuntu/tivaware/driverlib/gcc/libdriver.a(usb.o)
                0x0000000000003e14                USBDMAChannelIntDisable
 .text.USBDMAChannelIntStatus
                0x0000000000003e24        0x6 /home/ubuntu/tivaware/driverlib/gcc/libdriver.a(usb.o)
                0x0000000000003e24                USBDMAChannelIntStatus
 .text.USBDMAChannelEnable
                0x0000000000003e2a       0x10 /home/ubuntu/tivaware/driverlib/gcc/libdriver.a(usb.o)
                0x0000000000003e2a                USBDMAChannelEnable
 .text.USBDMAChannelDisable
                0x0000000000003e3a       0x10 /home/ubuntu/tivaware/driverlib/gcc/libdriver.a(usb.o)
                0x0000000000003e3a                USBDMAChannelDisable
 .text.USBDMAChannelConfigSet
                0x0000000000003e4a       0x12 /home/ubuntu/tivaware/driverlib/gcc/libdriver.a(usb.o)
                0x0000000000003e4a                USBDMAChannelConfigSet
 .text.USBDMAChannelStatus
                0x0000000000003e5c        0xe /home/ubuntu/tivaware/driverlib/gcc/libdriver.a(usb.o)
                0x0000000000003e5c                USBDMAChannelStatus
 .text.USBDMAChannelAddressSet
                0x0000000000003e6a        0xa /home/ubuntu/tivaware/driverlib/gcc/libdriver.a(usb.o)
                0x0000000000003e6a                USBDMAChannelAddressSet
 .text.USBDMAChannelCountSet
                0x0000000000003e74        0xa /home/ubuntu/tivaware/driverlib/gcc/libdriver.a(usb.o)
                0x0000000000003e74                USBDMAChannelCountSet
 .text.USBULPIEnable
                0x0000000000003e7e        0xe /home/ubuntu/tivaware/driverlib/gcc/libdriver.a(usb.o)
                0x0000000000003e7e                USBULPIEnable
 .text.USBULPIDisable
                0x0000000000003e8c        0xe /home/ubuntu/tivaware/driverlib/gcc/libdriver.a(usb.o)
                0x0000000000003e8c                USBULPIDisable
 .text.USBULPIRegRead
                0x0000000000003e9a       0x20 /home/ubuntu/tivaware/driverlib/gcc/libdriver.a(usb.o)
                0x0000000000003e9a                USBULPIRegRead
 .text.USBULPIRegWrite
                0x0000000000003eba       0x20 /home/ubuntu/tivaware/driverlib/gcc/libdriver.a(usb.o)
                0x0000000000003eba                USBULPIRegWrite
 .text.USBDevLPMConfig
                0x0000000000003eda        0x8 /home/ubuntu/tivaware/driverlib/gcc/libdriver.a(usb.o)
                0x0000000000003eda                USBDevLPMConfig
 .text.USBDevLPMEnable
                0x0000000000003ee2        0xe /home/ubuntu/tivaware/driverlib/gcc/libdriver.a(usb.o)
                0x0000000000003ee2                USBDevLPMEnable
 .text.USBDevLPMDisable
                0x0000000000003ef0        0xe /home/ubuntu/tivaware/driverlib/gcc/libdriver.a(usb.o)
                0x0000000000003ef0                USBDevLPMDisable
 .text.USBLPMIntStatus
                0x0000000000003efe        0x6 /home/ubuntu/tivaware/driverlib/gcc/libdriver.a(usb.o)
                0x0000000000003efe                USBLPMIntStatus
 .text.USBLPMIntEnable
                0x0000000000003f04        0xe /home/ubuntu/tivaware/driverlib/gcc/libdriver.a(usb.o)
                0x0000000000003f04                USBLPMIntEnable
 .text.CPUcpsid
                0x0000000000003f12        0x8 /home/ubuntu/tivaware/driverlib/gcc/libdriver.a(cpu.o)
                0x0000000000003f12                CPUcpsid
 .text.CPUcpsie
                0x0000000000003f1a        0x8 /home/ubuntu/tivaware/driverlib/gcc/libdriver.a(cpu.o)
                0x0000000000003f1a                CPUcpsie
 *fill*         0x0000000000003f22        0x2 
 .text          0x0000000000003f24      0x134 /usr/bin/../lib/gcc/arm-none-eabi/7.3.1/../../../../arm-none-eabi/lib/thumb/v7e-m/fpv4-sp/hard/libc.a(lib_a-memcpy.o)
                0x0000000000003f24                memcpy
 .text.realloc  0x0000000000004058       0x10 /usr/bin/../lib/gcc/arm-none-eabi/7.3.1/../../../../arm-none-eabi/lib/thumb/v7e-m/fpv4-sp/hard/libc.a(lib_a-realloc.o)
                0x0000000000004058                realloc
 .text._realloc_r
                0x0000000000004068      0x35c /usr/bin/../lib/gcc/arm-none-eabi/7.3.1/../../../../arm-none-eabi/lib/thumb/v7e-m/fpv4-sp/hard/libc.a(lib_a-reallocr.o)
                0x0000000000004068                _realloc_r
 *fill*         0x00000000000043c4       0x3c 
 .text          0x0000000000004400       0xdc /usr/bin/../lib/gcc/arm-none-eabi/7.3.1/../../../../arm-none-eabi/lib/thumb/v7e-m/fpv4-sp/hard/libc.a(lib_a-strlen.o)
                0x0000000000004400                strlen
 .text._malloc_trim_r
                0x00000000000044dc       0xa0 /usr/bin/../lib/gcc/arm-none-eabi/7.3.1/../../../../arm-none-eabi/lib/thumb/v7e-m/fpv4-sp/hard/libc.a(lib_a-freer.o)
                0x00000000000044dc                _malloc_trim_r
 .text._free_r  0x000000000000457c      0x1e8 /usr/bin/../lib/gcc/arm-none-eabi/7.3.1/../../../../arm-none-eabi/lib/thumb/v7e-m/fpv4-sp/hard/libc.a(lib_a-freer.o)
                0x000000000000457c                _free_r
 .text._malloc_r
                0x0000000000004764      0x548 /usr/bin/../lib/gcc/arm-none-eabi/7.3.1/../../../../arm-none-eabi/lib/thumb/v7e-m/fpv4-sp/hard/libc.a(lib_a-mallocr.o)
                0x0000000000004764                _malloc_r
 .text.memmove  0x0000000000004cac       0xc8 /usr/bin/../lib/gcc/arm-none-eabi/7.3.1/../../../../arm-none-eabi/lib/thumb/v7e-m/fpv4-sp/hard/libc.a(lib_a-memmove.o)
                0x0000000000004cac                memmove
 .text.__malloc_lock
                0x0000000000004d74        0xc /usr/bin/../lib/gcc/arm-none-eabi/7.3.1/../../../../arm-none-eabi/lib/thumb/v7e-m/fpv4-sp/hard/libc.a(lib_a-mlock.o)
                0x0000000000004d74                __malloc_lock
 .text.__malloc_unlock
                0x0000000000004d80        0xc /usr/bin/../lib/gcc/arm-none-eabi/7.3.1/../../../../arm-none-eabi/lib/thumb/v7e-m/fpv4-sp/hard/libc.a(lib_a-mlock.o)
                0x0000000000004d80                __malloc_unlock
 .text._sbrk_r  0x0000000000004d8c       0x24 /usr/bin/../lib/gcc/arm-none-eabi/7.3.1/../../../../arm-none-eabi/lib/thumb/v7e-m/fpv4-sp/hard/libc.a(lib_a-sbrkr.o)
                0x0000000000004d8c                _sbrk_r
 .text.__retarget_lock_acquire_recursive
                0x0000000000004db0        0x4 /usr/bin/../lib/gcc/arm-none-eabi/7.3.1/../../../../arm-none-eabi/lib/thumb/v7e-m/fpv4-sp/hard/libc.a(lib_a-lock.o)
                0x0000000000004db0                __retarget_lock_acquire_recursive
 .text.__retarget_lock_release_recursive
                0x0000000000004db4        0x4 /usr/bin/../lib/gcc/arm-none-eabi/7.3.1/../../../../arm-none-eabi/lib/thumb/v7e-m/fpv4-sp/hard/libc.a(lib_a-lock.o)
                0x0000000000004db4                __retarget_lock_release_recursive
 .text._sbrk    0x0000000000004db8       0x1c /usr/bin/../lib/gcc/arm-none-eabi/7.3.1/../../../../arm-none-eabi/lib/thumb/v7e-m/fpv4-sp/hard/libnosys.a(sbrk.o)
                0x0000000000004db8                _sbrk
 *(.glue_7t)
 .glue_7t       0x0000000000004dd4        0x0 linker stubs
 *(.glue_7)
 .glue_7        0x0000000000004dd4        0x0 linker stubs
 *(.rodata .rodata* .gnu.linkonce.r.*)
 .rodata._ZTVN8std_msgs4TimeE
                0x0000000000004dd4       0x18 CMakeFiles/time_tf.axf.dir/time_tf.cpp.obj
                0x0000000000004dd4                vtable for std_msgs::Time
 .rodata._ZTVN14rosserial_msgs9TopicInfoE
                0x0000000000004dec       0x18 CMakeFiles/time_tf.axf.dir/time_tf.cpp.obj
                0x0000000000004dec                vtable for rosserial_msgs::TopicInfo
 .rodata._ZTVN14rosserial_msgs3LogE
                0x0000000000004e04       0x18 CMakeFiles/time_tf.axf.dir/time_tf.cpp.obj
                0x0000000000004e04                vtable for rosserial_msgs::Log
 .rodata._ZTVN14rosserial_msgs20RequestParamResponseE
                0x0000000000004e1c       0x18 CMakeFiles/time_tf.axf.dir/time_tf.cpp.obj
                0x0000000000004e1c                vtable for rosserial_msgs::RequestParamResponse
 .rodata._ZTVN8std_msgs6HeaderE
                0x0000000000004e34       0x18 CMakeFiles/time_tf.axf.dir/time_tf.cpp.obj
                0x0000000000004e34                vtable for std_msgs::Header
 .rodata._ZTVN13geometry_msgs7Vector3E
                0x0000000000004e4c       0x18 CMakeFiles/time_tf.axf.dir/time_tf.cpp.obj
                0x0000000000004e4c                vtable for geometry_msgs::Vector3
 .rodata._ZTVN13geometry_msgs10QuaternionE
                0x0000000000004e64       0x18 CMakeFiles/time_tf.axf.dir/time_tf.cpp.obj
                0x0000000000004e64                vtable for geometry_msgs::Quaternion
 .rodata._ZTVN13geometry_msgs9TransformE
                0x0000000000004e7c       0x18 CMakeFiles/time_tf.axf.dir/time_tf.cpp.obj
                0x0000000000004e7c                vtable for geometry_msgs::Transform
 .rodata._ZTVN13geometry_msgs16TransformStampedE
                0x0000000000004e94       0x18 CMakeFiles/time_tf.axf.dir/time_tf.cpp.obj
                0x0000000000004e94                vtable for geometry_msgs::TransformStamped
 .rodata._ZTVN2tf9tfMessageE
                0x0000000000004eac       0x18 CMakeFiles/time_tf.axf.dir/time_tf.cpp.obj
                0x0000000000004eac                vtable for tf::tfMessage
 .rodata._ZTVN3ros11NodeHandle_I13TivaCHardwareLi25ELi25ELi512ELi512EEE
                0x0000000000004ec4       0x14 CMakeFiles/time_tf.axf.dir/time_tf.cpp.obj
                0x0000000000004ec4                vtable for ros::NodeHandle_<TivaCHardware, 25, 25, 512, 512>
 .rodata._GLOBAL__sub_I_nh.str1.1
                0x0000000000004ed8        0x4 CMakeFiles/time_tf.axf.dir/time_tf.cpp.obj
 .rodata._ZN13geometry_msgs10Quaternion6getMD5Ev.str1.1
                0x0000000000004edc       0x21 CMakeFiles/time_tf.axf.dir/time_tf.cpp.obj
 .rodata._ZN13geometry_msgs10Quaternion7getTypeEv.str1.1
                0x0000000000004efd       0x19 CMakeFiles/time_tf.axf.dir/time_tf.cpp.obj
 .rodata._ZN13geometry_msgs16TransformStamped6getMD5Ev.str1.1
                0x0000000000004f16       0x21 CMakeFiles/time_tf.axf.dir/time_tf.cpp.obj
 .rodata._ZN13geometry_msgs16TransformStamped7getTypeEv.str1.1
                0x0000000000004f37       0x1f CMakeFiles/time_tf.axf.dir/time_tf.cpp.obj
 .rodata._ZN13geometry_msgs7Vector36getMD5Ev.str1.1
                0x0000000000004f56       0x21 CMakeFiles/time_tf.axf.dir/time_tf.cpp.obj
 .rodata._ZN13geometry_msgs7Vector37getTypeEv.str1.1
                0x0000000000004f77       0x16 CMakeFiles/time_tf.axf.dir/time_tf.cpp.obj
 .rodata._ZN13geometry_msgs9Transform6getMD5Ev.str1.1
                0x0000000000004f8d       0x21 CMakeFiles/time_tf.axf.dir/time_tf.cpp.obj
 .rodata._ZN13geometry_msgs9Transform7getTypeEv.str1.1
                0x0000000000004fae       0x18 CMakeFiles/time_tf.axf.dir/time_tf.cpp.obj
 .rodata._ZN14rosserial_msgs20RequestParamResponse6getMD5Ev.str1.1
                0x0000000000004fc6       0x21 CMakeFiles/time_tf.axf.dir/time_tf.cpp.obj
 .rodata._ZN14rosserial_msgs3Log6getMD5Ev.str1.1
                0x0000000000004fe7       0x21 CMakeFiles/time_tf.axf.dir/time_tf.cpp.obj
 .rodata._ZN14rosserial_msgs3Log7getTypeEv.str1.1
                0x0000000000005008       0x13 CMakeFiles/time_tf.axf.dir/time_tf.cpp.obj
 .rodata._ZN14rosserial_msgs9TopicInfo6getMD5Ev.str1.1
                0x000000000000501b       0x21 CMakeFiles/time_tf.axf.dir/time_tf.cpp.obj
 .rodata._ZN14rosserial_msgs9TopicInfo7getTypeEv.str1.1
                0x000000000000503c       0x19 CMakeFiles/time_tf.axf.dir/time_tf.cpp.obj
 .rodata._ZN14rosserial_msgsL12REQUESTPARAME
                0x0000000000005055       0x1c CMakeFiles/time_tf.axf.dir/time_tf.cpp.obj
 .rodata._ZN2tf9tfMessage6getMD5Ev.str1.1
                0x0000000000005071       0x21 CMakeFiles/time_tf.axf.dir/time_tf.cpp.obj
 .rodata._ZN2tf9tfMessage7getTypeEv.str1.1
                0x0000000000005092        0xd CMakeFiles/time_tf.axf.dir/time_tf.cpp.obj
 .rodata._ZN3ros11NodeHandle_I13TivaCHardwareLi25ELi25ELi512ELi512EE15negotiateTopicsEv.str1.1
                0x000000000000509f        0xd CMakeFiles/time_tf.axf.dir/time_tf.cpp.obj
                                          0x1 (size before relaxing)
 .rodata._ZN3ros11NodeHandle_I13TivaCHardwareLi25ELi25ELi512ELi512EE7publishEiPKNS_3MsgE.str1.1
                0x000000000000509f       0x39 CMakeFiles/time_tf.axf.dir/time_tf.cpp.obj
 .rodata._ZN8std_msgs4Time6getMD5Ev.str1.1
                0x00000000000050d8       0x21 CMakeFiles/time_tf.axf.dir/time_tf.cpp.obj
 .rodata._ZN8std_msgs4Time7getTypeEv.str1.1
                0x00000000000050f9        0xe CMakeFiles/time_tf.axf.dir/time_tf.cpp.obj
 .rodata._ZN8std_msgs6Header6getMD5Ev.str1.1
                0x0000000000005107       0x21 CMakeFiles/time_tf.axf.dir/time_tf.cpp.obj
 .rodata._ZN8std_msgs6Header7getTypeEv.str1.1
                0x0000000000005128       0x10 CMakeFiles/time_tf.axf.dir/time_tf.cpp.obj
 .rodata.g_ppui8StringDescriptors
                0x0000000000005138       0x18 CMakeFiles/time_tf.axf.dir/home/ubuntu/catkin_bot/build/rosserial_tivac_tutorials/ros_lib/usb_serial_structs.c.obj
                0x0000000000005138                g_ppui8StringDescriptors
 .rodata.g_pui8ConfigString
                0x0000000000005150       0x36 CMakeFiles/time_tf.axf.dir/home/ubuntu/catkin_bot/build/rosserial_tivac_tutorials/ros_lib/usb_serial_structs.c.obj
                0x0000000000005150                g_pui8ConfigString
 .rodata.g_pui8ControlInterfaceString
                0x0000000000005186       0x2c CMakeFiles/time_tf.axf.dir/home/ubuntu/catkin_bot/build/rosserial_tivac_tutorials/ros_lib/usb_serial_structs.c.obj
                0x0000000000005186                g_pui8ControlInterfaceString
 .rodata.g_pui8LangDescriptor
                0x00000000000051b2        0x4 CMakeFiles/time_tf.axf.dir/home/ubuntu/catkin_bot/build/rosserial_tivac_tutorials/ros_lib/usb_serial_structs.c.obj
                0x00000000000051b2                g_pui8LangDescriptor
 .rodata.g_pui8ManufacturerString
                0x00000000000051b6       0x24 CMakeFiles/time_tf.axf.dir/home/ubuntu/catkin_bot/build/rosserial_tivac_tutorials/ros_lib/usb_serial_structs.c.obj
                0x00000000000051b6                g_pui8ManufacturerString
 .rodata.g_pui8ProductString
                0x00000000000051da       0x22 CMakeFiles/time_tf.axf.dir/home/ubuntu/catkin_bot/build/rosserial_tivac_tutorials/ros_lib/usb_serial_structs.c.obj
                0x00000000000051da                g_pui8ProductString
 .rodata.g_pui8SerialNumberString
                0x00000000000051fc       0x12 CMakeFiles/time_tf.axf.dir/home/ubuntu/catkin_bot/build/rosserial_tivac_tutorials/ros_lib/usb_serial_structs.c.obj
                0x00000000000051fc                g_pui8SerialNumberString
 *fill*         0x000000000000520e        0x2 
 .rodata.g_pCDCCompSerConfigDescriptors
                0x0000000000005210        0x4 /home/ubuntu/tivaware/usblib/gcc/libusb.a(usbdcdc.o)
                0x0000000000005210                g_pCDCCompSerConfigDescriptors
 .rodata.g_pCDCCompSerConfigDescriptorsHS
                0x0000000000005214        0x4 /home/ubuntu/tivaware/usblib/gcc/libusb.a(usbdcdc.o)
                0x0000000000005214                g_pCDCCompSerConfigDescriptorsHS
 .rodata.g_ppCDCSerConfigDescriptors
                0x0000000000005218        0x4 /home/ubuntu/tivaware/usblib/gcc/libusb.a(usbdcdc.o)
                0x0000000000005218                g_ppCDCSerConfigDescriptors
 .rodata.g_ppCDCSerConfigDescriptorsHS
                0x000000000000521c        0x4 /home/ubuntu/tivaware/usblib/gcc/libusb.a(usbdcdc.o)
                0x000000000000521c                g_ppCDCSerConfigDescriptorsHS
 .rodata.g_pui8CDCSerCommInterface
                0x0000000000005220       0x23 /home/ubuntu/tivaware/usblib/gcc/libusb.a(usbdcdc.o)
                0x0000000000005220                g_pui8CDCSerCommInterface
 .rodata.g_pui8CDCSerDataInterface
                0x0000000000005243       0x17 /home/ubuntu/tivaware/usblib/gcc/libusb.a(usbdcdc.o)
                0x0000000000005243                g_pui8CDCSerDataInterface
 .rodata.g_pui8CDCSerDataInterfaceHS
                0x000000000000525a       0x17 /home/ubuntu/tivaware/usblib/gcc/libusb.a(usbdcdc.o)
                0x000000000000525a                g_pui8CDCSerDataInterfaceHS
 *fill*         0x0000000000005271        0x3 
 .rodata.g_sCDCCompSerConfigHeader
                0x0000000000005274        0x8 /home/ubuntu/tivaware/usblib/gcc/libusb.a(usbdcdc.o)
                0x0000000000005274                g_sCDCCompSerConfigHeader
 .rodata.g_sCDCCompSerConfigHeaderHS
                0x000000000000527c        0x8 /home/ubuntu/tivaware/usblib/gcc/libusb.a(usbdcdc.o)
                0x000000000000527c                g_sCDCCompSerConfigHeaderHS
 .rodata.g_sCDCHandlers
                0x0000000000005284       0x30 /home/ubuntu/tivaware/usblib/gcc/libusb.a(usbdcdc.o)
                0x0000000000005284                g_sCDCHandlers
 .rodata.g_sCDCSerCommInterfaceSection
                0x00000000000052b4        0x8 /home/ubuntu/tivaware/usblib/gcc/libusb.a(usbdcdc.o)
                0x00000000000052b4                g_sCDCSerCommInterfaceSection
 .rodata.g_sCDCSerConfigHeader
                0x00000000000052bc        0x8 /home/ubuntu/tivaware/usblib/gcc/libusb.a(usbdcdc.o)
                0x00000000000052bc                g_sCDCSerConfigHeader
 .rodata.g_sCDCSerConfigHeaderHS
                0x00000000000052c4        0x8 /home/ubuntu/tivaware/usblib/gcc/libusb.a(usbdcdc.o)
                0x00000000000052c4                g_sCDCSerConfigHeaderHS
 .rodata.g_sCDCSerConfigSection
                0x00000000000052cc        0x8 /home/ubuntu/tivaware/usblib/gcc/libusb.a(usbdcdc.o)
                0x00000000000052cc                g_sCDCSerConfigSection
 .rodata.g_sCDCSerDataInterfaceSection
                0x00000000000052d4        0x8 /home/ubuntu/tivaware/usblib/gcc/libusb.a(usbdcdc.o)
                0x00000000000052d4                g_sCDCSerDataInterfaceSection
 .rodata.g_sCDCSerDataInterfaceSectionHS
                0x00000000000052dc        0x8 /home/ubuntu/tivaware/usblib/gcc/libusb.a(usbdcdc.o)
                0x00000000000052dc                g_sCDCSerDataInterfaceSectionHS
 .rodata.g_sIADSerConfigSection
                0x00000000000052e4        0x8 /home/ubuntu/tivaware/usblib/gcc/libusb.a(usbdcdc.o)
                0x00000000000052e4                g_sIADSerConfigSection
 .rodata.g_psUSBDStdRequests
                0x00000000000052ec       0x34 /home/ubuntu/tivaware/usblib/gcc/libusb.a(usbdenum.o)
 .rodata.g_pui32Dii16Regs
                0x0000000000005320       0x14 /home/ubuntu/tivaware/driverlib/gcc/libdriver.a(interrupt.o)
 .rodata.g_pui32EnRegs
                0x0000000000005334       0x14 /home/ubuntu/tivaware/driverlib/gcc/libdriver.a(interrupt.o)
 *(.ARM.extab* .gnu.linkonce.armextab.*)
                0x0000000000005348                . = ALIGN (0x4)
 *(.init)
                0x0000000000005348                . = ALIGN (0x4)
                0x0000000000005348                __preinit_array_start = .
 *(SORT_BY_NAME(.preinit_array*))
 *(.preinit_array)
                0x0000000000005348                __preinit_array_end = .
                0x0000000000005348                . = ALIGN (0x4)
                0x0000000000005348                __init_array_start = .
 *(SORT_BY_NAME(.init_array.*))
 *(.init_array)
 .init_array    0x0000000000005348        0x4 CMakeFiles/time_tf.axf.dir/time_tf.cpp.obj
                0x000000000000534c                __init_array_end = .
                0x000000000000534c                . = ALIGN (0x4)
 *(.fini)
                0x000000000000534c                . = ALIGN (0x4)
                0x000000000000534c                __fini_array_start = .
 *(.fini_array)
 *(SORT_BY_NAME(.fini_array.*))
                0x000000000000534c                __fini_array_end = .
                0x000000000000534c                . = ALIGN (0x4)
                0x000000000000534c                _etext = .

.vfp11_veneer   0x000000000000534c        0x0
 .vfp11_veneer  0x000000000000534c        0x0 linker stubs

.v4_bx          0x000000000000534c        0x0
 .v4_bx         0x000000000000534c        0x0 linker stubs

.iplt           0x000000000000534c        0x0
 .iplt          0x000000000000534c        0x0 CMakeFiles/time_tf.axf.dir/time_tf.cpp.obj

.rel.dyn        0x000000000000534c        0x0
 .rel.iplt      0x000000000000534c        0x0 CMakeFiles/time_tf.axf.dir/time_tf.cpp.obj

.data           0x0000000020000000      0xbf8 load address 0x000000000000534c
                0x0000000020000000                . = ALIGN (0x4)
                0x0000000020000000                _data = .
 *(vtable)
 vtable         0x0000000020000000      0x26c /home/ubuntu/tivaware/driverlib/gcc/libdriver.a(interrupt.o)
 *(.data .data* .gnu.linkonce.d.*)
 .data.base_link
                0x000000002000026c        0xb CMakeFiles/time_tf.axf.dir/time_tf.cpp.obj
                0x000000002000026c                base_link
 .data.odom     0x0000000020000277        0x6 CMakeFiles/time_tf.axf.dir/time_tf.cpp.obj
                0x0000000020000277                odom
 *fill*         0x000000002000027d        0x3 
 .data.g_sCDCDevice
                0x0000000020000280       0x60 CMakeFiles/time_tf.axf.dir/home/ubuntu/catkin_bot/build/rosserial_tivac_tutorials/ros_lib/usb_serial_structs.c.obj
                0x0000000020000280                g_sCDCDevice
 .data.g_sRxBuffer
                0x00000000200002e0       0x38 CMakeFiles/time_tf.axf.dir/home/ubuntu/catkin_bot/build/rosserial_tivac_tutorials/ros_lib/usb_serial_structs.c.obj
                0x00000000200002e0                g_sRxBuffer
 .data.g_sTxBuffer
                0x0000000020000318       0x38 CMakeFiles/time_tf.axf.dir/home/ubuntu/catkin_bot/build/rosserial_tivac_tutorials/ros_lib/usb_serial_structs.c.obj
                0x0000000020000318                g_sTxBuffer
 .data.g_psCDCCompSerSections
                0x0000000020000350       0x10 /home/ubuntu/tivaware/usblib/gcc/libusb.a(usbdcdc.o)
                0x0000000020000350                g_psCDCCompSerSections
 .data.g_psCDCCompSerSectionsHS
                0x0000000020000360       0x10 /home/ubuntu/tivaware/usblib/gcc/libusb.a(usbdcdc.o)
                0x0000000020000360                g_psCDCCompSerSectionsHS
 .data.g_psCDCSerSections
                0x0000000020000370        0xc /home/ubuntu/tivaware/usblib/gcc/libusb.a(usbdcdc.o)
                0x0000000020000370                g_psCDCSerSections
 .data.g_psCDCSerSectionsHS
                0x000000002000037c        0xc /home/ubuntu/tivaware/usblib/gcc/libusb.a(usbdcdc.o)
                0x000000002000037c                g_psCDCSerSectionsHS
 .data.g_pui8CDCSerDescriptor
                0x0000000020000388        0x9 /home/ubuntu/tivaware/usblib/gcc/libusb.a(usbdcdc.o)
                0x0000000020000388                g_pui8CDCSerDescriptor
 .data.g_pui8CDCSerDeviceDescriptor
                0x0000000020000391       0x12 /home/ubuntu/tivaware/usblib/gcc/libusb.a(usbdcdc.o)
                0x0000000020000391                g_pui8CDCSerDeviceDescriptor
 .data.g_pui8IADSerDescriptor
                0x00000000200003a3        0x8 /home/ubuntu/tivaware/usblib/gcc/libusb.a(usbdcdc.o)
                0x00000000200003a3                g_pui8IADSerDescriptor
 *fill*         0x00000000200003ab        0x1 
 .data.g_ui16MaxPacketSize
                0x00000000200003ac        0x2 /home/ubuntu/tivaware/usblib/gcc/libusb.a(usbdcdc.o)
 *fill*         0x00000000200003ae        0x2 
 .data.g_ui32PLLDiv
                0x00000000200003b0        0x4 /home/ubuntu/tivaware/usblib/gcc/libusb.a(usbdenum.o)
 .data.g_iUSBMode
                0x00000000200003b4        0x1 /home/ubuntu/tivaware/usblib/gcc/libusb.a(usbmode.o)
                0x00000000200003b4                g_iUSBMode
 *fill*         0x00000000200003b5        0x3 
 .data._impure_ptr
                0x00000000200003b8        0x4 /usr/bin/../lib/gcc/arm-none-eabi/7.3.1/../../../../arm-none-eabi/lib/thumb/v7e-m/fpv4-sp/hard/libc.a(lib_a-impure.o)
                0x00000000200003b8                _impure_ptr
 *fill*         0x00000000200003bc        0x4 
 .data.impure_data
                0x00000000200003c0      0x428 /usr/bin/../lib/gcc/arm-none-eabi/7.3.1/../../../../arm-none-eabi/lib/thumb/v7e-m/fpv4-sp/hard/libc.a(lib_a-impure.o)
 .data.__malloc_av_
                0x00000000200007e8      0x408 /usr/bin/../lib/gcc/arm-none-eabi/7.3.1/../../../../arm-none-eabi/lib/thumb/v7e-m/fpv4-sp/hard/libc.a(lib_a-mallocr.o)
                0x00000000200007e8                __malloc_av_
 .data.__malloc_sbrk_base
                0x0000000020000bf0        0x4 /usr/bin/../lib/gcc/arm-none-eabi/7.3.1/../../../../arm-none-eabi/lib/thumb/v7e-m/fpv4-sp/hard/libc.a(lib_a-mallocr.o)
                0x0000000020000bf0                __malloc_sbrk_base
 .data.__malloc_trim_threshold
                0x0000000020000bf4        0x4 /usr/bin/../lib/gcc/arm-none-eabi/7.3.1/../../../../arm-none-eabi/lib/thumb/v7e-m/fpv4-sp/hard/libc.a(lib_a-mallocr.o)
                0x0000000020000bf4                __malloc_trim_threshold
                0x0000000020000bf8                _edata = .

.igot.plt       0x0000000020000bf8        0x0 load address 0x0000000000005f44
 .igot.plt      0x0000000020000bf8        0x0 CMakeFiles/time_tf.axf.dir/time_tf.cpp.obj

.bss            0x0000000020000bf8      0xa90 load address 0x0000000000005f48
                0x0000000020000bf8                . = ALIGN (0x4)
                0x0000000020000bf8                _bss = .
                0x0000000020000bf8                __bss_start__ = _bss
 *(.bss*)
 .bss.broadcaster
                0x0000000020000bf8       0x98 CMakeFiles/time_tf.axf.dir/time_tf.cpp.obj
                0x0000000020000bf8                broadcaster
 .bss.nh        0x0000000020000c90      0x530 CMakeFiles/time_tf.axf.dir/time_tf.cpp.obj
                0x0000000020000c90                nh
 .bss.t         0x00000000200011c0       0x70 CMakeFiles/time_tf.axf.dir/time_tf.cpp.obj
                0x00000000200011c0                t
 .bss.g_ui32heartbeat
                0x0000000020001230        0x4 CMakeFiles/time_tf.axf.dir/home/ubuntu/catkin_bot/build/rosserial_tivac_tutorials/ros_lib/tivac_hardware.cpp.obj
                0x0000000020001230                g_ui32heartbeat
 .bss.g_ui32milliseconds
                0x0000000020001234        0x4 CMakeFiles/time_tf.axf.dir/home/ubuntu/catkin_bot/build/rosserial_tivac_tutorials/ros_lib/tivac_hardware.cpp.obj
                0x0000000020001234                g_ui32milliseconds
 .bss.g_bUSBConfigured
                0x0000000020001238        0x1 CMakeFiles/time_tf.axf.dir/home/ubuntu/catkin_bot/build/rosserial_tivac_tutorials/ros_lib/usb_serial_structs.c.obj
 .bss.g_pui8DataBufferIn
                0x0000000020001239       0x40 /home/ubuntu/tivaware/usblib/gcc/libusb.a(usbdenum.o)
 *fill*         0x0000000020001279        0x3 
 .bss.g_ui32ULPISupport
                0x000000002000127c        0x4 /home/ubuntu/tivaware/usblib/gcc/libusb.a(usbdenum.o)
 .bss.ui32SOFDivide.6555
                0x0000000020001280        0x4 /home/ubuntu/tivaware/usblib/gcc/libusb.a(usbdenum.o)
 .bss.g_psUSBDMAInst
                0x0000000020001284      0x110 /home/ubuntu/tivaware/usblib/gcc/libusb.a(usbdma.o)
 .bss.g_pfnUSBModeCallback
                0x0000000020001394        0x4 /home/ubuntu/tivaware/usblib/gcc/libusb.a(usbmode.o)
 .bss.g_bUSBTimerInitialized
                0x0000000020001398        0x1 /home/ubuntu/tivaware/usblib/gcc/libusb.a(usbtick.o)
                0x0000000020001398                g_bUSBTimerInitialized
 *fill*         0x0000000020001399        0x3 
 .bss.g_ui32CurrentUSBTick
                0x000000002000139c        0x4 /home/ubuntu/tivaware/usblib/gcc/libusb.a(usbtick.o)
                0x000000002000139c                g_ui32CurrentUSBTick
 .bss.g_ui32USBSOFCount
                0x00000000200013a0        0x4 /home/ubuntu/tivaware/usblib/gcc/libusb.a(usbtick.o)
                0x00000000200013a0                g_ui32USBSOFCount
 .bss.__malloc_current_mallinfo
                0x00000000200013a4       0x28 /usr/bin/../lib/gcc/arm-none-eabi/7.3.1/../../../../arm-none-eabi/lib/thumb/v7e-m/fpv4-sp/hard/libc.a(lib_a-mallocr.o)
                0x00000000200013a4                __malloc_current_mallinfo
 .bss.__malloc_max_sbrked_mem
                0x00000000200013cc        0x4 /usr/bin/../lib/gcc/arm-none-eabi/7.3.1/../../../../arm-none-eabi/lib/thumb/v7e-m/fpv4-sp/hard/libc.a(lib_a-mallocr.o)
                0x00000000200013cc                __malloc_max_sbrked_mem
 .bss.__malloc_max_total_mem
                0x00000000200013d0        0x4 /usr/bin/../lib/gcc/arm-none-eabi/7.3.1/../../../../arm-none-eabi/lib/thumb/v7e-m/fpv4-sp/hard/libc.a(lib_a-mallocr.o)
                0x00000000200013d0                __malloc_max_total_mem
 .bss.__malloc_top_pad
                0x00000000200013d4        0x4 /usr/bin/../lib/gcc/arm-none-eabi/7.3.1/../../../../arm-none-eabi/lib/thumb/v7e-m/fpv4-sp/hard/libc.a(lib_a-mallocr.o)
                0x00000000200013d4                __malloc_top_pad
 .bss.heap_end.5377
                0x00000000200013d8        0x4 /usr/bin/../lib/gcc/arm-none-eabi/7.3.1/../../../../arm-none-eabi/lib/thumb/v7e-m/fpv4-sp/hard/libnosys.a(sbrk.o)
 *(COMMON)
 COMMON         0x00000000200013dc      0x200 CMakeFiles/time_tf.axf.dir/home/ubuntu/catkin_bot/build/rosserial_tivac_tutorials/ros_lib/usb_serial_structs.c.obj
                0x00000000200013dc                g_pui8USBRxBuffer
                0x00000000200014dc                g_pui8USBTxBuffer
 COMMON         0x00000000200015dc       0x54 /home/ubuntu/tivaware/usblib/gcc/libusb.a(usbdenum.o)
                0x00000000200015dc                g_psDCDInst
                0x000000002000162c                g_ppsDevInfo
 COMMON         0x0000000020001630       0x30 /home/ubuntu/tivaware/usblib/gcc/libusb.a(usbtick.o)
                0x0000000020001630                g_pvTickInstance
                0x0000000020001648                g_pfnTickHandlers
 COMMON         0x0000000020001660       0x21 /usr/bin/../lib/gcc/arm-none-eabi/7.3.1/../../../../arm-none-eabi/lib/thumb/v7e-m/fpv4-sp/hard/libc.a(lib_a-lock.o)
                0x0000000020001660                __lock___atexit_recursive_mutex
                0x0000000020001664                __lock___arc4random_mutex
                0x0000000020001668                __lock___env_recursive_mutex
                0x000000002000166c                __lock___sinit_recursive_mutex
                0x0000000020001670                __lock___malloc_recursive_mutex
                0x0000000020001674                __lock___at_quick_exit_mutex
                0x0000000020001678                __lock___dd_hash_mutex
                0x000000002000167c                __lock___tz_mutex
                0x0000000020001680                __lock___sfp_recursive_mutex
 *fill*         0x0000000020001681        0x3 
 COMMON         0x0000000020001684        0x4 /usr/bin/../lib/gcc/arm-none-eabi/7.3.1/../../../../arm-none-eabi/lib/thumb/v7e-m/fpv4-sp/hard/libc.a(lib_a-reent.o)
                0x0000000020001684                errno
                0x0000000020001688                . = ALIGN (0x4)
                0x0000000020001688                _ebss = .
                0x0000000020001688                __bss_end__ = _ebss
                0x0000000020001688                . = ALIGN (0x8)
                [!provide]                        PROVIDE (__exidx_start = .)

.ARM.exidx
 *(.ARM.exidx* .gnu.linkonce.armexidx.*)
                [!provide]                        PROVIDE (__exidx_end = .)
                0x0000000020001688                . = ALIGN (0x4)
                0x0000000020001688                _end = .
                0x0000000020001688                PROVIDE (end = _end)
                0x0000000020008000                PROVIDE (_estack = (ORIGIN (SRAM) + LENGTH (SRAM)))
OUTPUT(/home/ubuntu/catkin_bot/devel/share/rosserial_tivac_tutorials/time_tf.axf elf32-littlearm)

.comment        0x0000000000000000       0x7f
 .comment       0x0000000000000000       0x7f CMakeFiles/time_tf.axf.dir/time_tf.cpp.obj
                                         0x80 (size before relaxing)
 .comment       0x000000000000007f       0x80 CMakeFiles/time_tf.axf.dir/home/ubuntu/catkin_bot/build/rosserial_tivac_tutorials/ros_lib/startup_gcc.c.obj
 .comment       0x000000000000007f       0x80 CMakeFiles/time_tf.axf.dir/home/ubuntu/catkin_bot/build/rosserial_tivac_tutorials/ros_lib/time.cpp.obj
 .comment       0x000000000000007f       0x80 CMakeFiles/time_tf.axf.dir/home/ubuntu/catkin_bot/build/rosserial_tivac_tutorials/ros_lib/tivac_hardware.cpp.obj
 .comment       0x000000000000007f       0x80 CMakeFiles/time_tf.axf.dir/home/ubuntu/catkin_bot/build/rosserial_tivac_tutorials/ros_lib/usb_serial_structs.c.obj
 .comment       0x000000000000007f       0x80 /home/ubuntu/tivaware/usblib/gcc/libusb.a(usbbuffer.o)
 .comment       0x000000000000007f       0x80 /home/ubuntu/tivaware/usblib/gcc/libusb.a(usbdcdc.o)
 .comment       0x000000000000007f       0x80 /home/ubuntu/tivaware/usblib/gcc/libusb.a(usbdenum.o)
 .comment       0x000000000000007f       0x80 /home/ubuntu/tivaware/usblib/gcc/libusb.a(usbdhandler.o)
 .comment       0x000000000000007f       0x80 /home/ubuntu/tivaware/usblib/gcc/libusb.a(usbdma.o)
 .comment       0x000000000000007f       0x80 /home/ubuntu/tivaware/usblib/gcc/libusb.a(usbmode.o)
 .comment       0x000000000000007f       0x80 /home/ubuntu/tivaware/usblib/gcc/libusb.a(usbringbuf.o)
 .comment       0x000000000000007f       0x80 /home/ubuntu/tivaware/usblib/gcc/libusb.a(usbtick.o)
 .comment       0x000000000000007f       0x80 /home/ubuntu/tivaware/usblib/gcc/libusb.a(usbulpi.o)
 .comment       0x000000000000007f       0x80 /home/ubuntu/tivaware/usblib/gcc/libusb.a(usbdcdesc.o)
 .comment       0x000000000000007f       0x80 /home/ubuntu/tivaware/usblib/gcc/libusb.a(usbdconfig.o)
 .comment       0x000000000000007f       0x80 /home/ubuntu/tivaware/usblib/gcc/libusb.a(usbdesc.o)
 .comment       0x000000000000007f       0x80 /home/ubuntu/tivaware/driverlib/gcc/libdriver.a(interrupt.o)
 .comment       0x000000000000007f       0x80 /home/ubuntu/tivaware/driverlib/gcc/libdriver.a(sysctl.o)
 .comment       0x000000000000007f       0x80 /home/ubuntu/tivaware/driverlib/gcc/libdriver.a(systick.o)
 .comment       0x000000000000007f       0x80 /home/ubuntu/tivaware/driverlib/gcc/libdriver.a(udma.o)
 .comment       0x000000000000007f       0x80 /home/ubuntu/tivaware/driverlib/gcc/libdriver.a(usb.o)
 .comment       0x000000000000007f       0x80 /home/ubuntu/tivaware/driverlib/gcc/libdriver.a(cpu.o)

.ARM.attributes
                0x0000000000000000       0x37
 .ARM.attributes
                0x0000000000000000       0x39 CMakeFiles/time_tf.axf.dir/time_tf.cpp.obj
 .ARM.attributes
                0x0000000000000039       0x39 CMakeFiles/time_tf.axf.dir/home/ubuntu/catkin_bot/build/rosserial_tivac_tutorials/ros_lib/startup_gcc.c.obj
 .ARM.attributes
                0x0000000000000072       0x39 CMakeFiles/time_tf.axf.dir/home/ubuntu/catkin_bot/build/rosserial_tivac_tutorials/ros_lib/time.cpp.obj
 .ARM.attributes
                0x00000000000000ab       0x39 CMakeFiles/time_tf.axf.dir/home/ubuntu/catkin_bot/build/rosserial_tivac_tutorials/ros_lib/tivac_hardware.cpp.obj
 .ARM.attributes
                0x00000000000000e4       0x39 CMakeFiles/time_tf.axf.dir/home/ubuntu/catkin_bot/build/rosserial_tivac_tutorials/ros_lib/usb_serial_structs.c.obj
 .ARM.attributes
                0x000000000000011d       0x39 /home/ubuntu/tivaware/usblib/gcc/libusb.a(usbbuffer.o)
 .ARM.attributes
                0x0000000000000156       0x39 /home/ubuntu/tivaware/usblib/gcc/libusb.a(usbdcdc.o)
 .ARM.attributes
                0x000000000000018f       0x39 /home/ubuntu/tivaware/usblib/gcc/libusb.a(usbdenum.o)
 .ARM.attributes
                0x00000000000001c8       0x39 /home/ubuntu/tivaware/usblib/gcc/libusb.a(usbdhandler.o)
 .ARM.attributes
                0x0000000000000201       0x39 /home/ubuntu/tivaware/usblib/gcc/libusb.a(usbdma.o)
 .ARM.attributes
                0x000000000000023a       0x39 /home/ubuntu/tivaware/usblib/gcc/libusb.a(usbmode.o)
 .ARM.attributes
                0x0000000000000273       0x39 /home/ubuntu/tivaware/usblib/gcc/libusb.a(usbringbuf.o)
 .ARM.attributes
                0x00000000000002ac       0x39 /home/ubuntu/tivaware/usblib/gcc/libusb.a(usbtick.o)
 .ARM.attributes
                0x00000000000002e5       0x39 /home/ubuntu/tivaware/usblib/gcc/libusb.a(usbulpi.o)
 .ARM.attributes
                0x000000000000031e       0x39 /home/ubuntu/tivaware/usblib/gcc/libusb.a(usbdcdesc.o)
 .ARM.attributes
                0x0000000000000357       0x39 /home/ubuntu/tivaware/usblib/gcc/libusb.a(usbdconfig.o)
 .ARM.attributes
                0x0000000000000390       0x39 /home/ubuntu/tivaware/usblib/gcc/libusb.a(usbdesc.o)
 .ARM.attributes
                0x00000000000003c9       0x39 /home/ubuntu/tivaware/driverlib/gcc/libdriver.a(interrupt.o)
 .ARM.attributes
                0x0000000000000402       0x39 /home/ubuntu/tivaware/driverlib/gcc/libdriver.a(sysctl.o)
 .ARM.attributes
                0x000000000000043b       0x39 /home/ubuntu/tivaware/driverlib/gcc/libdriver.a(systick.o)
 .ARM.attributes
                0x0000000000000474       0x39 /home/ubuntu/tivaware/driverlib/gcc/libdriver.a(udma.o)
 .ARM.attributes
                0x00000000000004ad       0x39 /home/ubuntu/tivaware/driverlib/gcc/libdriver.a(usb.o)
 .ARM.attributes
                0x00000000000004e6       0x39 /home/ubuntu/tivaware/driverlib/gcc/libdriver.a(cpu.o)
 .ARM.attributes
                0x000000000000051f       0x20 /usr/bin/../lib/gcc/arm-none-eabi/7.3.1/../../../../arm-none-eabi/lib/thumb/v7e-m/fpv4-sp/hard/libc.a(lib_a-memcpy.o)
 .ARM.attributes
                0x000000000000053f       0x34 /usr/bin/../lib/gcc/arm-none-eabi/7.3.1/../../../../arm-none-eabi/lib/thumb/v7e-m/fpv4-sp/hard/libc.a(lib_a-realloc.o)
 .ARM.attributes
                0x0000000000000573       0x34 /usr/bin/../lib/gcc/arm-none-eabi/7.3.1/../../../../arm-none-eabi/lib/thumb/v7e-m/fpv4-sp/hard/libc.a(lib_a-reallocr.o)
 .ARM.attributes
                0x00000000000005a7       0x20 /usr/bin/../lib/gcc/arm-none-eabi/7.3.1/../../../../arm-none-eabi/lib/thumb/v7e-m/fpv4-sp/hard/libc.a(lib_a-strlen.o)
 .ARM.attributes
                0x00000000000005c7       0x34 /usr/bin/../lib/gcc/arm-none-eabi/7.3.1/../../../../arm-none-eabi/lib/thumb/v7e-m/fpv4-sp/hard/libc.a(lib_a-freer.o)
 .ARM.attributes
                0x00000000000005fb       0x34 /usr/bin/../lib/gcc/arm-none-eabi/7.3.1/../../../../arm-none-eabi/lib/thumb/v7e-m/fpv4-sp/hard/libc.a(lib_a-impure.o)
 .ARM.attributes
                0x000000000000062f       0x34 /usr/bin/../lib/gcc/arm-none-eabi/7.3.1/../../../../arm-none-eabi/lib/thumb/v7e-m/fpv4-sp/hard/libc.a(lib_a-mallocr.o)
 .ARM.attributes
                0x0000000000000663       0x34 /usr/bin/../lib/gcc/arm-none-eabi/7.3.1/../../../../arm-none-eabi/lib/thumb/v7e-m/fpv4-sp/hard/libc.a(lib_a-memmove.o)
 .ARM.attributes
                0x0000000000000697       0x34 /usr/bin/../lib/gcc/arm-none-eabi/7.3.1/../../../../arm-none-eabi/lib/thumb/v7e-m/fpv4-sp/hard/libc.a(lib_a-mlock.o)
 .ARM.attributes
                0x00000000000006cb       0x34 /usr/bin/../lib/gcc/arm-none-eabi/7.3.1/../../../../arm-none-eabi/lib/thumb/v7e-m/fpv4-sp/hard/libc.a(lib_a-sbrkr.o)
 .ARM.attributes
                0x00000000000006ff       0x34 /usr/bin/../lib/gcc/arm-none-eabi/7.3.1/../../../../arm-none-eabi/lib/thumb/v7e-m/fpv4-sp/hard/libc.a(lib_a-lock.o)
 .ARM.attributes
                0x0000000000000733       0x34 /usr/bin/../lib/gcc/arm-none-eabi/7.3.1/../../../../arm-none-eabi/lib/thumb/v7e-m/fpv4-sp/hard/libc.a(lib_a-reent.o)
 .ARM.attributes
                0x0000000000000767       0x34 /usr/bin/../lib/gcc/arm-none-eabi/7.3.1/../../../../arm-none-eabi/lib/thumb/v7e-m/fpv4-sp/hard/libnosys.a(sbrk.o)

.debug_frame    0x0000000000000000      0x320
 .debug_frame   0x0000000000000000       0x20 /usr/bin/../lib/gcc/arm-none-eabi/7.3.1/../../../../arm-none-eabi/lib/thumb/v7e-m/fpv4-sp/hard/libc.a(lib_a-realloc.o)
 .debug_frame   0x0000000000000020       0x58 /usr/bin/../lib/gcc/arm-none-eabi/7.3.1/../../../../arm-none-eabi/lib/thumb/v7e-m/fpv4-sp/hard/libc.a(lib_a-reallocr.o)
 .debug_frame   0x0000000000000078       0x80 /usr/bin/../lib/gcc/arm-none-eabi/7.3.1/../../../../arm-none-eabi/lib/thumb/v7e-m/fpv4-sp/hard/libc.a(lib_a-freer.o)
 .debug_frame   0x00000000000000f8       0x54 /usr/bin/../lib/gcc/arm-none-eabi/7.3.1/../../../../arm-none-eabi/lib/thumb/v7e-m/fpv4-sp/hard/libc.a(lib_a-mallocr.o)
 .debug_frame   0x000000000000014c       0x40 /usr/bin/../lib/gcc/arm-none-eabi/7.3.1/../../../../arm-none-eabi/lib/thumb/v7e-m/fpv4-sp/hard/libc.a(lib_a-memmove.o)
 .debug_frame   0x000000000000018c       0x30 /usr/bin/../lib/gcc/arm-none-eabi/7.3.1/../../../../arm-none-eabi/lib/thumb/v7e-m/fpv4-sp/hard/libc.a(lib_a-mlock.o)
 .debug_frame   0x00000000000001bc       0x2c /usr/bin/../lib/gcc/arm-none-eabi/7.3.1/../../../../arm-none-eabi/lib/thumb/v7e-m/fpv4-sp/hard/libc.a(lib_a-sbrkr.o)
 .debug_frame   0x00000000000001e8       0xb0 /usr/bin/../lib/gcc/arm-none-eabi/7.3.1/../../../../arm-none-eabi/lib/thumb/v7e-m/fpv4-sp/hard/libc.a(lib_a-lock.o)
 .debug_frame   0x0000000000000298       0x68 /usr/bin/../lib/gcc/arm-none-eabi/7.3.1/../../../../arm-none-eabi/lib/thumb/v7e-m/fpv4-sp/hard/libc.a(lib_a-reent.o)
 .debug_frame   0x0000000000000300       0x20 /usr/bin/../lib/gcc/arm-none-eabi/7.3.1/../../../../arm-none-eabi/lib/thumb/v7e-m/fpv4-sp/hard/libnosys.a(sbrk.o)
