Archive member included to satisfy reference by file (symbol)

/home/ubuntu/tivaware/usblib/gcc/libusb.a(usbbuffer.o)
                              CMakeFiles/rgb_led.axf.dir/rgb_led.cpp.obj (USBBufferInit)
/home/ubuntu/tivaware/usblib/gcc/libusb.a(usbdcdc.o)
                              CMakeFiles/rgb_led.axf.dir/rgb_led.cpp.obj (USBDCDCInit)
/home/ubuntu/tivaware/usblib/gcc/libusb.a(usbdenum.o)
                              /home/ubuntu/tivaware/usblib/gcc/libusb.a(usbdcdc.o) (USBDCDDeviceInfoInit)
/home/ubuntu/tivaware/usblib/gcc/libusb.a(usbdhandler.o)
                              CMakeFiles/rgb_led.axf.dir/rgb_led.cpp.obj (USB0DeviceIntHandler)
/home/ubuntu/tivaware/usblib/gcc/libusb.a(usbdma.o)
                              /home/ubuntu/tivaware/usblib/gcc/libusb.a(usbdenum.o) (USBLibDMAInit)
/home/ubuntu/tivaware/usblib/gcc/libusb.a(usbmode.o)
                              CMakeFiles/rgb_led.axf.dir/rgb_led.cpp.obj (USBStackModeSet)
/home/ubuntu/tivaware/usblib/gcc/libusb.a(usbringbuf.o)
                              /home/ubuntu/tivaware/usblib/gcc/libusb.a(usbbuffer.o) (USBRingBufFlush)
/home/ubuntu/tivaware/usblib/gcc/libusb.a(usbtick.o)
                              /home/ubuntu/tivaware/usblib/gcc/libusb.a(usbdcdc.o) (InternalUSBTickInit)
/home/ubuntu/tivaware/usblib/gcc/libusb.a(usbulpi.o)
                              /home/ubuntu/tivaware/usblib/gcc/libusb.a(usbdenum.o) (ULPIConfigSet)
/home/ubuntu/tivaware/usblib/gcc/libusb.a(usbdcdesc.o)
                              /home/ubuntu/tivaware/usblib/gcc/libusb.a(usbdenum.o) (USBDCDConfigDescGetSize)
/home/ubuntu/tivaware/usblib/gcc/libusb.a(usbdconfig.o)
                              /home/ubuntu/tivaware/usblib/gcc/libusb.a(usbdenum.o) (USBDeviceConfig)
/home/ubuntu/tivaware/usblib/gcc/libusb.a(usbdesc.o)
                              /home/ubuntu/tivaware/usblib/gcc/libusb.a(usbdcdesc.o) (USBDescGetNum)
/home/ubuntu/tivaware/usblib/gcc/libusb.a(usbhostenum.o)
                              /home/ubuntu/tivaware/usblib/gcc/libusb.a(usbmode.o) (USBHCDPowerConfigGet)
/home/ubuntu/tivaware/usblib/gcc/libusb.a(usbhhub.o)
                              /home/ubuntu/tivaware/usblib/gcc/libusb.a(usbhostenum.o) (USBHHubMain)
/home/ubuntu/tivaware/driverlib/gcc/libdriver.a(interrupt.o)
                              CMakeFiles/rgb_led.axf.dir/home/ubuntu/tivaware/utils/ringbuf.c.obj (IntMasterEnable)
/home/ubuntu/tivaware/driverlib/gcc/libdriver.a(sysctl.o)
                              /home/ubuntu/tivaware/usblib/gcc/libusb.a(usbdenum.o) (SysCtlPeripheralReset)
/home/ubuntu/tivaware/driverlib/gcc/libdriver.a(systick.o)
                              CMakeFiles/rgb_led.axf.dir/rgb_led.cpp.obj (SysTickIntRegister)
/home/ubuntu/tivaware/driverlib/gcc/libdriver.a(udma.o)
                              /home/ubuntu/tivaware/usblib/gcc/libusb.a(usbdma.o) (uDMAChannelEnable)
/home/ubuntu/tivaware/driverlib/gcc/libdriver.a(usb.o)
                              /home/ubuntu/tivaware/usblib/gcc/libusb.a(usbmode.o) (USBHostSuspend)
/home/ubuntu/tivaware/driverlib/gcc/libdriver.a(cpu.o)
                              /home/ubuntu/tivaware/driverlib/gcc/libdriver.a(interrupt.o) (CPUcpsid)
/usr/bin/../lib/gcc/arm-none-eabi/7.3.1/thumb/v7e-m/fpv4-sp/hard/libgcc.a(_arm_addsubdf3.o)
                              CMakeFiles/rgb_led.axf.dir/home/ubuntu/catkin_bot/build/rosserial_tivac_tutorials/ros_lib/duration.cpp.obj (__aeabi_i2d)
/usr/bin/../lib/gcc/arm-none-eabi/7.3.1/thumb/v7e-m/fpv4-sp/hard/libgcc.a(_arm_muldivdf3.o)
                              CMakeFiles/rgb_led.axf.dir/home/ubuntu/catkin_bot/build/rosserial_tivac_tutorials/ros_lib/duration.cpp.obj (__aeabi_dmul)
/usr/bin/../lib/gcc/arm-none-eabi/7.3.1/thumb/v7e-m/fpv4-sp/hard/libgcc.a(_arm_fixdfsi.o)
                              CMakeFiles/rgb_led.axf.dir/home/ubuntu/catkin_bot/build/rosserial_tivac_tutorials/ros_lib/duration.cpp.obj (__aeabi_d2iz)
/usr/bin/../lib/gcc/arm-none-eabi/7.3.1/thumb/v7e-m/fpv4-sp/hard/libgcc.a(_fixunssfdi.o)
                              CMakeFiles/rgb_led.axf.dir/home/ubuntu/tivaware/examples/boards/ek-tm4c123gxl/drivers/rgb.c.obj (__aeabi_f2ulz)
/usr/bin/../lib/gcc/arm-none-eabi/7.3.1/thumb/v7e-m/fpv4-sp/hard/libgcc.a(_arm_fixunsdfsi.o)
                              /usr/bin/../lib/gcc/arm-none-eabi/7.3.1/thumb/v7e-m/fpv4-sp/hard/libgcc.a(_fixunssfdi.o) (__aeabi_d2uiz)
/usr/bin/../lib/gcc/arm-none-eabi/7.3.1/../../../../arm-none-eabi/lib/thumb/v7e-m/fpv4-sp/hard/libc.a(lib_a-memcpy.o)
                              CMakeFiles/rgb_led.axf.dir/rgb_led.cpp.obj (memcpy)
/usr/bin/../lib/gcc/arm-none-eabi/7.3.1/../../../../arm-none-eabi/lib/thumb/v7e-m/fpv4-sp/hard/libc.a(lib_a-realloc.o)
                              CMakeFiles/rgb_led.axf.dir/rgb_led.cpp.obj (realloc)
/usr/bin/../lib/gcc/arm-none-eabi/7.3.1/../../../../arm-none-eabi/lib/thumb/v7e-m/fpv4-sp/hard/libc.a(lib_a-reallocr.o)
[...]
Memory Configuration

Name             Origin             Length             Attributes
FLASH            0x0000000000000000 0x0000000000040000 xr
SRAM             0x0000000020000000 0x0000000000008000 xrw
*default*        0x0000000000000000 0xffffffffffffffff

Linker script and memory map

LOAD CMakeFiles/rgb_led.axf.dir/rgb_led.cpp.obj
LOAD CMakeFiles/rgb_led.axf.dir/home/ubuntu/tivaware/examples/boards/ek-tm4c123gxl/drivers/rgb.c.obj
LOAD CMakeFiles/rgb_led.axf.dir/home/ubuntu/catkin_bot/build/rosserial_tivac_tutorials/ros_lib/startup_gcc.c.obj
LOAD CMakeFiles/rgb_led.axf.dir/home/ubuntu/tivaware/utils/ringbuf.c.obj
LOAD CMakeFiles/rgb_led.axf.dir/home/ubuntu/catkin_bot/build/rosserial_tivac_tutorials/ros_lib/duration.cpp.obj
LOAD CMakeFiles/rgb_led.axf.dir/home/ubuntu/catkin_bot/build/rosserial_tivac_tutorials/ros_lib/time.cpp.obj
LOAD CMakeFiles/rgb_led.axf.dir/home/ubuntu/catkin_bot/build/rosserial_tivac_tutorials/ros_lib/tivac_hardware.cpp.obj
LOAD CMakeFiles/rgb_led.axf.dir/home/ubuntu/catkin_bot/build/rosserial_tivac_tutorials/ros_lib/usb_serial_structs.c.obj
LOAD /home/ubuntu/tivaware/usblib/gcc/libusb.a
LOAD /home/ubuntu/tivaware/driverlib/gcc/libdriver.a
LOAD /usr/bin/../lib/gcc/arm-none-eabi/7.3.1/../../../../arm-none-eabi/lib/thumb/v7e-m/fpv4-sp/hard/libstdc++.a
LOAD /usr/bin/../lib/gcc/arm-none-eabi/7.3.1/../../../../arm-none-eabi/lib/thumb/v7e-m/fpv4-sp/hard/libm.a
START GROUP
LOAD /usr/bin/../lib/gcc/arm-none-eabi/7.3.1/thumb/v7e-m/fpv4-sp/hard/libgcc.a
LOAD /usr/bin/../lib/gcc/arm-none-eabi/7.3.1/thumb/v7e-m/fpv4-sp/hard/libgcc.a
LOAD /usr/bin/../lib/gcc/arm-none-eabi/7.3.1/../../../../arm-none-eabi/lib/thumb/v7e-m/fpv4-sp/hard/libc.a
LOAD /usr/bin/../lib/gcc/arm-none-eabi/7.3.1/../../../../arm-none-eabi/lib/thumb/v7e-m/fpv4-sp/hard/libm.a
LOAD /usr/bin/../lib/gcc/arm-none-eabi/7.3.1/../../../../arm-none-eabi/lib/thumb/v7e-m/fpv4-sp/hard/libnosys.a
END GROUP

.text           0x0000000000000000     0x5058
                0x0000000000000000                . = ALIGN (0x4)
                0x0000000000000000                _text = .
 *(.isr_vector)
 .isr_vector    0x0000000000000000      0x26c CMakeFiles/rgb_led.axf.dir/home/ubuntu/catkin_bot/build/rosserial_tivac_tutorials/ros_lib/startup_gcc.c.obj
                0x0000000000000000                g_pfnVectors
 *(.text .text* .gnu.linkonce.t.*)
 .text._ZNK8std_msgs4Time9serializeEPh
                0x000000000000026c       0x28 CMakeFiles/rgb_led.axf.dir/rgb_led.cpp.obj
                0x000000000000026c                std_msgs::Time::serialize(unsigned char*) const
 .text._ZN8std_msgs4Time11deserializeEPh
                0x0000000000000294       0x3c CMakeFiles/rgb_led.axf.dir/rgb_led.cpp.obj
                0x0000000000000294                std_msgs::Time::deserialize(unsigned char*)
 .text._ZN8std_msgs4Time7getTypeEv
                0x00000000000002d0        0x8 CMakeFiles/rgb_led.axf.dir/rgb_led.cpp.obj
                0x00000000000002d0                std_msgs::Time::getType()
 .text._ZN8std_msgs4Time6getMD5Ev
                0x00000000000002d8        0x8 CMakeFiles/rgb_led.axf.dir/rgb_led.cpp.obj
                0x00000000000002d8                std_msgs::Time::getMD5()
 .text._ZN14rosserial_msgs9TopicInfo7getTypeEv
                0x00000000000002e0        0x8 CMakeFiles/rgb_led.axf.dir/rgb_led.cpp.obj
                0x00000000000002e0                rosserial_msgs::TopicInfo::getType()
 .text._ZN14rosserial_msgs9TopicInfo6getMD5Ev
                0x00000000000002e8        0x8 CMakeFiles/rgb_led.axf.dir/rgb_led.cpp.obj
                0x00000000000002e8                rosserial_msgs::TopicInfo::getMD5()
 .text._ZN14rosserial_msgs3Log7getTypeEv
                0x00000000000002f0        0x8 CMakeFiles/rgb_led.axf.dir/rgb_led.cpp.obj
                0x00000000000002f0                rosserial_msgs::Log::getType()
 .text._ZN14rosserial_msgs3Log6getMD5Ev
                0x00000000000002f8        0x8 CMakeFiles/rgb_led.axf.dir/rgb_led.cpp.obj
                0x00000000000002f8                rosserial_msgs::Log::getMD5()
 .text._ZN14rosserial_msgs20RequestParamResponse7getTypeEv
                0x0000000000000300        0x8 CMakeFiles/rgb_led.axf.dir/rgb_led.cpp.obj
                0x0000000000000300                rosserial_msgs::RequestParamResponse::getType()
 .text._ZN14rosserial_msgs20RequestParamResponse6getMD5Ev
                0x0000000000000308        0x8 CMakeFiles/rgb_led.axf.dir/rgb_led.cpp.obj
                0x0000000000000308                rosserial_msgs::RequestParamResponse::getMD5()
 .text._ZN13TivaCHardware17SystickIntHandlerEv
                0x0000000000000310       0x10 CMakeFiles/rgb_led.axf.dir/rgb_led.cpp.obj
                0x0000000000000310                TivaCHardware::SystickIntHandler()
 .text._ZNK8std_msgs9ColorRGBA9serializeEPh
                0x0000000000000320       0x44 CMakeFiles/rgb_led.axf.dir/rgb_led.cpp.obj
                0x0000000000000320                std_msgs::ColorRGBA::serialize(unsigned char*) const
 .text._ZN8std_msgs9ColorRGBA11deserializeEPh
                0x0000000000000364       0x14 CMakeFiles/rgb_led.axf.dir/rgb_led.cpp.obj
                0x0000000000000364                std_msgs::ColorRGBA::deserialize(unsigned char*)
 .text._ZN8std_msgs9ColorRGBA7getTypeEv
                0x0000000000000378        0x8 CMakeFiles/rgb_led.axf.dir/rgb_led.cpp.obj
                0x0000000000000378                std_msgs::ColorRGBA::getType()
 .text._ZN8std_msgs9ColorRGBA6getMD5Ev
                0x0000000000000380        0x8 CMakeFiles/rgb_led.axf.dir/rgb_led.cpp.obj
                0x0000000000000380                std_msgs::ColorRGBA::getMD5()
 .text._ZN3ros11NodeHandle_I13TivaCHardwareLi25ELi25ELi512ELi512EE9connectedEv
                0x0000000000000388        0x6 CMakeFiles/rgb_led.axf.dir/rgb_led.cpp.obj
                0x0000000000000388                ros::NodeHandle_<TivaCHardware, 25, 25, 512, 512>::connected()
 .text._ZN3ros10SubscriberIN8std_msgs9ColorRGBAEvE8callbackEPh
                0x000000000000038e       0x18 CMakeFiles/rgb_led.axf.dir/rgb_led.cpp.obj
                0x000000000000038e                ros::Subscriber<std_msgs::ColorRGBA, void>::callback(unsigned char*)
 .text._ZN3ros10SubscriberIN8std_msgs9ColorRGBAEvE15getEndpointTypeEv
                0x00000000000003a6        0x4 CMakeFiles/rgb_led.axf.dir/rgb_led.cpp.obj
                0x00000000000003a6                ros::Subscriber<std_msgs::ColorRGBA, void>::getEndpointType()
 *fill*         0x00000000000003aa        0x2 
 .text._ZN3ros10SubscriberIN8std_msgs9ColorRGBAEvE10getMsgTypeEv
                0x00000000000003ac        0x8 CMakeFiles/rgb_led.axf.dir/rgb_led.cpp.obj
                0x00000000000003ac                ros::Subscriber<std_msgs::ColorRGBA, void>::getMsgType()
 .text._ZN3ros10SubscriberIN8std_msgs9ColorRGBAEvE9getMsgMD5Ev
                0x00000000000003b4        0x8 CMakeFiles/rgb_led.axf.dir/rgb_led.cpp.obj
                0x00000000000003b4                ros::Subscriber<std_msgs::ColorRGBA, void>::getMsgMD5()
 .text._Z8color_cbRKN8std_msgs9ColorRGBAE
                0x00000000000003bc       0x54 CMakeFiles/rgb_led.axf.dir/rgb_led.cpp.obj
                0x00000000000003bc                color_cb(std_msgs::ColorRGBA const&)
 .text._ZN3ros11NodeHandle_I13TivaCHardwareLi25ELi25ELi512ELi512EE7publishEiPKNS_3MsgE
                0x0000000000000410       0xb0 CMakeFiles/rgb_led.axf.dir/rgb_led.cpp.obj
                0x0000000000000410                ros::NodeHandle_<TivaCHardware, 25, 25, 512, 512>::publish(int, ros::Msg const*)
 .text._ZN13TivaCHardware4initEv
                0x00000000000004c0       0xc0 CMakeFiles/rgb_led.axf.dir/rgb_led.cpp.obj
                0x00000000000004c0                TivaCHardware::init()
 .text._ZN3ros3Msg8varToArrIPhmEEvT_T0_
                0x0000000000000580       0x10 CMakeFiles/rgb_led.axf.dir/rgb_led.cpp.obj
                0x0000000000000580                void ros::Msg::varToArr<unsigned char*, unsigned long>(unsigned char*, unsigned long)
 .text._ZNK14rosserial_msgs20RequestParamResponse9serializeEPh
                0x0000000000000590      0x102 CMakeFiles/rgb_led.axf.dir/rgb_led.cpp.obj
                0x0000000000000590                rosserial_msgs::RequestParamResponse::serialize(unsigned char*) const
 .text._ZNK14rosserial_msgs3Log9serializeEPh
                0x0000000000000692       0x2c CMakeFiles/rgb_led.axf.dir/rgb_led.cpp.obj
                0x0000000000000692                rosserial_msgs::Log::serialize(unsigned char*) const
 .text._ZNK14rosserial_msgs9TopicInfo9serializeEPh
                0x00000000000006be       0x86 CMakeFiles/rgb_led.axf.dir/rgb_led.cpp.obj
                0x00000000000006be                rosserial_msgs::TopicInfo::serialize(unsigned char*) const
 .text._ZN3ros3Msg8arrToVarImPhEEvRT_T0_
                0x0000000000000744       0x1e CMakeFiles/rgb_led.axf.dir/rgb_led.cpp.obj
                0x0000000000000744                void ros::Msg::arrToVar<unsigned long, unsigned char*>(unsigned long&, unsigned char*)
 .text._ZN14rosserial_msgs3Log11deserializeEPh
                0x0000000000000762       0x36 CMakeFiles/rgb_led.axf.dir/rgb_led.cpp.obj
                0x0000000000000762                rosserial_msgs::Log::deserialize(unsigned char*)
 .text._ZN14rosserial_msgs9TopicInfo11deserializeEPh
                0x0000000000000798       0xb6 CMakeFiles/rgb_led.axf.dir/rgb_led.cpp.obj
                0x0000000000000798                rosserial_msgs::TopicInfo::deserialize(unsigned char*)
 .text._ZN14rosserial_msgs20RequestParamResponse11deserializeEPh
                0x000000000000084e       0xf4 CMakeFiles/rgb_led.axf.dir/rgb_led.cpp.obj
                0x000000000000084e                rosserial_msgs::RequestParamResponse::deserialize(unsigned char*)
 *fill*         0x0000000000000942        0x2 
 .text._ZN3ros11NodeHandle_I13TivaCHardwareLi25ELi25ELi512ELi512EE15requestSyncTimeEv
                0x0000000000000944       0x2c CMakeFiles/rgb_led.axf.dir/rgb_led.cpp.obj
                0x0000000000000944                ros::NodeHandle_<TivaCHardware, 25, 25, 512, 512>::requestSyncTime()
 .text._ZN3ros11NodeHandle_I13TivaCHardwareLi25ELi25ELi512ELi512EE15negotiateTopicsEv
                0x0000000000000970       0xc4 CMakeFiles/rgb_led.axf.dir/rgb_led.cpp.obj
                0x0000000000000970                ros::NodeHandle_<TivaCHardware, 25, 25, 512, 512>::negotiateTopics()
 .text._ZN3ros11NodeHandle_I13TivaCHardwareLi25ELi25ELi512ELi512EE8spinOnceEv
                0x0000000000000a34      0x26c CMakeFiles/rgb_led.axf.dir/rgb_led.cpp.obj
                0x0000000000000a34                ros::NodeHandle_<TivaCHardware, 25, 25, 512, 512>::spinOnce()
 .text.startup.main
                0x0000000000000ca0       0xe4 CMakeFiles/rgb_led.axf.dir/rgb_led.cpp.obj
                0x0000000000000ca0                main
 .text.startup._GLOBAL__sub_I_current_color
                0x0000000000000d84       0xb0 CMakeFiles/rgb_led.axf.dir/rgb_led.cpp.obj
 .text.RGBEnable
                0x0000000000000e34       0xc0 CMakeFiles/rgb_led.axf.dir/home/ubuntu/tivaware/examples/boards/ek-tm4c123gxl/drivers/rgb.c.obj
                0x0000000000000e34                RGBEnable
 .text.RGBInit  0x0000000000000ef4      0x100 CMakeFiles/rgb_led.axf.dir/home/ubuntu/tivaware/examples/boards/ek-tm4c123gxl/drivers/rgb.c.obj
                0x0000000000000ef4                RGBInit
 .text.RGBDisable
                0x0000000000000ff4       0x64 CMakeFiles/rgb_led.axf.dir/home/ubuntu/tivaware/examples/boards/ek-tm4c123gxl/drivers/rgb.c.obj
                0x0000000000000ff4                RGBDisable
 .text.RGBColorSet
                0x0000000000001058       0x8c CMakeFiles/rgb_led.axf.dir/home/ubuntu/tivaware/examples/boards/ek-tm4c123gxl/drivers/rgb.c.obj
                0x0000000000001058                RGBColorSet
 .text.RGBIntensitySet
                0x00000000000010e4       0x14 CMakeFiles/rgb_led.axf.dir/home/ubuntu/tivaware/examples/boards/ek-tm4c123gxl/drivers/rgb.c.obj
                0x00000000000010e4                RGBIntensitySet
 .text.RGBSet   0x00000000000010f8       0x1e CMakeFiles/rgb_led.axf.dir/home/ubuntu/tivaware/examples/boards/ek-tm4c123gxl/drivers/rgb.c.obj
                0x00000000000010f8                RGBSet
 .text.NmiSR    0x0000000000001116        0x2 CMakeFiles/rgb_led.axf.dir/home/ubuntu/catkin_bot/build/rosserial_tivac_tutorials/ros_lib/startup_gcc.c.obj
 .text.FaultISR
                0x0000000000001118        0x2 CMakeFiles/rgb_led.axf.dir/home/ubuntu/catkin_bot/build/rosserial_tivac_tutorials/ros_lib/startup_gcc.c.obj
 .text.IntDefaultHandler
                0x000000000000111a        0x2 CMakeFiles/rgb_led.axf.dir/home/ubuntu/catkin_bot/build/rosserial_tivac_tutorials/ros_lib/startup_gcc.c.obj
 .text.ResetISR
                0x000000000000111c       0x94 CMakeFiles/rgb_led.axf.dir/home/ubuntu/catkin_bot/build/rosserial_tivac_tutorials/ros_lib/startup_gcc.c.obj
                0x000000000000111c                ResetISR
 .text._ZN3ros16normalizeSecNSecERmS0_
                0x00000000000011b0       0x1c CMakeFiles/rgb_led.axf.dir/home/ubuntu/catkin_bot/build/rosserial_tivac_tutorials/ros_lib/time.cpp.obj
                0x00000000000011b0                ros::normalizeSecNSec(unsigned long&, unsigned long&)
 .text.TxHandler
                0x00000000000011cc        0x4 CMakeFiles/rgb_led.axf.dir/home/ubuntu/catkin_bot/build/rosserial_tivac_tutorials/ros_lib/usb_serial_structs.c.obj
                0x00000000000011cc                TxHandler
 .text.RxHandler
                0x00000000000011d0       0x14 CMakeFiles/rgb_led.axf.dir/home/ubuntu/catkin_bot/build/rosserial_tivac_tutorials/ros_lib/usb_serial_structs.c.obj
                0x00000000000011d0                RxHandler
 .text.ControlHandler
                0x00000000000011e4       0x34 CMakeFiles/rgb_led.axf.dir/home/ubuntu/catkin_bot/build/rosserial_tivac_tutorials/ros_lib/usb_serial_structs.c.obj
                0x00000000000011e4                ControlHandler
 .text.ScheduleNextTransmission
                0x0000000000001218       0x9a /home/ubuntu/tivaware/usblib/gcc/libusb.a(usbbuffer.o)
 .text.USBBufferInit
                0x00000000000012b2       0x16 /home/ubuntu/tivaware/usblib/gcc/libusb.a(usbbuffer.o)
                0x00000000000012b2                USBBufferInit
 .text.USBBufferWrite
                0x00000000000012c8       0x2e /home/ubuntu/tivaware/usblib/gcc/libusb.a(usbbuffer.o)
                0x00000000000012c8                USBBufferWrite
 .text.USBBufferFlush
                0x00000000000012f6        0x6 /home/ubuntu/tivaware/usblib/gcc/libusb.a(usbbuffer.o)
                0x00000000000012f6                USBBufferFlush
 .text.USBBufferRead
                0x00000000000012fc       0x26 /home/ubuntu/tivaware/usblib/gcc/libusb.a(usbbuffer.o)
                0x00000000000012fc                USBBufferRead
 .text.USBBufferDataAvailable
                0x0000000000001322        0x6 /home/ubuntu/tivaware/usblib/gcc/libusb.a(usbbuffer.o)
                0x0000000000001322                USBBufferDataAvailable
 .text.USBBufferEventCallback
                0x0000000000001328      0x12e /home/ubuntu/tivaware/usblib/gcc/libusb.a(usbbuffer.o)
                0x0000000000001328                USBBufferEventCallback
 *fill*         0x0000000000001456        0x2 
 .text.SetDeferredOpFlag
                0x0000000000001458       0x1c /home/ubuntu/tivaware/usblib/gcc/libusb.a(usbdcdc.o)
 .text.DeviceConsumedAllData
                0x0000000000001474       0x16 /home/ubuntu/tivaware/usblib/gcc/libusb.a(usbdcdc.o)
 .text.SendBreak
                0x000000000000148a       0x3c /home/ubuntu/tivaware/usblib/gcc/libusb.a(usbdcdc.o)
 .text.SendLineCodingChange
                0x00000000000014c6       0x24 /home/ubuntu/tivaware/usblib/gcc/libusb.a(usbdcdc.o)
 .text.SendLineStateChange
                0x00000000000014ea       0x24 /home/ubuntu/tivaware/usblib/gcc/libusb.a(usbdcdc.o)
 .text.HandleConfigChange
                0x000000000000150e       0x32 /home/ubuntu/tivaware/usblib/gcc/libusb.a(usbdcdc.o)
 .text.HandleDevice
                0x0000000000001540       0xa4 /home/ubuntu/tivaware/usblib/gcc/libusb.a(usbdcdc.o)
 .text.HandleDisconnect
                0x00000000000015e4       0x1e /home/ubuntu/tivaware/usblib/gcc/libusb.a(usbdcdc.o)
 .text.HandleSuspend
                0x0000000000001602       0x14 /home/ubuntu/tivaware/usblib/gcc/libusb.a(usbdcdc.o)
 .text.HandleResume
                0x0000000000001616       0x14 /home/ubuntu/tivaware/usblib/gcc/libusb.a(usbdcdc.o)
 .text.SendSerialState
                0x000000000000162a       0x84 /home/ubuntu/tivaware/usblib/gcc/libusb.a(usbdcdc.o)
 .text.HandleEP0Data
                0x00000000000016ae       0x4a /home/ubuntu/tivaware/usblib/gcc/libusb.a(usbdcdc.o)
 .text.HandleRequests
                0x00000000000016f8       0xe6 /home/ubuntu/tivaware/usblib/gcc/libusb.a(usbdcdc.o)
 .text.CDCTickHandler
                0x00000000000017de       0x9e /home/ubuntu/tivaware/usblib/gcc/libusb.a(usbdcdc.o)
 .text.ProcessDataFromHost
                0x000000000000187c       0x74 /home/ubuntu/tivaware/usblib/gcc/libusb.a(usbdcdc.o)
                0x000000000000187c                ProcessDataFromHost
 .text.ProcessNotificationToHost
                0x00000000000018f0       0x34 /home/ubuntu/tivaware/usblib/gcc/libusb.a(usbdcdc.o)
                0x00000000000018f0                ProcessNotificationToHost
 .text.ProcessDataToHost
                0x0000000000001924       0x60 /home/ubuntu/tivaware/usblib/gcc/libusb.a(usbdcdc.o)
                0x0000000000001924                ProcessDataToHost
 .text.HandleEndpoints
                0x0000000000001984       0x4c /home/ubuntu/tivaware/usblib/gcc/libusb.a(usbdcdc.o)
 .text.USBDCDCCompositeInit
                0x00000000000019d0       0xe4 /home/ubuntu/tivaware/usblib/gcc/libusb.a(usbdcdc.o)
                0x00000000000019d0                USBDCDCCompositeInit
 .text.USBDCDCInit
                0x0000000000001ab4       0x4c /home/ubuntu/tivaware/usblib/gcc/libusb.a(usbdcdc.o)
                0x0000000000001ab4                USBDCDCInit
 .text.USBDCDCPacketWrite
                0x0000000000001b00       0x58 /home/ubuntu/tivaware/usblib/gcc/libusb.a(usbdcdc.o)
                0x0000000000001b00                USBDCDCPacketWrite
 .text.USBDCDCPacketRead
                0x0000000000001b58       0x92 /home/ubuntu/tivaware/usblib/gcc/libusb.a(usbdcdc.o)
                0x0000000000001b58                USBDCDCPacketRead
 *fill*         0x0000000000001bea        0x2 
 .text.USBDCDCTxPacketAvailable
                0x0000000000001bec       0x14 /home/ubuntu/tivaware/usblib/gcc/libusb.a(usbdcdc.o)
                0x0000000000001bec                USBDCDCTxPacketAvailable
 .text.USBDCDCRxPacketAvailable
                0x0000000000001c00       0x30 /home/ubuntu/tivaware/usblib/gcc/libusb.a(usbdcdc.o)
                0x0000000000001c00                USBDCDCRxPacketAvailable
 .text.USBDSetAddress
                0x0000000000001c30       0x24 /home/ubuntu/tivaware/usblib/gcc/libusb.a(usbdenum.o)
 .text.USBDEP0StateTx.isra.0
                0x0000000000001c54       0x70 /home/ubuntu/tivaware/usblib/gcc/libusb.a(usbdenum.o)
 .text.USBDGetConfiguration
                0x0000000000001cc4       0x34 /home/ubuntu/tivaware/usblib/gcc/libusb.a(usbdenum.o)
 .text.USBDEP0StateTxConfig.isra.2
                0x0000000000001cf8      0x140 /home/ubuntu/tivaware/usblib/gcc/libusb.a(usbdenum.o)
 .text.USBDCDStallEP0.constprop.8
                0x0000000000001e38       0x1c /home/ubuntu/tivaware/usblib/gcc/libusb.a(usbdenum.o)
 .text.USBDGetStatus
                0x0000000000001e54       0x6c /home/ubuntu/tivaware/usblib/gcc/libusb.a(usbdenum.o)
 .text.USBDClearFeature
                0x0000000000001ec0       0x74 /home/ubuntu/tivaware/usblib/gcc/libusb.a(usbdenum.o)
 .text.USBDSetFeature
                0x0000000000001f34       0x64 /home/ubuntu/tivaware/usblib/gcc/libusb.a(usbdenum.o)
 .text.USBDGetDescriptor
                0x0000000000001f98      0x124 /home/ubuntu/tivaware/usblib/gcc/libusb.a(usbdenum.o)
 .text.USBDSetDescriptor
                0x00000000000020bc       0x18 /home/ubuntu/tivaware/usblib/gcc/libusb.a(usbdenum.o)
 .text.USBDSetConfiguration
                0x00000000000020d4       0x88 /home/ubuntu/tivaware/usblib/gcc/libusb.a(usbdenum.o)
 .text.USBDGetInterface
                0x000000000000215c       0x44 /home/ubuntu/tivaware/usblib/gcc/libusb.a(usbdenum.o)
 .text.USBDSetInterface
                0x00000000000021a0       0x98 /home/ubuntu/tivaware/usblib/gcc/libusb.a(usbdenum.o)
 .text.USBDSyncFrame
                0x0000000000002238       0x18 /home/ubuntu/tivaware/usblib/gcc/libusb.a(usbdenum.o)
 .text.USBDReadAndDispatchRequest.isra.3
                0x0000000000002250       0x68 /home/ubuntu/tivaware/usblib/gcc/libusb.a(usbdenum.o)
 .text.USBDCDDeviceInfoInit
                0x00000000000022b8       0x44 /home/ubuntu/tivaware/usblib/gcc/libusb.a(usbdenum.o)
                0x00000000000022b8                USBDCDDeviceInfoInit
 .text.USBDCDInit
                0x00000000000022fc      0x14c /home/ubuntu/tivaware/usblib/gcc/libusb.a(usbdenum.o)
                0x00000000000022fc                USBDCDInit
 .text.USBDCDRequestDataEP0
                0x0000000000002448       0x14 /home/ubuntu/tivaware/usblib/gcc/libusb.a(usbdenum.o)
                0x0000000000002448                USBDCDRequestDataEP0
 .text.USBDCDSendDataEP0
                0x000000000000245c       0x10 /home/ubuntu/tivaware/usblib/gcc/libusb.a(usbdenum.o)
                0x000000000000245c                USBDCDSendDataEP0
 .text.USBDCDStallEP0
                0x000000000000246c       0x1c /home/ubuntu/tivaware/usblib/gcc/libusb.a(usbdenum.o)
                0x000000000000246c                USBDCDStallEP0
 .text.USBDCDFeatureGet
                0x0000000000002488       0x18 /home/ubuntu/tivaware/usblib/gcc/libusb.a(usbdenum.o)
                0x0000000000002488                USBDCDFeatureGet
 .text.USBDeviceResumeTickHandler
                0x00000000000024a0       0x50 /home/ubuntu/tivaware/usblib/gcc/libusb.a(usbdenum.o)
                0x00000000000024a0                USBDeviceResumeTickHandler
 .text.USBDeviceEnumHandler
                0x00000000000024f0       0xcc /home/ubuntu/tivaware/usblib/gcc/libusb.a(usbdenum.o)
                0x00000000000024f0                USBDeviceEnumHandler
 .text.USBDeviceEnumResetHandler
                0x00000000000025bc       0x3c /home/ubuntu/tivaware/usblib/gcc/libusb.a(usbdenum.o)
                0x00000000000025bc                USBDeviceEnumResetHandler
 .text.USBDeviceIntHandlerInternal
                0x00000000000025f8      0x144 /home/ubuntu/tivaware/usblib/gcc/libusb.a(usbdenum.o)
                0x00000000000025f8                USBDeviceIntHandlerInternal
 .text.USB0DeviceIntHandler
                0x000000000000273c       0x18 /home/ubuntu/tivaware/usblib/gcc/libusb.a(usbdhandler.o)
                0x000000000000273c                USB0DeviceIntHandler
 .text.uDMAUSBChannelStatus
                0x0000000000002754       0x22 /home/ubuntu/tivaware/usblib/gcc/libusb.a(usbdma.o)
 .text.DMAUSBIntStatusClear
                0x0000000000002776        0xe /home/ubuntu/tivaware/usblib/gcc/libusb.a(usbdma.o)
 .text.uDMAUSBChannelIntEnable
                0x0000000000002784        0x2 /home/ubuntu/tivaware/usblib/gcc/libusb.a(usbdma.o)
 .text.iDMAUSBUnitSizeSet
                0x0000000000002786        0x2 /home/ubuntu/tivaware/usblib/gcc/libusb.a(usbdma.o)
 .text.DMAUSBStatus
                0x0000000000002788        0x4 /home/ubuntu/tivaware/usblib/gcc/libusb.a(usbdma.o)
 .text.iDMAUSBChannelRelease
                0x000000000000278c       0x3a /home/ubuntu/tivaware/usblib/gcc/libusb.a(usbdma.o)
 .text.iDMAUSBChannelAllocate
                0x00000000000027c6       0x80 /home/ubuntu/tivaware/usblib/gcc/libusb.a(usbdma.o)
 .text.iDMAUSBChannelDisable
                0x0000000000002846       0x32 /home/ubuntu/tivaware/usblib/gcc/libusb.a(usbdma.o)
 .text.iDMAUSBChannelIntDisable
                0x0000000000002878        0x8 /home/ubuntu/tivaware/usblib/gcc/libusb.a(usbdma.o)
 .text.iDMAUSBChannelIntEnable
                0x0000000000002880        0x8 /home/ubuntu/tivaware/usblib/gcc/libusb.a(usbdma.o)
 .text.iDMAUSBChannelEnable
                0x0000000000002888       0x50 /home/ubuntu/tivaware/usblib/gcc/libusb.a(usbdma.o)
 .text.iDMAUSBIntStatus
                0x00000000000028d8        0x6 /home/ubuntu/tivaware/usblib/gcc/libusb.a(usbdma.o)
 .text.iDMAUSBChannelStatus
                0x00000000000028de       0x34 /home/ubuntu/tivaware/usblib/gcc/libusb.a(usbdma.o)
 .text.uDMAUSBUnitSizeSet
                0x0000000000002912       0x58 /home/ubuntu/tivaware/usblib/gcc/libusb.a(usbdma.o)
 .text.uDMAUSBArbSizeSet
                0x000000000000296a       0x6e /home/ubuntu/tivaware/usblib/gcc/libusb.a(usbdma.o)
 .text.uDMAUSBIntStatus
                0x00000000000029d8       0x2c /home/ubuntu/tivaware/usblib/gcc/libusb.a(usbdma.o)
 .text.uDMAUSBChannelRelease
                0x0000000000002a04       0x56 /home/ubuntu/tivaware/usblib/gcc/libusb.a(usbdma.o)
 .text.uDMAUSBChannelEnable
                0x0000000000002a5a       0x6a /home/ubuntu/tivaware/usblib/gcc/libusb.a(usbdma.o)
 .text.uDMAUSBChannelDisable
                0x0000000000002ac4       0x4c /home/ubuntu/tivaware/usblib/gcc/libusb.a(usbdma.o)
 .text.uDMAUSBChannelAllocate
                0x0000000000002b10       0xb0 /home/ubuntu/tivaware/usblib/gcc/libusb.a(usbdma.o)
 .text.DMAUSBIntHandler
                0x0000000000002bc0       0x32 /home/ubuntu/tivaware/usblib/gcc/libusb.a(usbdma.o)
 .text.iDMAUSBTransfer
                0x0000000000002bf2       0xdc /home/ubuntu/tivaware/usblib/gcc/libusb.a(usbdma.o)
 .text.uDMAUSBTransfer
                0x0000000000002cce       0xb4 /home/ubuntu/tivaware/usblib/gcc/libusb.a(usbdma.o)
 .text.iDMAUSBArbSizeSet
                0x0000000000002d82        0x2 /home/ubuntu/tivaware/usblib/gcc/libusb.a(usbdma.o)
 .text.uDMAUSBChannelIntDisable
                0x0000000000002d84        0x2 /home/ubuntu/tivaware/usblib/gcc/libusb.a(usbdma.o)
 *fill*         0x0000000000002d86        0x2 
 .text.USBLibDMAInit
                0x0000000000002d88      0x160 /home/ubuntu/tivaware/usblib/gcc/libusb.a(usbdma.o)
                0x0000000000002d88                USBLibDMAInit
 .text.USBStackModeSet
                0x0000000000002ee8       0x1c /home/ubuntu/tivaware/usblib/gcc/libusb.a(usbmode.o)
                0x0000000000002ee8                USBStackModeSet
 .text.UpdateIndexAtomic
                0x0000000000002f04       0x2a /home/ubuntu/tivaware/usblib/gcc/libusb.a(usbringbuf.o)
 .text.USBRingBufFlush
                0x0000000000002f2e       0x18 /home/ubuntu/tivaware/usblib/gcc/libusb.a(usbringbuf.o)
                0x0000000000002f2e                USBRingBufFlush
 .text.USBRingBufUsed
                0x0000000000002f46       0x12 /home/ubuntu/tivaware/usblib/gcc/libusb.a(usbringbuf.o)
                0x0000000000002f46                USBRingBufUsed
 .text.USBRingBufFree
                0x0000000000002f58        0xe /home/ubuntu/tivaware/usblib/gcc/libusb.a(usbringbuf.o)
                0x0000000000002f58                USBRingBufFree
 .text.USBRingBufContigUsed
                0x0000000000002f66       0x10 /home/ubuntu/tivaware/usblib/gcc/libusb.a(usbringbuf.o)
                0x0000000000002f66                USBRingBufContigUsed
 .text.USBRingBufContigFree
                0x0000000000002f76       0x1a /home/ubuntu/tivaware/usblib/gcc/libusb.a(usbringbuf.o)
                0x0000000000002f76                USBRingBufContigFree
 .text.USBRingBufReadOne
                0x0000000000002f90       0x16 /home/ubuntu/tivaware/usblib/gcc/libusb.a(usbringbuf.o)
                0x0000000000002f90                USBRingBufReadOne
 .text.USBRingBufRead
                0x0000000000002fa6       0x1a /home/ubuntu/tivaware/usblib/gcc/libusb.a(usbringbuf.o)
                0x0000000000002fa6                USBRingBufRead
 .text.USBRingBufAdvanceRead
                0x0000000000002fc0       0x1c /home/ubuntu/tivaware/usblib/gcc/libusb.a(usbringbuf.o)
                0x0000000000002fc0                USBRingBufAdvanceRead
 .text.USBRingBufAdvanceWrite
                0x0000000000002fdc       0x36 /home/ubuntu/tivaware/usblib/gcc/libusb.a(usbringbuf.o)
                0x0000000000002fdc                USBRingBufAdvanceWrite
 .text.USBRingBufWriteOne
                0x0000000000003012       0x12 /home/ubuntu/tivaware/usblib/gcc/libusb.a(usbringbuf.o)
                0x0000000000003012                USBRingBufWriteOne
 .text.USBRingBufWrite
                0x0000000000003024       0x1a /home/ubuntu/tivaware/usblib/gcc/libusb.a(usbringbuf.o)
                0x0000000000003024                USBRingBufWrite
 .text.USBRingBufInit
                0x000000000000303e        0xc /home/ubuntu/tivaware/usblib/gcc/libusb.a(usbringbuf.o)
                0x000000000000303e                USBRingBufInit
 *fill*         0x000000000000304a        0x2 
 .text.InternalUSBTickInit
                0x000000000000304c       0x30 /home/ubuntu/tivaware/usblib/gcc/libusb.a(usbtick.o)
                0x000000000000304c                InternalUSBTickInit
 .text.InternalUSBRegisterTickHandler
                0x000000000000307c       0x30 /home/ubuntu/tivaware/usblib/gcc/libusb.a(usbtick.o)
                0x000000000000307c                InternalUSBRegisterTickHandler
 .text.InternalUSBStartOfFrameTick
                0x00000000000030ac       0x34 /home/ubuntu/tivaware/usblib/gcc/libusb.a(usbtick.o)
                0x00000000000030ac                InternalUSBStartOfFrameTick
 .text.ULPIConfigSet
                0x00000000000030e0       0x54 /home/ubuntu/tivaware/usblib/gcc/libusb.a(usbulpi.o)
                0x00000000000030e0                ULPIConfigSet
 .text.NextConfigDescGet
                0x0000000000003134       0x34 /home/ubuntu/tivaware/usblib/gcc/libusb.a(usbdcdesc.o)
 .text.USBDCDConfigDescGetSize
                0x0000000000003168       0x1e /home/ubuntu/tivaware/usblib/gcc/libusb.a(usbdcdesc.o)
                0x0000000000003168                USBDCDConfigDescGetSize
 .text.USBDCDConfigDescGetNum
                0x0000000000003186       0x2a /home/ubuntu/tivaware/usblib/gcc/libusb.a(usbdcdesc.o)
                0x0000000000003186                USBDCDConfigDescGetNum
 .text.USBDCDConfigDescGet
                0x00000000000031b0       0x58 /home/ubuntu/tivaware/usblib/gcc/libusb.a(usbdcdesc.o)
                0x00000000000031b0                USBDCDConfigDescGet
 .text.USBDCDConfigGetInterface
                0x0000000000003208       0x58 /home/ubuntu/tivaware/usblib/gcc/libusb.a(usbdcdesc.o)
                0x0000000000003208                USBDCDConfigGetInterface
 .text.USBDCDConfigGetInterfaceEndpoint
                0x0000000000003260       0x36 /home/ubuntu/tivaware/usblib/gcc/libusb.a(usbdcdesc.o)
                0x0000000000003260                USBDCDConfigGetInterfaceEndpoint
 .text.GetEPDescriptorType
                0x0000000000003296       0x3e /home/ubuntu/tivaware/usblib/gcc/libusb.a(usbdconfig.o)
 .text.USBDeviceConfig
                0x00000000000032d4      0x164 /home/ubuntu/tivaware/usblib/gcc/libusb.a(usbdconfig.o)
                0x00000000000032d4                USBDeviceConfig
 .text.USBDeviceConfigAlternate
                0x0000000000003438       0x88 /home/ubuntu/tivaware/usblib/gcc/libusb.a(usbdconfig.o)
                0x0000000000003438                USBDeviceConfigAlternate
 .text.USBDescGetNum
                0x00000000000034c0       0x24 /home/ubuntu/tivaware/usblib/gcc/libusb.a(usbdesc.o)
                0x00000000000034c0                USBDescGetNum
 .text.USBDescGet
                0x00000000000034e4       0x28 /home/ubuntu/tivaware/usblib/gcc/libusb.a(usbdesc.o)
                0x00000000000034e4                USBDescGet
 .text.IntMasterEnable
                0x000000000000350c        0xe /home/ubuntu/tivaware/driverlib/gcc/libdriver.a(interrupt.o)
                0x000000000000350c                IntMasterEnable
 .text.IntMasterDisable
                0x000000000000351a        0xe /home/ubuntu/tivaware/driverlib/gcc/libdriver.a(interrupt.o)
                0x000000000000351a                IntMasterDisable
 .text.IntRegister
                0x0000000000003528       0x34 /home/ubuntu/tivaware/driverlib/gcc/libdriver.a(interrupt.o)
                0x0000000000003528                IntRegister
 .text.IntEnable
                0x000000000000355c       0x60 /home/ubuntu/tivaware/driverlib/gcc/libdriver.a(interrupt.o)
                0x000000000000355c                IntEnable
 .text.IntDisable
                0x00000000000035bc       0x60 /home/ubuntu/tivaware/driverlib/gcc/libdriver.a(interrupt.o)
                0x00000000000035bc                IntDisable
 .text.IntIsEnabled
                0x000000000000361c       0x64 /home/ubuntu/tivaware/driverlib/gcc/libdriver.a(interrupt.o)
                0x000000000000361c                IntIsEnabled
 .text.SysCtlPeripheralReset
                0x0000000000003680       0x38 /home/ubuntu/tivaware/driverlib/gcc/libdriver.a(sysctl.o)
                0x0000000000003680                SysCtlPeripheralReset
 .text.SysCtlPeripheralEnable
                0x00000000000036b8       0x20 /home/ubuntu/tivaware/driverlib/gcc/libdriver.a(sysctl.o)
                0x00000000000036b8                SysCtlPeripheralEnable
 .text.SysCtlUSBPLLEnable
                0x00000000000036d8       0x10 /home/ubuntu/tivaware/driverlib/gcc/libdriver.a(sysctl.o)
                0x00000000000036d8                SysCtlUSBPLLEnable
 .text.SysTickIntRegister
                0x00000000000036e8       0x1c /home/ubuntu/tivaware/driverlib/gcc/libdriver.a(systick.o)
                0x00000000000036e8                SysTickIntRegister
 .text.uDMAChannelEnable
                0x0000000000003704       0x14 /home/ubuntu/tivaware/driverlib/gcc/libdriver.a(udma.o)
                0x0000000000003704                uDMAChannelEnable
 .text.uDMAChannelDisable
                0x0000000000003718       0x14 /home/ubuntu/tivaware/driverlib/gcc/libdriver.a(udma.o)
                0x0000000000003718                uDMAChannelDisable
 .text.uDMAChannelAttributeDisable
                0x000000000000372c       0x4c /home/ubuntu/tivaware/driverlib/gcc/libdriver.a(udma.o)
                0x000000000000372c                uDMAChannelAttributeDisable
 .text.uDMAChannelControlSet
                0x0000000000003778       0x20 /home/ubuntu/tivaware/driverlib/gcc/libdriver.a(udma.o)
                0x0000000000003778                uDMAChannelControlSet
 .text.uDMAChannelTransferSet
                0x0000000000003798       0x88 /home/ubuntu/tivaware/driverlib/gcc/libdriver.a(udma.o)
                0x0000000000003798                uDMAChannelTransferSet
 .text.uDMAChannelModeGet
                0x0000000000003820       0x24 /home/ubuntu/tivaware/driverlib/gcc/libdriver.a(udma.o)
                0x0000000000003820                uDMAChannelModeGet
 .text._USBIntNumberGet.isra.0
                0x0000000000003844       0x34 /home/ubuntu/tivaware/driverlib/gcc/libdriver.a(usb.o)
 .text.USBHostResume
                0x0000000000003878       0x12 /home/ubuntu/tivaware/driverlib/gcc/libdriver.a(usb.o)
                0x0000000000003878                USBHostResume
 *fill*         0x000000000000388a        0x2 
 .text.USBIntEnableControl
                0x000000000000388c       0x28 /home/ubuntu/tivaware/driverlib/gcc/libdriver.a(usb.o)
                0x000000000000388c                USBIntEnableControl
 .text.USBIntStatusControl
                0x00000000000038b4       0x3c /home/ubuntu/tivaware/driverlib/gcc/libdriver.a(usb.o)
                0x00000000000038b4                USBIntStatusControl
 .text.USBIntEnableEndpoint
                0x00000000000038f0       0x16 /home/ubuntu/tivaware/driverlib/gcc/libdriver.a(usb.o)
                0x00000000000038f0                USBIntEnableEndpoint
 .text.USBIntStatusEndpoint
                0x0000000000003906        0xa /home/ubuntu/tivaware/driverlib/gcc/libdriver.a(usb.o)
                0x0000000000003906                USBIntStatusEndpoint
 .text.USBIntRegister
                0x0000000000003910       0x1a /home/ubuntu/tivaware/driverlib/gcc/libdriver.a(usb.o)
                0x0000000000003910                USBIntRegister
 .text.USBEndpointStatus
                0x000000000000392a       0x10 /home/ubuntu/tivaware/driverlib/gcc/libdriver.a(usb.o)
                0x000000000000392a                USBEndpointStatus
 .text.USBDevEndpointStatusClear
                0x000000000000393a       0x5a /home/ubuntu/tivaware/driverlib/gcc/libdriver.a(usb.o)
                0x000000000000393a                USBDevEndpointStatusClear
 .text.USBDevEndpointStall
                0x0000000000003994       0x30 /home/ubuntu/tivaware/driverlib/gcc/libdriver.a(usb.o)
                0x0000000000003994                USBDevEndpointStall
 .text.USBDevEndpointStallClear
                0x00000000000039c4       0x40 /home/ubuntu/tivaware/driverlib/gcc/libdriver.a(usb.o)
                0x00000000000039c4                USBDevEndpointStallClear
 .text.USBDevConnect
                0x0000000000003a04        0xa /home/ubuntu/tivaware/driverlib/gcc/libdriver.a(usb.o)
                0x0000000000003a04                USBDevConnect
 .text.USBDevDisconnect
                0x0000000000003a0e        0xa /home/ubuntu/tivaware/driverlib/gcc/libdriver.a(usb.o)
                0x0000000000003a0e                USBDevDisconnect
 .text.USBDevAddrSet
                0x0000000000003a18        0x6 /home/ubuntu/tivaware/driverlib/gcc/libdriver.a(usb.o)
                0x0000000000003a18                USBDevAddrSet
 .text.USBDevEndpointConfigSet
                0x0000000000003a1e       0x80 /home/ubuntu/tivaware/driverlib/gcc/libdriver.a(usb.o)
                0x0000000000003a1e                USBDevEndpointConfigSet
 .text.USBFIFOConfigSet
                0x0000000000003a9e       0x40 /home/ubuntu/tivaware/driverlib/gcc/libdriver.a(usb.o)
                0x0000000000003a9e                USBFIFOConfigSet
 .text.USBEndpointDMAConfigSet
                0x0000000000003ade       0x4a /home/ubuntu/tivaware/driverlib/gcc/libdriver.a(usb.o)
                0x0000000000003ade                USBEndpointDMAConfigSet
 .text.USBEndpointDMAEnable
                0x0000000000003b28       0x1e /home/ubuntu/tivaware/driverlib/gcc/libdriver.a(usb.o)
                0x0000000000003b28                USBEndpointDMAEnable
 .text.USBEndpointDMADisable
                0x0000000000003b46       0x1e /home/ubuntu/tivaware/driverlib/gcc/libdriver.a(usb.o)
                0x0000000000003b46                USBEndpointDMADisable
 .text.USBEndpointDataAvail
                0x0000000000003b64       0x20 /home/ubuntu/tivaware/driverlib/gcc/libdriver.a(usb.o)
                0x0000000000003b64                USBEndpointDataAvail
 .text.USBEndpointDataGet
                0x0000000000003b84       0x46 /home/ubuntu/tivaware/driverlib/gcc/libdriver.a(usb.o)
                0x0000000000003b84                USBEndpointDataGet
 .text.USBDevEndpointDataAck
                0x0000000000003bca       0x1e /home/ubuntu/tivaware/driverlib/gcc/libdriver.a(usb.o)
                0x0000000000003bca                USBDevEndpointDataAck
 .text.USBEndpointDataPut
                0x0000000000003be8       0x32 /home/ubuntu/tivaware/driverlib/gcc/libdriver.a(usb.o)
                0x0000000000003be8                USBEndpointDataPut
 .text.USBEndpointDataSend
                0x0000000000003c1a       0x2a /home/ubuntu/tivaware/driverlib/gcc/libdriver.a(usb.o)
                0x0000000000003c1a                USBEndpointDataSend
 .text.USBFIFOAddrGet
                0x0000000000003c44        0x8 /home/ubuntu/tivaware/driverlib/gcc/libdriver.a(usb.o)
                0x0000000000003c44                USBFIFOAddrGet
 .text.USBEndpointDMAChannel
                0x0000000000003c4c       0x1e /home/ubuntu/tivaware/driverlib/gcc/libdriver.a(usb.o)
                0x0000000000003c4c                USBEndpointDMAChannel
 .text.USBDevMode
                0x0000000000003c6a        0x8 /home/ubuntu/tivaware/driverlib/gcc/libdriver.a(usb.o)
                0x0000000000003c6a                USBDevMode
 .text.USBOTGMode
                0x0000000000003c72        0x8 /home/ubuntu/tivaware/driverlib/gcc/libdriver.a(usb.o)
                0x0000000000003c72                USBOTGMode
 .text.USBEndpointPacketCountSet
                0x0000000000003c7a       0x12 /home/ubuntu/tivaware/driverlib/gcc/libdriver.a(usb.o)
                0x0000000000003c7a                USBEndpointPacketCountSet
 .text.USBControllerVersion
                0x0000000000003c8c        0xa /home/ubuntu/tivaware/driverlib/gcc/libdriver.a(usb.o)
                0x0000000000003c8c                USBControllerVersion
 .text.USBClockEnable
                0x0000000000003c96        0xa /home/ubuntu/tivaware/driverlib/gcc/libdriver.a(usb.o)
                0x0000000000003c96                USBClockEnable
 .text.USBDMAChannelIntEnable
                0x0000000000003ca0       0x10 /home/ubuntu/tivaware/driverlib/gcc/libdriver.a(usb.o)
                0x0000000000003ca0                USBDMAChannelIntEnable
 .text.USBDMAChannelIntDisable
                0x0000000000003cb0       0x10 /home/ubuntu/tivaware/driverlib/gcc/libdriver.a(usb.o)
                0x0000000000003cb0                USBDMAChannelIntDisable
 .text.USBDMAChannelIntStatus
                0x0000000000003cc0        0x6 /home/ubuntu/tivaware/driverlib/gcc/libdriver.a(usb.o)
                0x0000000000003cc0                USBDMAChannelIntStatus
 .text.USBDMAChannelEnable
                0x0000000000003cc6       0x10 /home/ubuntu/tivaware/driverlib/gcc/libdriver.a(usb.o)
                0x0000000000003cc6                USBDMAChannelEnable
 .text.USBDMAChannelDisable
                0x0000000000003cd6       0x10 /home/ubuntu/tivaware/driverlib/gcc/libdriver.a(usb.o)
                0x0000000000003cd6                USBDMAChannelDisable
 .text.USBDMAChannelConfigSet
                0x0000000000003ce6       0x12 /home/ubuntu/tivaware/driverlib/gcc/libdriver.a(usb.o)
                0x0000000000003ce6                USBDMAChannelConfigSet
 .text.USBDMAChannelStatus
                0x0000000000003cf8        0xe /home/ubuntu/tivaware/driverlib/gcc/libdriver.a(usb.o)
                0x0000000000003cf8                USBDMAChannelStatus
 .text.USBDMAChannelAddressSet
                0x0000000000003d06        0xa /home/ubuntu/tivaware/driverlib/gcc/libdriver.a(usb.o)
                0x0000000000003d06                USBDMAChannelAddressSet
 .text.USBDMAChannelCountSet
                0x0000000000003d10        0xa /home/ubuntu/tivaware/driverlib/gcc/libdriver.a(usb.o)
                0x0000000000003d10                USBDMAChannelCountSet
 .text.USBULPIEnable
                0x0000000000003d1a        0xe /home/ubuntu/tivaware/driverlib/gcc/libdriver.a(usb.o)
                0x0000000000003d1a                USBULPIEnable
 .text.USBULPIDisable
                0x0000000000003d28        0xe /home/ubuntu/tivaware/driverlib/gcc/libdriver.a(usb.o)
                0x0000000000003d28                USBULPIDisable
 .text.USBULPIRegRead
                0x0000000000003d36       0x20 /home/ubuntu/tivaware/driverlib/gcc/libdriver.a(usb.o)
                0x0000000000003d36                USBULPIRegRead
 .text.USBULPIRegWrite
                0x0000000000003d56       0x20 /home/ubuntu/tivaware/driverlib/gcc/libdriver.a(usb.o)
                0x0000000000003d56                USBULPIRegWrite
 .text.USBDevLPMConfig
                0x0000000000003d76        0x8 /home/ubuntu/tivaware/driverlib/gcc/libdriver.a(usb.o)
                0x0000000000003d76                USBDevLPMConfig
 .text.USBDevLPMEnable
                0x0000000000003d7e        0xe /home/ubuntu/tivaware/driverlib/gcc/libdriver.a(usb.o)
                0x0000000000003d7e                USBDevLPMEnable
 .text.USBDevLPMDisable
                0x0000000000003d8c        0xe /home/ubuntu/tivaware/driverlib/gcc/libdriver.a(usb.o)
                0x0000000000003d8c                USBDevLPMDisable
 .text.USBLPMIntStatus
                0x0000000000003d9a        0x6 /home/ubuntu/tivaware/driverlib/gcc/libdriver.a(usb.o)
                0x0000000000003d9a                USBLPMIntStatus
 .text.USBLPMIntEnable
                0x0000000000003da0        0xe /home/ubuntu/tivaware/driverlib/gcc/libdriver.a(usb.o)
                0x0000000000003da0                USBLPMIntEnable
 .text.CPUcpsid
                0x0000000000003dae        0x8 /home/ubuntu/tivaware/driverlib/gcc/libdriver.a(cpu.o)
                0x0000000000003dae                CPUcpsid
 .text.CPUcpsie
                0x0000000000003db6        0x8 /home/ubuntu/tivaware/driverlib/gcc/libdriver.a(cpu.o)
                0x0000000000003db6                CPUcpsie
 *fill*         0x0000000000003dbe        0x2 
 .text          0x0000000000003dc0      0x134 /usr/bin/../lib/gcc/arm-none-eabi/7.3.1/../../../../arm-none-eabi/lib/thumb/v7e-m/fpv4-sp/hard/libc.a(lib_a-memcpy.o)
                0x0000000000003dc0                memcpy
 .text.realloc  0x0000000000003ef4       0x10 /usr/bin/../lib/gcc/arm-none-eabi/7.3.1/../../../../arm-none-eabi/lib/thumb/v7e-m/fpv4-sp/hard/libc.a(lib_a-realloc.o)
                0x0000000000003ef4                realloc
 .text._realloc_r
                0x0000000000003f04      0x35c /usr/bin/../lib/gcc/arm-none-eabi/7.3.1/../../../../arm-none-eabi/lib/thumb/v7e-m/fpv4-sp/hard/libc.a(lib_a-reallocr.o)
                0x0000000000003f04                _realloc_r
 *fill*         0x0000000000004260       0x20 
 .text          0x0000000000004280       0xdc /usr/bin/../lib/gcc/arm-none-eabi/7.3.1/../../../../arm-none-eabi/lib/thumb/v7e-m/fpv4-sp/hard/libc.a(lib_a-strlen.o)
                0x0000000000004280                strlen
 .text._malloc_trim_r
                0x000000000000435c       0xa0 /usr/bin/../lib/gcc/arm-none-eabi/7.3.1/../../../../arm-none-eabi/lib/thumb/v7e-m/fpv4-sp/hard/libc.a(lib_a-freer.o)
                0x000000000000435c                _malloc_trim_r
 .text._free_r  0x00000000000043fc      0x1e8 /usr/bin/../lib/gcc/arm-none-eabi/7.3.1/../../../../arm-none-eabi/lib/thumb/v7e-m/fpv4-sp/hard/libc.a(lib_a-freer.o)
                0x00000000000043fc                _free_r
 .text._malloc_r
                0x00000000000045e4      0x548 /usr/bin/../lib/gcc/arm-none-eabi/7.3.1/../../../../arm-none-eabi/lib/thumb/v7e-m/fpv4-sp/hard/libc.a(lib_a-mallocr.o)
                0x00000000000045e4                _malloc_r
 .text.memmove  0x0000000000004b2c       0xc8 /usr/bin/../lib/gcc/arm-none-eabi/7.3.1/../../../../arm-none-eabi/lib/thumb/v7e-m/fpv4-sp/hard/libc.a(lib_a-memmove.o)
                0x0000000000004b2c                memmove
 .text.__malloc_lock
                0x0000000000004bf4        0xc /usr/bin/../lib/gcc/arm-none-eabi/7.3.1/../../../../arm-none-eabi/lib/thumb/v7e-m/fpv4-sp/hard/libc.a(lib_a-mlock.o)
                0x0000000000004bf4                __malloc_lock
 .text.__malloc_unlock
                0x0000000000004c00        0xc /usr/bin/../lib/gcc/arm-none-eabi/7.3.1/../../../../arm-none-eabi/lib/thumb/v7e-m/fpv4-sp/hard/libc.a(lib_a-mlock.o)
                0x0000000000004c00                __malloc_unlock
 .text._sbrk_r  0x0000000000004c0c       0x24 /usr/bin/../lib/gcc/arm-none-eabi/7.3.1/../../../../arm-none-eabi/lib/thumb/v7e-m/fpv4-sp/hard/libc.a(lib_a-sbrkr.o)
                0x0000000000004c0c                _sbrk_r
 .text.__retarget_lock_acquire_recursive
                0x0000000000004c30        0x4 /usr/bin/../lib/gcc/arm-none-eabi/7.3.1/../../../../arm-none-eabi/lib/thumb/v7e-m/fpv4-sp/hard/libc.a(lib_a-lock.o)
                0x0000000000004c30                __retarget_lock_acquire_recursive
 .text.__retarget_lock_release_recursive
                0x0000000000004c34        0x4 /usr/bin/../lib/gcc/arm-none-eabi/7.3.1/../../../../arm-none-eabi/lib/thumb/v7e-m/fpv4-sp/hard/libc.a(lib_a-lock.o)
                0x0000000000004c34                __retarget_lock_release_recursive
 .text._sbrk    0x0000000000004c38       0x1c /usr/bin/../lib/gcc/arm-none-eabi/7.3.1/../../../../arm-none-eabi/lib/thumb/v7e-m/fpv4-sp/hard/libnosys.a(sbrk.o)
                0x0000000000004c38                _sbrk
 *(.glue_7t)
 .glue_7t       0x0000000000004c54        0x0 linker stubs
 *(.glue_7)
 .glue_7        0x0000000000004c54        0x0 linker stubs
 *(.rodata .rodata* .gnu.linkonce.r.*)
 .rodata._ZTVN8std_msgs4TimeE
                0x0000000000004c54       0x18 CMakeFiles/rgb_led.axf.dir/rgb_led.cpp.obj
                0x0000000000004c54                vtable for std_msgs::Time
 .rodata._ZTVN14rosserial_msgs9TopicInfoE
                0x0000000000004c6c       0x18 CMakeFiles/rgb_led.axf.dir/rgb_led.cpp.obj
                0x0000000000004c6c                vtable for rosserial_msgs::TopicInfo
 .rodata._ZTVN14rosserial_msgs3LogE
                0x0000000000004c84       0x18 CMakeFiles/rgb_led.axf.dir/rgb_led.cpp.obj
                0x0000000000004c84                vtable for rosserial_msgs::Log
 .rodata._ZTVN14rosserial_msgs20RequestParamResponseE
                0x0000000000004c9c       0x18 CMakeFiles/rgb_led.axf.dir/rgb_led.cpp.obj
                0x0000000000004c9c                vtable for rosserial_msgs::RequestParamResponse
 .rodata._ZTVN8std_msgs9ColorRGBAE
                0x0000000000004cb4       0x18 CMakeFiles/rgb_led.axf.dir/rgb_led.cpp.obj
                0x0000000000004cb4                vtable for std_msgs::ColorRGBA
 .rodata._ZTVN3ros11NodeHandle_I13TivaCHardwareLi25ELi25ELi512ELi512EEE
                0x0000000000004ccc       0x14 CMakeFiles/rgb_led.axf.dir/rgb_led.cpp.obj
                0x0000000000004ccc                vtable for ros::NodeHandle_<TivaCHardware, 25, 25, 512, 512>
 .rodata._ZTVN3ros10SubscriberIN8std_msgs9ColorRGBAEvEE
                0x0000000000004ce0       0x18 CMakeFiles/rgb_led.axf.dir/rgb_led.cpp.obj
                0x0000000000004ce0                vtable for ros::Subscriber<std_msgs::ColorRGBA, void>
 .rodata._GLOBAL__sub_I_current_color.str1.1
                0x0000000000004cf8        0x4 CMakeFiles/rgb_led.axf.dir/rgb_led.cpp.obj
 .rodata._ZN14rosserial_msgs20RequestParamResponse6getMD5Ev.str1.1
                0x0000000000004cfc       0x21 CMakeFiles/rgb_led.axf.dir/rgb_led.cpp.obj
 .rodata._ZN14rosserial_msgs3Log6getMD5Ev.str1.1
                0x0000000000004d1d       0x21 CMakeFiles/rgb_led.axf.dir/rgb_led.cpp.obj
 .rodata._ZN14rosserial_msgs3Log7getTypeEv.str1.1
                0x0000000000004d3e       0x13 CMakeFiles/rgb_led.axf.dir/rgb_led.cpp.obj
 .rodata._ZN14rosserial_msgs9TopicInfo6getMD5Ev.str1.1
                0x0000000000004d51       0x21 CMakeFiles/rgb_led.axf.dir/rgb_led.cpp.obj
 .rodata._ZN14rosserial_msgs9TopicInfo7getTypeEv.str1.1
                0x0000000000004d72       0x19 CMakeFiles/rgb_led.axf.dir/rgb_led.cpp.obj
 .rodata._ZN14rosserial_msgsL12REQUESTPARAME
                0x0000000000004d8b       0x1c CMakeFiles/rgb_led.axf.dir/rgb_led.cpp.obj
 .rodata._ZN3ros11NodeHandle_I13TivaCHardwareLi25ELi25ELi512ELi512EE15negotiateTopicsEv.str1.1
                0x0000000000004da7       0x19 CMakeFiles/rgb_led.axf.dir/rgb_led.cpp.obj
                                          0x1 (size before relaxing)
 .rodata._ZN3ros11NodeHandle_I13TivaCHardwareLi25ELi25ELi512ELi512EE7publishEiPKNS_3MsgE.str1.1
                0x0000000000004da7       0x39 CMakeFiles/rgb_led.axf.dir/rgb_led.cpp.obj
 .rodata._ZN8std_msgs4Time6getMD5Ev.str1.1
                0x0000000000004de0       0x21 CMakeFiles/rgb_led.axf.dir/rgb_led.cpp.obj
 .rodata._ZN8std_msgs4Time7getTypeEv.str1.1
                0x0000000000004e01        0xe CMakeFiles/rgb_led.axf.dir/rgb_led.cpp.obj
 .rodata._ZN8std_msgs9ColorRGBA6getMD5Ev.str1.1
                0x0000000000004e0f       0x21 CMakeFiles/rgb_led.axf.dir/rgb_led.cpp.obj
 .rodata._ZN8std_msgs9ColorRGBA7getTypeEv.str1.1
                0x0000000000004e30       0x13 CMakeFiles/rgb_led.axf.dir/rgb_led.cpp.obj
 *fill*         0x0000000000004e43        0x1 
 .rodata.g_ppui8StringDescriptors
                0x0000000000004e44       0x18 CMakeFiles/rgb_led.axf.dir/home/ubuntu/catkin_bot/build/rosserial_tivac_tutorials/ros_lib/usb_serial_structs.c.obj
                0x0000000000004e44                g_ppui8StringDescriptors
 .rodata.g_pui8ConfigString
                0x0000000000004e5c       0x36 CMakeFiles/rgb_led.axf.dir/home/ubuntu/catkin_bot/build/rosserial_tivac_tutorials/ros_lib/usb_serial_structs.c.obj
                0x0000000000004e5c                g_pui8ConfigString
 .rodata.g_pui8ControlInterfaceString
                0x0000000000004e92       0x2c CMakeFiles/rgb_led.axf.dir/home/ubuntu/catkin_bot/build/rosserial_tivac_tutorials/ros_lib/usb_serial_structs.c.obj
                0x0000000000004e92                g_pui8ControlInterfaceString
 .rodata.g_pui8LangDescriptor
                0x0000000000004ebe        0x4 CMakeFiles/rgb_led.axf.dir/home/ubuntu/catkin_bot/build/rosserial_tivac_tutorials/ros_lib/usb_serial_structs.c.obj
                0x0000000000004ebe                g_pui8LangDescriptor
 .rodata.g_pui8ManufacturerString
                0x0000000000004ec2       0x24 CMakeFiles/rgb_led.axf.dir/home/ubuntu/catkin_bot/build/rosserial_tivac_tutorials/ros_lib/usb_serial_structs.c.obj
                0x0000000000004ec2                g_pui8ManufacturerString
 .rodata.g_pui8ProductString
                0x0000000000004ee6       0x22 CMakeFiles/rgb_led.axf.dir/home/ubuntu/catkin_bot/build/rosserial_tivac_tutorials/ros_lib/usb_serial_structs.c.obj
                0x0000000000004ee6                g_pui8ProductString
 .rodata.g_pui8SerialNumberString
                0x0000000000004f08       0x12 CMakeFiles/rgb_led.axf.dir/home/ubuntu/catkin_bot/build/rosserial_tivac_tutorials/ros_lib/usb_serial_structs.c.obj
                0x0000000000004f08                g_pui8SerialNumberString
 *fill*         0x0000000000004f1a        0x2 
 .rodata.g_pCDCCompSerConfigDescriptors
                0x0000000000004f1c        0x4 /home/ubuntu/tivaware/usblib/gcc/libusb.a(usbdcdc.o)
                0x0000000000004f1c                g_pCDCCompSerConfigDescriptors
 .rodata.g_pCDCCompSerConfigDescriptorsHS
                0x0000000000004f20        0x4 /home/ubuntu/tivaware/usblib/gcc/libusb.a(usbdcdc.o)
                0x0000000000004f20                g_pCDCCompSerConfigDescriptorsHS
 .rodata.g_ppCDCSerConfigDescriptors
                0x0000000000004f24        0x4 /home/ubuntu/tivaware/usblib/gcc/libusb.a(usbdcdc.o)
                0x0000000000004f24                g_ppCDCSerConfigDescriptors
 .rodata.g_ppCDCSerConfigDescriptorsHS
                0x0000000000004f28        0x4 /home/ubuntu/tivaware/usblib/gcc/libusb.a(usbdcdc.o)
                0x0000000000004f28                g_ppCDCSerConfigDescriptorsHS
 .rodata.g_pui8CDCSerCommInterface
                0x0000000000004f2c       0x23 /home/ubuntu/tivaware/usblib/gcc/libusb.a(usbdcdc.o)
                0x0000000000004f2c                g_pui8CDCSerCommInterface
 .rodata.g_pui8CDCSerDataInterface
                0x0000000000004f4f       0x17 /home/ubuntu/tivaware/usblib/gcc/libusb.a(usbdcdc.o)
                0x0000000000004f4f                g_pui8CDCSerDataInterface
 .rodata.g_pui8CDCSerDataInterfaceHS
                0x0000000000004f66       0x17 /home/ubuntu/tivaware/usblib/gcc/libusb.a(usbdcdc.o)
                0x0000000000004f66                g_pui8CDCSerDataInterfaceHS
 *fill*         0x0000000000004f7d        0x3 
 .rodata.g_sCDCCompSerConfigHeader
                0x0000000000004f80        0x8 /home/ubuntu/tivaware/usblib/gcc/libusb.a(usbdcdc.o)
                0x0000000000004f80                g_sCDCCompSerConfigHeader
 .rodata.g_sCDCCompSerConfigHeaderHS
                0x0000000000004f88        0x8 /home/ubuntu/tivaware/usblib/gcc/libusb.a(usbdcdc.o)
                0x0000000000004f88                g_sCDCCompSerConfigHeaderHS
 .rodata.g_sCDCHandlers
                0x0000000000004f90       0x30 /home/ubuntu/tivaware/usblib/gcc/libusb.a(usbdcdc.o)
                0x0000000000004f90                g_sCDCHandlers
 .rodata.g_sCDCSerCommInterfaceSection
                0x0000000000004fc0        0x8 /home/ubuntu/tivaware/usblib/gcc/libusb.a(usbdcdc.o)
                0x0000000000004fc0                g_sCDCSerCommInterfaceSection
 .rodata.g_sCDCSerConfigHeader
                0x0000000000004fc8        0x8 /home/ubuntu/tivaware/usblib/gcc/libusb.a(usbdcdc.o)
                0x0000000000004fc8                g_sCDCSerConfigHeader
 .rodata.g_sCDCSerConfigHeaderHS
                0x0000000000004fd0        0x8 /home/ubuntu/tivaware/usblib/gcc/libusb.a(usbdcdc.o)
                0x0000000000004fd0                g_sCDCSerConfigHeaderHS
 .rodata.g_sCDCSerConfigSection
                0x0000000000004fd8        0x8 /home/ubuntu/tivaware/usblib/gcc/libusb.a(usbdcdc.o)
                0x0000000000004fd8                g_sCDCSerConfigSection
 .rodata.g_sCDCSerDataInterfaceSection
                0x0000000000004fe0        0x8 /home/ubuntu/tivaware/usblib/gcc/libusb.a(usbdcdc.o)
                0x0000000000004fe0                g_sCDCSerDataInterfaceSection
 .rodata.g_sCDCSerDataInterfaceSectionHS
                0x0000000000004fe8        0x8 /home/ubuntu/tivaware/usblib/gcc/libusb.a(usbdcdc.o)
                0x0000000000004fe8                g_sCDCSerDataInterfaceSectionHS
 .rodata.g_sIADSerConfigSection
                0x0000000000004ff0        0x8 /home/ubuntu/tivaware/usblib/gcc/libusb.a(usbdcdc.o)
                0x0000000000004ff0                g_sIADSerConfigSection
 .rodata.g_psUSBDStdRequests
                0x0000000000004ff8       0x34 /home/ubuntu/tivaware/usblib/gcc/libusb.a(usbdenum.o)
 .rodata.g_pui32Dii16Regs
                0x000000000000502c       0x14 /home/ubuntu/tivaware/driverlib/gcc/libdriver.a(interrupt.o)
 .rodata.g_pui32EnRegs
                0x0000000000005040       0x14 /home/ubuntu/tivaware/driverlib/gcc/libdriver.a(interrupt.o)
 *(.ARM.extab* .gnu.linkonce.armextab.*)
                0x0000000000005054                . = ALIGN (0x4)
 *(.init)
                0x0000000000005054                . = ALIGN (0x4)
                0x0000000000005054                __preinit_array_start = .
 *(SORT_BY_NAME(.preinit_array*))
 *(.preinit_array)
                0x0000000000005054                __preinit_array_end = .
                0x0000000000005054                . = ALIGN (0x4)
                0x0000000000005054                __init_array_start = .
 *(SORT_BY_NAME(.init_array.*))
 *(.init_array)
 .init_array    0x0000000000005054        0x4 CMakeFiles/rgb_led.axf.dir/rgb_led.cpp.obj
                0x0000000000005058                __init_array_end = .
                0x0000000000005058                . = ALIGN (0x4)
 *(.fini)
                0x0000000000005058                . = ALIGN (0x4)
                0x0000000000005058                __fini_array_start = .
 *(.fini_array)
 *(SORT_BY_NAME(.fini_array.*))
                0x0000000000005058                __fini_array_end = .
                0x0000000000005058                . = ALIGN (0x4)
                0x0000000000005058                _etext = .

.vfp11_veneer   0x0000000000005058        0x0
 .vfp11_veneer  0x0000000000005058        0x0 linker stubs

.v4_bx          0x0000000000005058        0x0
 .v4_bx         0x0000000000005058        0x0 linker stubs

.iplt           0x0000000000005058        0x0
 .iplt          0x0000000000005058        0x0 CMakeFiles/rgb_led.axf.dir/rgb_led.cpp.obj

.rel.dyn        0x0000000000005058        0x0
 .rel.iplt      0x0000000000005058        0x0 CMakeFiles/rgb_led.axf.dir/rgb_led.cpp.obj

.data           0x0000000020000000      0xbf8 load address 0x0000000000005058
                0x0000000020000000                . = ALIGN (0x4)
                0x0000000020000000                _data = .
 *(vtable)
 vtable         0x0000000020000000      0x26c /home/ubuntu/tivaware/driverlib/gcc/libdriver.a(interrupt.o)
 *(.data .data* .gnu.linkonce.d.*)
 .data.current_color
                0x000000002000026c        0xc CMakeFiles/rgb_led.axf.dir/rgb_led.cpp.obj
                0x000000002000026c                current_color
 .data.current_intensity
                0x0000000020000278        0x4 CMakeFiles/rgb_led.axf.dir/rgb_led.cpp.obj
                0x0000000020000278                current_intensity
 .data.g_fIntensity
                0x000000002000027c        0x4 CMakeFiles/rgb_led.axf.dir/home/ubuntu/tivaware/examples/boards/ek-tm4c123gxl/drivers/rgb.c.obj
 .data.g_sCDCDevice
                0x0000000020000280       0x60 CMakeFiles/rgb_led.axf.dir/home/ubuntu/catkin_bot/build/rosserial_tivac_tutorials/ros_lib/usb_serial_structs.c.obj
                0x0000000020000280                g_sCDCDevice
 .data.g_sRxBuffer
                0x00000000200002e0       0x38 CMakeFiles/rgb_led.axf.dir/home/ubuntu/catkin_bot/build/rosserial_tivac_tutorials/ros_lib/usb_serial_structs.c.obj
                0x00000000200002e0                g_sRxBuffer
 .data.g_sTxBuffer
                0x0000000020000318       0x38 CMakeFiles/rgb_led.axf.dir/home/ubuntu/catkin_bot/build/rosserial_tivac_tutorials/ros_lib/usb_serial_structs.c.obj
                0x0000000020000318                g_sTxBuffer
 .data.g_psCDCCompSerSections
                0x0000000020000350       0x10 /home/ubuntu/tivaware/usblib/gcc/libusb.a(usbdcdc.o)
                0x0000000020000350                g_psCDCCompSerSections
 .data.g_psCDCCompSerSectionsHS
                0x0000000020000360       0x10 /home/ubuntu/tivaware/usblib/gcc/libusb.a(usbdcdc.o)
                0x0000000020000360                g_psCDCCompSerSectionsHS
 .data.g_psCDCSerSections
                0x0000000020000370        0xc /home/ubuntu/tivaware/usblib/gcc/libusb.a(usbdcdc.o)
                0x0000000020000370                g_psCDCSerSections
 .data.g_psCDCSerSectionsHS
                0x000000002000037c        0xc /home/ubuntu/tivaware/usblib/gcc/libusb.a(usbdcdc.o)
                0x000000002000037c                g_psCDCSerSectionsHS
 .data.g_pui8CDCSerDescriptor
                0x0000000020000388        0x9 /home/ubuntu/tivaware/usblib/gcc/libusb.a(usbdcdc.o)
                0x0000000020000388                g_pui8CDCSerDescriptor
 .data.g_pui8CDCSerDeviceDescriptor
                0x0000000020000391       0x12 /home/ubuntu/tivaware/usblib/gcc/libusb.a(usbdcdc.o)
                0x0000000020000391                g_pui8CDCSerDeviceDescriptor
 .data.g_pui8IADSerDescriptor
                0x00000000200003a3        0x8 /home/ubuntu/tivaware/usblib/gcc/libusb.a(usbdcdc.o)
                0x00000000200003a3                g_pui8IADSerDescriptor
 *fill*         0x00000000200003ab        0x1 
 .data.g_ui16MaxPacketSize
                0x00000000200003ac        0x2 /home/ubuntu/tivaware/usblib/gcc/libusb.a(usbdcdc.o)
 *fill*         0x00000000200003ae        0x2 
 .data.g_ui32PLLDiv
                0x00000000200003b0        0x4 /home/ubuntu/tivaware/usblib/gcc/libusb.a(usbdenum.o)
 .data.g_iUSBMode
                0x00000000200003b4        0x1 /home/ubuntu/tivaware/usblib/gcc/libusb.a(usbmode.o)
                0x00000000200003b4                g_iUSBMode
 *fill*         0x00000000200003b5        0x3 
 .data._impure_ptr
                0x00000000200003b8        0x4 /usr/bin/../lib/gcc/arm-none-eabi/7.3.1/../../../../arm-none-eabi/lib/thumb/v7e-m/fpv4-sp/hard/libc.a(lib_a-impure.o)
                0x00000000200003b8                _impure_ptr
 *fill*         0x00000000200003bc        0x4 
 .data.impure_data
                0x00000000200003c0      0x428 /usr/bin/../lib/gcc/arm-none-eabi/7.3.1/../../../../arm-none-eabi/lib/thumb/v7e-m/fpv4-sp/hard/libc.a(lib_a-impure.o)
 .data.__malloc_av_
                0x00000000200007e8      0x408 /usr/bin/../lib/gcc/arm-none-eabi/7.3.1/../../../../arm-none-eabi/lib/thumb/v7e-m/fpv4-sp/hard/libc.a(lib_a-mallocr.o)
                0x00000000200007e8                __malloc_av_
 .data.__malloc_sbrk_base
                0x0000000020000bf0        0x4 /usr/bin/../lib/gcc/arm-none-eabi/7.3.1/../../../../arm-none-eabi/lib/thumb/v7e-m/fpv4-sp/hard/libc.a(lib_a-mallocr.o)
                0x0000000020000bf0                __malloc_sbrk_base
 .data.__malloc_trim_threshold
                0x0000000020000bf4        0x4 /usr/bin/../lib/gcc/arm-none-eabi/7.3.1/../../../../arm-none-eabi/lib/thumb/v7e-m/fpv4-sp/hard/libc.a(lib_a-mallocr.o)
                0x0000000020000bf4                __malloc_trim_threshold
                0x0000000020000bf8                _edata = .

.igot.plt       0x0000000020000bf8        0x0 load address 0x0000000000005c50
 .igot.plt      0x0000000020000bf8        0x0 CMakeFiles/rgb_led.axf.dir/rgb_led.cpp.obj

.bss            0x0000000020000bf8      0x9b8 load address 0x0000000000005c50
                0x0000000020000bf8                . = ALIGN (0x4)
                0x0000000020000bf8                _bss = .
                0x0000000020000bf8                __bss_start__ = _bss
 *(.bss*)
 .bss.nh        0x0000000020000bf8      0x530 CMakeFiles/rgb_led.axf.dir/rgb_led.cpp.obj
                0x0000000020000bf8                nh
 .bss.rgb_sub   0x0000000020001128       0x28 CMakeFiles/rgb_led.axf.dir/rgb_led.cpp.obj
                0x0000000020001128                rgb_sub
 .bss.g_ui32Colors
                0x0000000020001150        0xc CMakeFiles/rgb_led.axf.dir/home/ubuntu/tivaware/examples/boards/ek-tm4c123gxl/drivers/rgb.c.obj
 .bss.g_ui32milliseconds
                0x000000002000115c        0x4 CMakeFiles/rgb_led.axf.dir/home/ubuntu/catkin_bot/build/rosserial_tivac_tutorials/ros_lib/tivac_hardware.cpp.obj
                0x000000002000115c                g_ui32milliseconds
 .bss.g_bUSBConfigured
                0x0000000020001160        0x1 CMakeFiles/rgb_led.axf.dir/home/ubuntu/catkin_bot/build/rosserial_tivac_tutorials/ros_lib/usb_serial_structs.c.obj
 .bss.g_pui8DataBufferIn
                0x0000000020001161       0x40 /home/ubuntu/tivaware/usblib/gcc/libusb.a(usbdenum.o)
 *fill*         0x00000000200011a1        0x3 
 .bss.g_ui32ULPISupport
                0x00000000200011a4        0x4 /home/ubuntu/tivaware/usblib/gcc/libusb.a(usbdenum.o)
 .bss.ui32SOFDivide.6555
                0x00000000200011a8        0x4 /home/ubuntu/tivaware/usblib/gcc/libusb.a(usbdenum.o)
 .bss.g_psUSBDMAInst
                0x00000000200011ac      0x110 /home/ubuntu/tivaware/usblib/gcc/libusb.a(usbdma.o)
 .bss.g_pfnUSBModeCallback
                0x00000000200012bc        0x4 /home/ubuntu/tivaware/usblib/gcc/libusb.a(usbmode.o)
 .bss.g_bUSBTimerInitialized
                0x00000000200012c0        0x1 /home/ubuntu/tivaware/usblib/gcc/libusb.a(usbtick.o)
                0x00000000200012c0                g_bUSBTimerInitialized
 *fill*         0x00000000200012c1        0x3 
 .bss.g_ui32CurrentUSBTick
                0x00000000200012c4        0x4 /home/ubuntu/tivaware/usblib/gcc/libusb.a(usbtick.o)
                0x00000000200012c4                g_ui32CurrentUSBTick
 .bss.g_ui32USBSOFCount
                0x00000000200012c8        0x4 /home/ubuntu/tivaware/usblib/gcc/libusb.a(usbtick.o)
                0x00000000200012c8                g_ui32USBSOFCount
 .bss.__malloc_current_mallinfo
                0x00000000200012cc       0x28 /usr/bin/../lib/gcc/arm-none-eabi/7.3.1/../../../../arm-none-eabi/lib/thumb/v7e-m/fpv4-sp/hard/libc.a(lib_a-mallocr.o)
                0x00000000200012cc                __malloc_current_mallinfo
 .bss.__malloc_max_sbrked_mem
                0x00000000200012f4        0x4 /usr/bin/../lib/gcc/arm-none-eabi/7.3.1/../../../../arm-none-eabi/lib/thumb/v7e-m/fpv4-sp/hard/libc.a(lib_a-mallocr.o)
                0x00000000200012f4                __malloc_max_sbrked_mem
 .bss.__malloc_max_total_mem
                0x00000000200012f8        0x4 /usr/bin/../lib/gcc/arm-none-eabi/7.3.1/../../../../arm-none-eabi/lib/thumb/v7e-m/fpv4-sp/hard/libc.a(lib_a-mallocr.o)
                0x00000000200012f8                __malloc_max_total_mem
 .bss.__malloc_top_pad
                0x00000000200012fc        0x4 /usr/bin/../lib/gcc/arm-none-eabi/7.3.1/../../../../arm-none-eabi/lib/thumb/v7e-m/fpv4-sp/hard/libc.a(lib_a-mallocr.o)
                0x00000000200012fc                __malloc_top_pad
 .bss.heap_end.5377
                0x0000000020001300        0x4 /usr/bin/../lib/gcc/arm-none-eabi/7.3.1/../../../../arm-none-eabi/lib/thumb/v7e-m/fpv4-sp/hard/libnosys.a(sbrk.o)
 *(COMMON)
 COMMON         0x0000000020001304      0x200 CMakeFiles/rgb_led.axf.dir/home/ubuntu/catkin_bot/build/rosserial_tivac_tutorials/ros_lib/usb_serial_structs.c.obj
                0x0000000020001304                g_pui8USBRxBuffer
                0x0000000020001404                g_pui8USBTxBuffer
 COMMON         0x0000000020001504       0x54 /home/ubuntu/tivaware/usblib/gcc/libusb.a(usbdenum.o)
                0x0000000020001504                g_psDCDInst
                0x0000000020001554                g_ppsDevInfo
 COMMON         0x0000000020001558       0x30 /home/ubuntu/tivaware/usblib/gcc/libusb.a(usbtick.o)
                0x0000000020001558                g_pvTickInstance
                0x0000000020001570                g_pfnTickHandlers
 COMMON         0x0000000020001588       0x21 /usr/bin/../lib/gcc/arm-none-eabi/7.3.1/../../../../arm-none-eabi/lib/thumb/v7e-m/fpv4-sp/hard/libc.a(lib_a-lock.o)
                0x0000000020001588                __lock___atexit_recursive_mutex
                0x000000002000158c                __lock___arc4random_mutex
                0x0000000020001590                __lock___env_recursive_mutex
                0x0000000020001594                __lock___sinit_recursive_mutex
                0x0000000020001598                __lock___malloc_recursive_mutex
                0x000000002000159c                __lock___at_quick_exit_mutex
                0x00000000200015a0                __lock___dd_hash_mutex
                0x00000000200015a4                __lock___tz_mutex
                0x00000000200015a8                __lock___sfp_recursive_mutex
 *fill*         0x00000000200015a9        0x3 
 COMMON         0x00000000200015ac        0x4 /usr/bin/../lib/gcc/arm-none-eabi/7.3.1/../../../../arm-none-eabi/lib/thumb/v7e-m/fpv4-sp/hard/libc.a(lib_a-reent.o)
                0x00000000200015ac                errno
                0x00000000200015b0                . = ALIGN (0x4)
                0x00000000200015b0                _ebss = .
                0x00000000200015b0                __bss_end__ = _ebss
                0x00000000200015b0                . = ALIGN (0x8)
                [!provide]                        PROVIDE (__exidx_start = .)

.ARM.exidx
 *(.ARM.exidx* .gnu.linkonce.armexidx.*)
                [!provide]                        PROVIDE (__exidx_end = .)
                0x00000000200015b0                . = ALIGN (0x4)
                0x00000000200015b0                _end = .
                0x00000000200015b0                PROVIDE (end = _end)
                0x0000000020008000                PROVIDE (_estack = (ORIGIN (SRAM) + LENGTH (SRAM)))
OUTPUT(/home/ubuntu/catkin_bot/devel/share/rosserial_tivac_tutorials/rgb_led.axf elf32-littlearm)

.comment        0x0000000000000000       0x7f
 .comment       0x0000000000000000       0x7f CMakeFiles/rgb_led.axf.dir/rgb_led.cpp.obj
                                         0x80 (size before relaxing)
 .comment       0x000000000000007f       0x80 CMakeFiles/rgb_led.axf.dir/home/ubuntu/tivaware/examples/boards/ek-tm4c123gxl/drivers/rgb.c.obj
 .comment       0x000000000000007f       0x80 CMakeFiles/rgb_led.axf.dir/home/ubuntu/catkin_bot/build/rosserial_tivac_tutorials/ros_lib/startup_gcc.c.obj
 .comment       0x000000000000007f       0x80 CMakeFiles/rgb_led.axf.dir/home/ubuntu/catkin_bot/build/rosserial_tivac_tutorials/ros_lib/time.cpp.obj
 .comment       0x000000000000007f       0x80 CMakeFiles/rgb_led.axf.dir/home/ubuntu/catkin_bot/build/rosserial_tivac_tutorials/ros_lib/tivac_hardware.cpp.obj
 .comment       0x000000000000007f       0x80 CMakeFiles/rgb_led.axf.dir/home/ubuntu/catkin_bot/build/rosserial_tivac_tutorials/ros_lib/usb_serial_structs.c.obj
 .comment       0x000000000000007f       0x80 /home/ubuntu/tivaware/usblib/gcc/libusb.a(usbbuffer.o)
 .comment       0x000000000000007f       0x80 /home/ubuntu/tivaware/usblib/gcc/libusb.a(usbdcdc.o)
 .comment       0x000000000000007f       0x80 /home/ubuntu/tivaware/usblib/gcc/libusb.a(usbdenum.o)
 .comment       0x000000000000007f       0x80 /home/ubuntu/tivaware/usblib/gcc/libusb.a(usbdhandler.o)
 .comment       0x000000000000007f       0x80 /home/ubuntu/tivaware/usblib/gcc/libusb.a(usbdma.o)
 .comment       0x000000000000007f       0x80 /home/ubuntu/tivaware/usblib/gcc/libusb.a(usbmode.o)
 .comment       0x000000000000007f       0x80 /home/ubuntu/tivaware/usblib/gcc/libusb.a(usbringbuf.o)
 .comment       0x000000000000007f       0x80 /home/ubuntu/tivaware/usblib/gcc/libusb.a(usbtick.o)
 .comment       0x000000000000007f       0x80 /home/ubuntu/tivaware/usblib/gcc/libusb.a(usbulpi.o)
 .comment       0x000000000000007f       0x80 /home/ubuntu/tivaware/usblib/gcc/libusb.a(usbdcdesc.o)
 .comment       0x000000000000007f       0x80 /home/ubuntu/tivaware/usblib/gcc/libusb.a(usbdconfig.o)
 .comment       0x000000000000007f       0x80 /home/ubuntu/tivaware/usblib/gcc/libusb.a(usbdesc.o)
 .comment       0x000000000000007f       0x80 /home/ubuntu/tivaware/driverlib/gcc/libdriver.a(interrupt.o)
 .comment       0x000000000000007f       0x80 /home/ubuntu/tivaware/driverlib/gcc/libdriver.a(sysctl.o)
 .comment       0x000000000000007f       0x80 /home/ubuntu/tivaware/driverlib/gcc/libdriver.a(systick.o)
 .comment       0x000000000000007f       0x80 /home/ubuntu/tivaware/driverlib/gcc/libdriver.a(udma.o)
 .comment       0x000000000000007f       0x80 /home/ubuntu/tivaware/driverlib/gcc/libdriver.a(usb.o)
 .comment       0x000000000000007f       0x80 /home/ubuntu/tivaware/driverlib/gcc/libdriver.a(cpu.o)

.ARM.attributes
                0x0000000000000000       0x37
 .ARM.attributes
                0x0000000000000000       0x39 CMakeFiles/rgb_led.axf.dir/rgb_led.cpp.obj
 .ARM.attributes
                0x0000000000000039       0x39 CMakeFiles/rgb_led.axf.dir/home/ubuntu/tivaware/examples/boards/ek-tm4c123gxl/drivers/rgb.c.obj
 .ARM.attributes
                0x0000000000000072       0x39 CMakeFiles/rgb_led.axf.dir/home/ubuntu/catkin_bot/build/rosserial_tivac_tutorials/ros_lib/startup_gcc.c.obj
 .ARM.attributes
                0x00000000000000ab       0x39 CMakeFiles/rgb_led.axf.dir/home/ubuntu/catkin_bot/build/rosserial_tivac_tutorials/ros_lib/time.cpp.obj
 .ARM.attributes
                0x00000000000000e4       0x39 CMakeFiles/rgb_led.axf.dir/home/ubuntu/catkin_bot/build/rosserial_tivac_tutorials/ros_lib/tivac_hardware.cpp.obj
 .ARM.attributes
                0x000000000000011d       0x39 CMakeFiles/rgb_led.axf.dir/home/ubuntu/catkin_bot/build/rosserial_tivac_tutorials/ros_lib/usb_serial_structs.c.obj
 .ARM.attributes
                0x0000000000000156       0x39 /home/ubuntu/tivaware/usblib/gcc/libusb.a(usbbuffer.o)
 .ARM.attributes
                0x000000000000018f       0x39 /home/ubuntu/tivaware/usblib/gcc/libusb.a(usbdcdc.o)
 .ARM.attributes
                0x00000000000001c8       0x39 /home/ubuntu/tivaware/usblib/gcc/libusb.a(usbdenum.o)
 .ARM.attributes
                0x0000000000000201       0x39 /home/ubuntu/tivaware/usblib/gcc/libusb.a(usbdhandler.o)
 .ARM.attributes
                0x000000000000023a       0x39 /home/ubuntu/tivaware/usblib/gcc/libusb.a(usbdma.o)
 .ARM.attributes
                0x0000000000000273       0x39 /home/ubuntu/tivaware/usblib/gcc/libusb.a(usbmode.o)
 .ARM.attributes
                0x00000000000002ac       0x39 /home/ubuntu/tivaware/usblib/gcc/libusb.a(usbringbuf.o)
 .ARM.attributes
                0x00000000000002e5       0x39 /home/ubuntu/tivaware/usblib/gcc/libusb.a(usbtick.o)
 .ARM.attributes
                0x000000000000031e       0x39 /home/ubuntu/tivaware/usblib/gcc/libusb.a(usbulpi.o)
 .ARM.attributes
                0x0000000000000357       0x39 /home/ubuntu/tivaware/usblib/gcc/libusb.a(usbdcdesc.o)
 .ARM.attributes
                0x0000000000000390       0x39 /home/ubuntu/tivaware/usblib/gcc/libusb.a(usbdconfig.o)
 .ARM.attributes
                0x00000000000003c9       0x39 /home/ubuntu/tivaware/usblib/gcc/libusb.a(usbdesc.o)
 .ARM.attributes
                0x0000000000000402       0x39 /home/ubuntu/tivaware/driverlib/gcc/libdriver.a(interrupt.o)
 .ARM.attributes
                0x000000000000043b       0x39 /home/ubuntu/tivaware/driverlib/gcc/libdriver.a(sysctl.o)
 .ARM.attributes
                0x0000000000000474       0x39 /home/ubuntu/tivaware/driverlib/gcc/libdriver.a(systick.o)
 .ARM.attributes
                0x00000000000004ad       0x39 /home/ubuntu/tivaware/driverlib/gcc/libdriver.a(udma.o)
 .ARM.attributes
                0x00000000000004e6       0x39 /home/ubuntu/tivaware/driverlib/gcc/libdriver.a(usb.o)
 .ARM.attributes
                0x000000000000051f       0x39 /home/ubuntu/tivaware/driverlib/gcc/libdriver.a(cpu.o)
 .ARM.attributes
                0x0000000000000558       0x20 /usr/bin/../lib/gcc/arm-none-eabi/7.3.1/../../../../arm-none-eabi/lib/thumb/v7e-m/fpv4-sp/hard/libc.a(lib_a-memcpy.o)
 .ARM.attributes
                0x0000000000000578       0x34 /usr/bin/../lib/gcc/arm-none-eabi/7.3.1/../../../../arm-none-eabi/lib/thumb/v7e-m/fpv4-sp/hard/libc.a(lib_a-realloc.o)
 .ARM.attributes
                0x00000000000005ac       0x34 /usr/bin/../lib/gcc/arm-none-eabi/7.3.1/../../../../arm-none-eabi/lib/thumb/v7e-m/fpv4-sp/hard/libc.a(lib_a-reallocr.o)
 .ARM.attributes
                0x00000000000005e0       0x20 /usr/bin/../lib/gcc/arm-none-eabi/7.3.1/../../../../arm-none-eabi/lib/thumb/v7e-m/fpv4-sp/hard/libc.a(lib_a-strlen.o)
 .ARM.attributes
                0x0000000000000600       0x34 /usr/bin/../lib/gcc/arm-none-eabi/7.3.1/../../../../arm-none-eabi/lib/thumb/v7e-m/fpv4-sp/hard/libc.a(lib_a-freer.o)
 .ARM.attributes
                0x0000000000000634       0x34 /usr/bin/../lib/gcc/arm-none-eabi/7.3.1/../../../../arm-none-eabi/lib/thumb/v7e-m/fpv4-sp/hard/libc.a(lib_a-impure.o)
 .ARM.attributes
                0x0000000000000668       0x34 /usr/bin/../lib/gcc/arm-none-eabi/7.3.1/../../../../arm-none-eabi/lib/thumb/v7e-m/fpv4-sp/hard/libc.a(lib_a-mallocr.o)
 .ARM.attributes
                0x000000000000069c       0x34 /usr/bin/../lib/gcc/arm-none-eabi/7.3.1/../../../../arm-none-eabi/lib/thumb/v7e-m/fpv4-sp/hard/libc.a(lib_a-memmove.o)
 .ARM.attributes
                0x00000000000006d0       0x34 /usr/bin/../lib/gcc/arm-none-eabi/7.3.1/../../../../arm-none-eabi/lib/thumb/v7e-m/fpv4-sp/hard/libc.a(lib_a-mlock.o)
 .ARM.attributes
                0x0000000000000704       0x34 /usr/bin/../lib/gcc/arm-none-eabi/7.3.1/../../../../arm-none-eabi/lib/thumb/v7e-m/fpv4-sp/hard/libc.a(lib_a-sbrkr.o)
 .ARM.attributes
                0x0000000000000738       0x34 /usr/bin/../lib/gcc/arm-none-eabi/7.3.1/../../../../arm-none-eabi/lib/thumb/v7e-m/fpv4-sp/hard/libc.a(lib_a-lock.o)
 .ARM.attributes
                0x000000000000076c       0x34 /usr/bin/../lib/gcc/arm-none-eabi/7.3.1/../../../../arm-none-eabi/lib/thumb/v7e-m/fpv4-sp/hard/libc.a(lib_a-reent.o)
 .ARM.attributes
                0x00000000000007a0       0x34 /usr/bin/../lib/gcc/arm-none-eabi/7.3.1/../../../../arm-none-eabi/lib/thumb/v7e-m/fpv4-sp/hard/libnosys.a(sbrk.o)

.debug_frame    0x0000000000000000      0x320
 .debug_frame   0x0000000000000000       0x20 /usr/bin/../lib/gcc/arm-none-eabi/7.3.1/../../../../arm-none-eabi/lib/thumb/v7e-m/fpv4-sp/hard/libc.a(lib_a-realloc.o)
 .debug_frame   0x0000000000000020       0x58 /usr/bin/../lib/gcc/arm-none-eabi/7.3.1/../../../../arm-none-eabi/lib/thumb/v7e-m/fpv4-sp/hard/libc.a(lib_a-reallocr.o)
 .debug_frame   0x0000000000000078       0x80 /usr/bin/../lib/gcc/arm-none-eabi/7.3.1/../../../../arm-none-eabi/lib/thumb/v7e-m/fpv4-sp/hard/libc.a(lib_a-freer.o)
 .debug_frame   0x00000000000000f8       0x54 /usr/bin/../lib/gcc/arm-none-eabi/7.3.1/../../../../arm-none-eabi/lib/thumb/v7e-m/fpv4-sp/hard/libc.a(lib_a-mallocr.o)
 .debug_frame   0x000000000000014c       0x40 /usr/bin/../lib/gcc/arm-none-eabi/7.3.1/../../../../arm-none-eabi/lib/thumb/v7e-m/fpv4-sp/hard/libc.a(lib_a-memmove.o)
 .debug_frame   0x000000000000018c       0x30 /usr/bin/../lib/gcc/arm-none-eabi/7.3.1/../../../../arm-none-eabi/lib/thumb/v7e-m/fpv4-sp/hard/libc.a(lib_a-mlock.o)
 .debug_frame   0x00000000000001bc       0x2c /usr/bin/../lib/gcc/arm-none-eabi/7.3.1/../../../../arm-none-eabi/lib/thumb/v7e-m/fpv4-sp/hard/libc.a(lib_a-sbrkr.o)
 .debug_frame   0x00000000000001e8       0xb0 /usr/bin/../lib/gcc/arm-none-eabi/7.3.1/../../../../arm-none-eabi/lib/thumb/v7e-m/fpv4-sp/hard/libc.a(lib_a-lock.o)
 .debug_frame   0x0000000000000298       0x68 /usr/bin/../lib/gcc/arm-none-eabi/7.3.1/../../../../arm-none-eabi/lib/thumb/v7e-m/fpv4-sp/hard/libc.a(lib_a-reent.o)
 .debug_frame   0x0000000000000300       0x20 /usr/bin/../lib/gcc/arm-none-eabi/7.3.1/../../../../arm-none-eabi/lib/thumb/v7e-m/fpv4-sp/hard/libnosys.a(sbrk.o)
